#
# There is insufficient memory for the Java Runtime Environment to continue.
# Native memory allocation (malloc) failed to allocate 1839392 bytes. Error detail: Chunk::new
# Possible reasons:
#   The system is out of physical RAM or swap space
#   This process is running with CompressedOops enabled, and the Java Heap may be blocking the growth of the native heap
# Possible solutions:
#   Reduce memory load on the system
#   Increase physical memory or swap space
#   Check if swap backing store is full
#   Decrease Java heap size (-Xmx/-Xms)
#   Decrease number of Java threads
#   Decrease Java thread stack sizes (-Xss)
#   Set larger code cache with -XX:ReservedCodeCacheSize=
#   JVM is running with Unscaled Compressed Oops mode in which the Java heap is
#     placed in the first 4GB address space. The Java Heap base address is the
#     maximum limit for the native heap growth. Please use -XX:HeapBaseMinAddress
#     to set the Java Heap base and to place the Java Heap above 4GB virtual address.
# This output file may be truncated or incomplete.
#
#  Out of Memory Error (arena.cpp:191), pid=18960, tid=7136
#
# JRE version: OpenJDK Runtime Environment Temurin-17.0.20.1+1 (17.0.20.1+1) (build 17.0.20.1+1)
# Java VM: OpenJDK 64-Bit Server VM Temurin-17.0.20.1+1 (17.0.20.1+1, mixed mode, sharing, tiered, compressed oops, compressed class ptrs, g1 gc, windows-amd64)
# No core dump will be written. Minidumps are not enabled by default on client versions of Windows
#

---------------  S U M M A R Y ------------

Command Line: --add-opens=java.base/java.lang=ALL-UNNAMED --add-opens=java.base/java.lang.invoke=ALL-UNNAMED --add-opens=java.base/java.util=ALL-UNNAMED --add-opens=java.prefs/java.util.prefs=ALL-UNNAMED --add-exports=jdk.compiler/com.sun.tools.javac.api=ALL-UNNAMED --add-exports=jdk.compiler/com.sun.tools.javac.util=ALL-UNNAMED --add-opens=java.base/java.util=ALL-UNNAMED --add-opens=java.prefs/java.util.prefs=ALL-UNNAMED --add-opens=java.base/java.nio.charset=ALL-UNNAMED --add-opens=java.base/java.net=ALL-UNNAMED --add-opens=java.base/java.util.concurrent.atomic=ALL-UNNAMED --add-opens=java.xml/javax.xml.namespace=ALL-UNNAMED -XX:MaxMetaspaceSize=384m -Xmx1280m -Dfile.encoding=windows-1253 -Duser.country=GR -Duser.language=el -Duser.variant -javaagent:C:\Users\eveli\.gradle\wrapper\dists\gradle-8.14.3-bin\cv11ve7ro1n3o1j4so8xd9n66\gradle-8.14.3\lib\agents\gradle-instrumentation-agent-8.14.3.jar org.gradle.launcher.daemon.bootstrap.GradleDaemon 8.14.3

Host: 11th Gen Intel(R) Core(TM) i3-1115G4 @ 3.00GHz, 4 cores, 3G,  Windows 10 , 64 bit Build 19041 (10.0.19041.5915)
Time: Sun Oct  4 18:34:56 2026  Windows 10 , 64 bit Build 19041 (10.0.19041.5915) elapsed time: 59.064257 seconds (0d 0h 0m 59s)

---------------  T H R E A D  ---------------

Current thread (0x000001e5bb16e4a0):  JavaThread "C2 CompilerThread0" daemon [_thread_in_native, id=7136, stack(0x000000c478100000,0x000000c478200000)]


Current CompileTask:
C2:59064 12144       4       org.gradle.api.internal.provider.DefaultValueSourceProviderFactory$ValueSourceProvider::calculateOwnValue (11 bytes)

Stack: [0x000000c478100000,0x000000c478200000]
Native frames: (J=compiled Java code, j=interpreted, Vv=VM code, C=native code)
V  [jvm.dll+0x684d39]
V  [jvm.dll+0x83a565]
V  [jvm.dll+0x83bfde]
V  [jvm.dll+0x83c663]
V  [jvm.dll+0x2490cf]
V  [jvm.dll+0xad536]
V  [jvm.dll+0xadbdc]
V  [jvm.dll+0x368dbe]
V  [jvm.dll+0x333215]
V  [jvm.dll+0x33267a]
V  [jvm.dll+0x219ed9]
V  [jvm.dll+0x21931f]
V  [jvm.dll+0x1a49e0]
V  [jvm.dll+0x229a6a]
V  [jvm.dll+0x227c1b]
V  [jvm.dll+0x7f0d18]
V  [jvm.dll+0x7eb17c]
V  [jvm.dll+0x683c07]
C  [ucrtbase.dll+0x21bb2]
C  [KERNEL32.DLL+0x17374]
C  [ntdll.dll+0x4cc91]


---------------  P R O C E S S  ---------------

Threads class SMR info:
_java_thread_list=0x000001e5d8ef1630, length=76, elements={
0x000001e59f1e5c40, 0x000001e5bb153810, 0x000001e5bb1542e0, 0x000001e5bb1695e0,
0x000001e5bb16c2d0, 0x000001e5bb16fda0, 0x000001e5bb170670, 0x000001e5bb16e4a0,
0x000001e5bb177800, 0x000001e5bb18d090, 0x000001e5bb3814b0, 0x000001e5bb45ea60,
0x000001e5bbf33720, 0x000001e5d5b87800, 0x000001e5d5c68f10, 0x000001e5d5c6ed30,
0x000001e5bb1fa990, 0x000001e5bb65e650, 0x000001e5bb65f580, 0x000001e5bb6604b0,
0x000001e5bb65ffa0, 0x000001e5bb65d210, 0x000001e5bb65d720, 0x000001e5bb65dc30,
0x000001e5bb6609c0, 0x000001e5bb65f070, 0x000001e5bb65e140, 0x000001e5bb65eb60,
0x000001e5d78d0520, 0x000001e5d78cd790, 0x000001e5d78d2da0, 0x000001e5d78d0f40,
0x000001e5d78d32b0, 0x000001e5d78cdca0, 0x000001e5d78ce1b0, 0x000001e5d78d2380,
0x000001e5d78d1e70, 0x000001e5d78d1450, 0x000001e5d78d1960, 0x000001e5d78d3cd0,
0x000001e5d78cebd0, 0x000001e5d78cd280, 0x000001e5d78cf0e0, 0x000001e5d78cf5f0,
0x000001e5d78cfb00, 0x000001e5d78ccd70, 0x000001e5d93a8900, 0x000001e5d93a6fb0,
0x000001e5d93a8e10, 0x000001e5d93a74c0, 0x000001e5d93a9830, 0x000001e5d93a9320,
0x000001e5d93a6080, 0x000001e5d93a6590, 0x000001e5d93a6aa0, 0x000001e5d93a7ee0,
0x000001e5d93a79d0, 0x000001e5d93a83f0, 0x000001e5d6d53230, 0x000001e5d6d504a0,
0x000001e5d6d518e0, 0x000001e5d6d52d20, 0x000001e5d6d4fa80, 0x000001e5d6d53c50,
0x000001e5d6d509b0, 0x000001e5d6d51df0, 0x000001e5d6d4ff90, 0x000001e5d6d50ec0,
0x000001e5d6d53740, 0x000001e5d6d513d0, 0x000001e5d6d54160, 0x000001e5d6d52300,
0x000001e5d6d52810, 0x000001e5d6d54670, 0x000001e5d6d569e0, 0x000001e5d6d56ef0
}

Java Threads: ( => current thread )
  0x000001e59f1e5c40 JavaThread "main" [_thread_blocked, id=7256, stack(0x000000c477400000,0x000000c477500000)]
  0x000001e5bb153810 JavaThread "Reference Handler" daemon [_thread_blocked, id=14560, stack(0x000000c477b00000,0x000000c477c00000)]
  0x000001e5bb1542e0 JavaThread "Finalizer" daemon [_thread_blocked, id=10360, stack(0x000000c477c00000,0x000000c477d00000)]
  0x000001e5bb1695e0 JavaThread "Signal Dispatcher" daemon [_thread_blocked, id=2520, stack(0x000000c477d00000,0x000000c477e00000)]
  0x000001e5bb16c2d0 JavaThread "Attach Listener" daemon [_thread_blocked, id=17080, stack(0x000000c477e00000,0x000000c477f00000)]
  0x000001e5bb16fda0 JavaThread "Service Thread" daemon [_thread_blocked, id=20064, stack(0x000000c477f00000,0x000000c478000000)]
  0x000001e5bb170670 JavaThread "Monitor Deflation Thread" daemon [_thread_blocked, id=624, stack(0x000000c478000000,0x000000c478100000)]
=>0x000001e5bb16e4a0 JavaThread "C2 CompilerThread0" daemon [_thread_in_native, id=7136, stack(0x000000c478100000,0x000000c478200000)]
  0x000001e5bb177800 JavaThread "C1 CompilerThread0" daemon [_thread_blocked, id=18028, stack(0x000000c478200000,0x000000c478300000)]
  0x000001e5bb18d090 JavaThread "Sweeper thread" daemon [_thread_blocked, id=5028, stack(0x000000c478300000,0x000000c478400000)]
  0x000001e5bb3814b0 JavaThread "Common-Cleaner" daemon [_thread_blocked, id=16424, stack(0x000000c478400000,0x000000c478500000)]
  0x000001e5bb45ea60 JavaThread "Notification Thread" daemon [_thread_blocked, id=13552, stack(0x000000c478500000,0x000000c478600000)]
  0x000001e5bbf33720 JavaThread "Daemon health stats" [_thread_blocked, id=17556, stack(0x000000c478a00000,0x000000c478b00000)]
  0x000001e5d5b87800 JavaThread "Incoming local TCP Connector on port 62914" [_thread_in_native, id=16576, stack(0x000000c478b00000,0x000000c478c00000)]
  0x000001e5d5c68f10 JavaThread "Daemon periodic checks" [_thread_blocked, id=1760, stack(0x000000c478c00000,0x000000c478d00000)]
  0x000001e5d5c6ed30 JavaThread "Daemon" [_thread_blocked, id=20264, stack(0x000000c478d00000,0x000000c478e00000)]
  0x000001e5bb1fa990 JavaThread "Handler for socket connection from /127.0.0.1:62914 to /127.0.0.1:62915" [_thread_in_native, id=7788, stack(0x000000c478e00000,0x000000c478f00000)]
  0x000001e5bb65e650 JavaThread "Cancel handler" [_thread_blocked, id=688, stack(0x000000c478f00000,0x000000c479000000)]
  0x000001e5bb65f580 JavaThread "Daemon worker" [_thread_in_vm, id=8996, stack(0x000000c479000000,0x000000c479100000)]
  0x000001e5bb6604b0 JavaThread "Asynchronous log dispatcher for DefaultDaemonConnection: socket connection from /127.0.0.1:62914 to /127.0.0.1:62915" [_thread_blocked, id=18656, stack(0x000000c479100000,0x000000c479200000)]
  0x000001e5bb65ffa0 JavaThread "Stdin handler" [_thread_blocked, id=15816, stack(0x000000c479200000,0x000000c479300000)]
  0x000001e5bb65d210 JavaThread "Daemon client event forwarder" [_thread_blocked, id=4772, stack(0x000000c479300000,0x000000c479400000)]
  0x000001e5bb65d720 JavaThread "Cache worker for journal cache (C:\Users\eveli\.gradle\caches\journal-1)" [_thread_blocked, id=16812, stack(0x000000c479400000,0x000000c479500000)]
  0x000001e5bb65dc30 JavaThread "File lock request listener" [_thread_in_native, id=14416, stack(0x000000c479500000,0x000000c479600000)]
  0x000001e5bb6609c0 JavaThread "Cache worker for file hash cache (C:\Users\eveli\.gradle\caches\8.14.3\fileHashes)" [_thread_blocked, id=20076, stack(0x000000c479600000,0x000000c479700000)]
  0x000001e5bb65f070 JavaThread "Cache worker for file hash cache (C:\dev\maxima\android\.gradle\8.14.3\fileHashes)" [_thread_blocked, id=17140, stack(0x000000c479700000,0x000000c479800000)]
  0x000001e5bb65e140 JavaThread "Cache worker for Build Output Cleanup Cache (C:\dev\maxima\android\.gradle\buildOutputCleanup)" [_thread_blocked, id=9012, stack(0x000000c479800000,0x000000c479900000)]
  0x000001e5bb65eb60 JavaThread "File watcher server" daemon [_thread_in_native, id=12276, stack(0x000000c479900000,0x000000c479a00000)]
  0x000001e5d78d0520 JavaThread "File watcher consumer" daemon [_thread_blocked, id=3608, stack(0x000000c479a00000,0x000000c479b00000)]
  0x000001e5d78cd790 JavaThread "jar transforms" [_thread_blocked, id=7344, stack(0x000000c479b00000,0x000000c479c00000)]
  0x000001e5d78d2da0 JavaThread "Cache worker for checksums cache (C:\dev\maxima\android\.gradle\8.14.3\checksums)" [_thread_blocked, id=17108, stack(0x000000c479c00000,0x000000c479d00000)]
  0x000001e5d78d0f40 JavaThread "Cache worker for file content cache (C:\Users\eveli\.gradle\caches\8.14.3\fileContent)" [_thread_blocked, id=14516, stack(0x000000c479d00000,0x000000c479e00000)]
  0x000001e5d78d32b0 JavaThread "Cache worker for cache directory md-supplier (C:\Users\eveli\.gradle\caches\8.14.3\md-supplier)" [_thread_blocked, id=18172, stack(0x000000c479e00000,0x000000c479f00000)]
  0x000001e5d78cdca0 JavaThread "Cache worker for cache directory md-rule (C:\Users\eveli\.gradle\caches\8.14.3\md-rule)" [_thread_blocked, id=2356, stack(0x000000c479f00000,0x000000c47a000000)]
  0x000001e5d78ce1b0 JavaThread "Cache worker for Build Output Cleanup Cache (C:\dev\toolchain\flutter-sdk\flutter\packages\flutter_tools\gradle\.gradle\buildOutputCleanup)" [_thread_blocked, id=12400, stack(0x000000c47a000000,0x000000c47a100000)]
  0x000001e5d78d2380 JavaThread "Unconstrained build operations" [_thread_blocked, id=2148, stack(0x000000c47a200000,0x000000c47a300000)]
  0x000001e5d78d1e70 JavaThread "Unconstrained build operations Thread 2" [_thread_blocked, id=2508, stack(0x000000c47a300000,0x000000c47a400000)]
  0x000001e5d78d1450 JavaThread "Unconstrained build operations Thread 3" [_thread_blocked, id=18920, stack(0x000000c47a400000,0x000000c47a500000)]
  0x000001e5d78d1960 JavaThread "Unconstrained build operations Thread 4" [_thread_blocked, id=6440, stack(0x000000c47a500000,0x000000c47a600000)]
  0x000001e5d78d3cd0 JavaThread "Unconstrained build operations Thread 5" [_thread_blocked, id=20424, stack(0x000000c47a600000,0x000000c47a700000)]
  0x000001e5d78cebd0 JavaThread "Unconstrained build operations Thread 6" [_thread_blocked, id=19140, stack(0x000000c47a700000,0x000000c47a800000)]
  0x000001e5d78cd280 JavaThread "Unconstrained build operations Thread 7" [_thread_blocked, id=13468, stack(0x000000c47a800000,0x000000c47a900000)]
  0x000001e5d78cf0e0 JavaThread "Unconstrained build operations Thread 8" [_thread_blocked, id=18812, stack(0x000000c47a900000,0x000000c47aa00000)]
  0x000001e5d78cf5f0 JavaThread "Unconstrained build operations Thread 9" [_thread_blocked, id=12372, stack(0x000000c47aa00000,0x000000c47ab00000)]
  0x000001e5d78cfb00 JavaThread "Memory manager" [_thread_blocked, id=19284, stack(0x000000c47ab00000,0x000000c47ac00000)]
  0x000001e5d78ccd70 JavaThread "build event listener" [_thread_blocked, id=13924, stack(0x000000c47ac00000,0x000000c47ad00000)]
  0x000001e5d93a8900 JavaThread "included builds" [_thread_blocked, id=3312, stack(0x000000c477100000,0x000000c477200000)]
  0x000001e5d93a6fb0 JavaThread "Execution worker" [_thread_blocked, id=3164, stack(0x000000c47ad00000,0x000000c47ae00000)]
  0x000001e5d93a8e10 JavaThread "Execution worker Thread 2" [_thread_blocked, id=18148, stack(0x000000c47ae00000,0x000000c47af00000)]
  0x000001e5d93a74c0 JavaThread "Execution worker Thread 3" [_thread_blocked, id=14476, stack(0x000000c47af00000,0x000000c47b000000)]
  0x000001e5d93a9830 JavaThread "Cache worker for execution history cache (C:\dev\toolchain\flutter-sdk\flutter\packages\flutter_tools\gradle\.gradle\8.14.3\executionHistory)" [_thread_blocked, id=1904, stack(0x000000c47b000000,0x000000c47b100000)]
  0x000001e5d93a9320 JavaThread "Unconstrained build operations Thread 10" [_thread_blocked, id=4216, stack(0x000000c47b100000,0x000000c47b200000)]
  0x000001e5d93a6080 JavaThread "Unconstrained build operations Thread 11" [_thread_blocked, id=13620, stack(0x000000c47b200000,0x000000c47b300000)]
  0x000001e5d93a6590 JavaThread "Unconstrained build operations Thread 12" [_thread_blocked, id=5352, stack(0x000000c47b300000,0x000000c47b400000)]
  0x000001e5d93a6aa0 JavaThread "Unconstrained build operations Thread 13" [_thread_blocked, id=10788, stack(0x000000c47b400000,0x000000c47b500000)]
  0x000001e5d93a7ee0 JavaThread "Unconstrained build operations Thread 14" [_thread_blocked, id=16216, stack(0x000000c47b500000,0x000000c47b600000)]
  0x000001e5d93a79d0 JavaThread "Unconstrained build operations Thread 15" [_thread_blocked, id=5152, stack(0x000000c47b600000,0x000000c47b700000)]
  0x000001e5d93a83f0 JavaThread "Unconstrained build operations Thread 16" [_thread_blocked, id=4364, stack(0x000000c47b700000,0x000000c47b800000)]
  0x000001e5d6d53230 JavaThread "Unconstrained build operations Thread 17" [_thread_blocked, id=13840, stack(0x000000c47b800000,0x000000c47b900000)]
  0x000001e5d6d504a0 JavaThread "Unconstrained build operations Thread 18" [_thread_blocked, id=12096, stack(0x000000c47b900000,0x000000c47ba00000)]
  0x000001e5d6d518e0 JavaThread "Unconstrained build operations Thread 19" [_thread_blocked, id=19468, stack(0x000000c47ba00000,0x000000c47bb00000)]
  0x000001e5d6d52d20 JavaThread "Unconstrained build operations Thread 20" [_thread_blocked, id=16912, stack(0x000000c47bb00000,0x000000c47bc00000)]
  0x000001e5d6d4fa80 JavaThread "Unconstrained build operations Thread 21" [_thread_blocked, id=5632, stack(0x000000c47bc00000,0x000000c47bd00000)]
  0x000001e5d6d53c50 JavaThread "Unconstrained build operations Thread 22" [_thread_blocked, id=18436, stack(0x000000c47bd00000,0x000000c47be00000)]
  0x000001e5d6d509b0 JavaThread "Unconstrained build operations Thread 23" [_thread_blocked, id=10016, stack(0x000000c47be00000,0x000000c47bf00000)]
  0x000001e5d6d51df0 JavaThread "Unconstrained build operations Thread 24" [_thread_blocked, id=19484, stack(0x000000c47bf00000,0x000000c47c000000)]
  0x000001e5d6d4ff90 JavaThread "Unconstrained build operations Thread 25" [_thread_blocked, id=12896, stack(0x000000c47c000000,0x000000c47c100000)]
  0x000001e5d6d50ec0 JavaThread "Unconstrained build operations Thread 26" [_thread_blocked, id=2816, stack(0x000000c47c100000,0x000000c47c200000)]
  0x000001e5d6d53740 JavaThread "Unconstrained build operations Thread 27" [_thread_blocked, id=11924, stack(0x000000c47c200000,0x000000c47c300000)]
  0x000001e5d6d513d0 JavaThread "Unconstrained build operations Thread 28" [_thread_blocked, id=12020, stack(0x000000c47c300000,0x000000c47c400000)]
  0x000001e5d6d54160 JavaThread "Unconstrained build operations Thread 29" [_thread_blocked, id=9756, stack(0x000000c47c400000,0x000000c47c500000)]
  0x000001e5d6d52300 JavaThread "jar transforms Thread 2" [_thread_blocked, id=16508, stack(0x000000c47c700000,0x000000c47c800000)]
  0x000001e5d6d52810 JavaThread "jar transforms Thread 3" [_thread_blocked, id=13024, stack(0x000000c47c800000,0x000000c47c900000)]
  0x000001e5d6d54670 JavaThread "jar transforms Thread 4" [_thread_blocked, id=18796, stack(0x000000c47c900000,0x000000c47ca00000)]
  0x000001e5d6d569e0 JavaThread "build event listener" [_thread_blocked, id=15736, stack(0x000000c47ca00000,0x000000c47cb00000)]
  0x000001e5d6d56ef0 JavaThread "Problems report writer" [_thread_blocked, id=19448, stack(0x000000c47cb00000,0x000000c47cc00000)]

Other Threads:
  0x000001e59f29cba0 VMThread "VM Thread" [stack: 0x000000c477a00000,0x000000c477b00000] [id=5224]
  0x000001e5bb4b5a50 WatcherThread [stack: 0x000000c478600000,0x000000c478700000] [id=16100]
  0x000001e59f228ce0 GCTaskThread "GC Thread#0" [stack: 0x000000c477500000,0x000000c477600000] [id=12116]
  0x000001e5bb5d0190 GCTaskThread "GC Thread#1" [stack: 0x000000c478700000,0x000000c478800000] [id=15828]
  0x000001e5bb593630 GCTaskThread "GC Thread#2" [stack: 0x000000c478800000,0x000000c478900000] [id=13332]
  0x000001e5bb73d9d0 GCTaskThread "GC Thread#3" [stack: 0x000000c478900000,0x000000c478a00000] [id=17820]
  0x000001e59f2339e0 ConcurrentGCThread "G1 Main Marker" [stack: 0x000000c477600000,0x000000c477700000] [id=18652]
  0x000001e59f234950 ConcurrentGCThread "G1 Conc#0" [stack: 0x000000c477700000,0x000000c477800000] [id=6028]
  0x000001e59f2748f0 ConcurrentGCThread "G1 Refine#0" [stack: 0x000000c477800000,0x000000c477900000] [id=320]
  0x000001e59f2750d0 ConcurrentGCThread "G1 Service" [stack: 0x000000c477900000,0x000000c477a00000] [id=4428]

Threads with active compile tasks:
C2 CompilerThread0  59110 12144       4       org.gradle.api.internal.provider.DefaultValueSourceProviderFactory$ValueSourceProvider::calculateOwnValue (11 bytes)

VM state: not at safepoint (normal execution)

VM Mutex/Monitor currently owned by a thread: None

Heap address: 0x00000000b0000000, size: 1280 MB, Compressed Oops mode: 32-bit

CDS archive(s) mapped at: [0x000001e5bc000000-0x000001e5bcbb0000-0x000001e5bcbb0000), size 12255232, SharedBaseAddress: 0x000001e5bc000000, ArchiveRelocationMode: 1.
Compressed class space mapped at: 0x000001e5bd000000-0x000001e5d1000000, reserved size: 335544320
Narrow klass base: 0x000001e5bc000000, Narrow klass shift: 0, Narrow klass range: 0x100000000

GC Precious Log:
 CPUs: 4 total, 4 available
 Memory: 3818M
 Large Page Support: Disabled
 NUMA Support: Disabled
 Compressed Oops: Enabled (32-bit)
 Heap Region Size: 1M
 Heap Min Capacity: 8M
 Heap Initial Capacity: 60M
 Heap Max Capacity: 1280M
 Pre-touch: Disabled
 Parallel Workers: 4
 Concurrent Workers: 1
 Concurrent Refinement Workers: 4
 Periodic GC: Disabled

Heap:
 garbage-first heap   total 201728K, used 104681K [0x00000000b0000000, 0x0000000100000000)
  region size 1024K, 3 young (3072K), 2 survivors (2048K)
 Metaspace       used 100027K, committed 100864K, reserved 458752K
  class space    used 13880K, committed 14272K, reserved 327680K

Heap Regions: E=young(eden), S=young(survivor), O=old, HS=humongous(starts), HC=humongous(continues), CS=collection set, F=free, OA=open archive, CA=closed archive, TAMS=top-at-mark-start (previous, next)
|   0|0x00000000b0000000, 0x00000000b0100000, 0x00000000b0100000|100%|HS|  |TAMS 0x00000000b0100000, 0x00000000b0000000| Complete 
|   1|0x00000000b0100000, 0x00000000b0200000, 0x00000000b0200000|100%|HC|  |TAMS 0x00000000b0200000, 0x00000000b0100000| Complete 
|   2|0x00000000b0200000, 0x00000000b0300000, 0x00000000b0300000|100%|HC|  |TAMS 0x00000000b0300000, 0x00000000b0200000| Complete 
|   3|0x00000000b0300000, 0x00000000b0400000, 0x00000000b0400000|100%| O|  |TAMS 0x00000000b0400000, 0x00000000b0300000| Untracked 
|   4|0x00000000b0400000, 0x00000000b0500000, 0x00000000b0500000|100%| O|  |TAMS 0x00000000b0500000, 0x00000000b0400000| Untracked 
|   5|0x00000000b0500000, 0x00000000b0600000, 0x00000000b0600000|100%| O|  |TAMS 0x00000000b0600000, 0x00000000b0500000| Untracked 
|   6|0x00000000b0600000, 0x00000000b0700000, 0x00000000b0700000|100%| O|  |TAMS 0x00000000b0700000, 0x00000000b0600000| Untracked 
|   7|0x00000000b0700000, 0x00000000b0800000, 0x00000000b0800000|100%| O|  |TAMS 0x00000000b0800000, 0x00000000b0700000| Untracked 
|   8|0x00000000b0800000, 0x00000000b0900000, 0x00000000b0900000|100%|HS|  |TAMS 0x00000000b0900000, 0x00000000b0800000| Complete 
|   9|0x00000000b0900000, 0x00000000b0a00000, 0x00000000b0a00000|100%| O|  |TAMS 0x00000000b0a00000, 0x00000000b0900000| Untracked 
|  10|0x00000000b0a00000, 0x00000000b0b00000, 0x00000000b0b00000|100%| O|  |TAMS 0x00000000b0b00000, 0x00000000b0a00000| Untracked 
|  11|0x00000000b0b00000, 0x00000000b0c00000, 0x00000000b0c00000|100%| O|  |TAMS 0x00000000b0c00000, 0x00000000b0b00000| Untracked 
|  12|0x00000000b0c00000, 0x00000000b0d00000, 0x00000000b0d00000|100%| O|  |TAMS 0x00000000b0d00000, 0x00000000b0c00000| Untracked 
|  13|0x00000000b0d00000, 0x00000000b0e00000, 0x00000000b0e00000|100%| O|  |TAMS 0x00000000b0e00000, 0x00000000b0d00000| Untracked 
|  14|0x00000000b0e00000, 0x00000000b0f00000, 0x00000000b0f00000|100%| O|  |TAMS 0x00000000b0f00000, 0x00000000b0e00000| Untracked 
|  15|0x00000000b0f00000, 0x00000000b1000000, 0x00000000b1000000|100%| O|  |TAMS 0x00000000b1000000, 0x00000000b0f00000| Untracked 
|  16|0x00000000b1000000, 0x00000000b1100000, 0x00000000b1100000|100%| O|  |TAMS 0x00000000b1100000, 0x00000000b1000000| Untracked 
|  17|0x00000000b1100000, 0x00000000b1200000, 0x00000000b1200000|100%| O|  |TAMS 0x00000000b1200000, 0x00000000b1100000| Untracked 
|  18|0x00000000b1200000, 0x00000000b1300000, 0x00000000b1300000|100%| O|  |TAMS 0x00000000b1300000, 0x00000000b1200000| Untracked 
|  19|0x00000000b1300000, 0x00000000b1400000, 0x00000000b1400000|100%| O|  |TAMS 0x00000000b1400000, 0x00000000b1300000| Untracked 
|  20|0x00000000b1400000, 0x00000000b1500000, 0x00000000b1500000|100%| O|  |TAMS 0x00000000b1500000, 0x00000000b1400000| Untracked 
|  21|0x00000000b1500000, 0x00000000b1600000, 0x00000000b1600000|100%| O|  |TAMS 0x00000000b1600000, 0x00000000b1500000| Untracked 
|  22|0x00000000b1600000, 0x00000000b1700000, 0x00000000b1700000|100%| O|  |TAMS 0x00000000b1700000, 0x00000000b1600000| Untracked 
|  23|0x00000000b1700000, 0x00000000b1800000, 0x00000000b1800000|100%| O|  |TAMS 0x00000000b1800000, 0x00000000b1700000| Untracked 
|  24|0x00000000b1800000, 0x00000000b1900000, 0x00000000b1900000|100%| O|  |TAMS 0x00000000b1900000, 0x00000000b1800000| Untracked 
|  25|0x00000000b1900000, 0x00000000b1a00000, 0x00000000b1a00000|100%| O|  |TAMS 0x00000000b1a00000, 0x00000000b1900000| Untracked 
|  26|0x00000000b1a00000, 0x00000000b1b00000, 0x00000000b1b00000|100%| O|  |TAMS 0x00000000b1b00000, 0x00000000b1a00000| Untracked 
|  27|0x00000000b1b00000, 0x00000000b1c00000, 0x00000000b1c00000|100%| O|  |TAMS 0x00000000b1c00000, 0x00000000b1b00000| Untracked 
|  28|0x00000000b1c00000, 0x00000000b1d00000, 0x00000000b1d00000|100%| O|  |TAMS 0x00000000b1d00000, 0x00000000b1c00000| Untracked 
|  29|0x00000000b1d00000, 0x00000000b1e00000, 0x00000000b1e00000|100%| O|  |TAMS 0x00000000b1e00000, 0x00000000b1d00000| Untracked 
|  30|0x00000000b1e00000, 0x00000000b1f00000, 0x00000000b1f00000|100%| O|  |TAMS 0x00000000b1f00000, 0x00000000b1e00000| Untracked 
|  31|0x00000000b1f00000, 0x00000000b2000000, 0x00000000b2000000|100%| O|  |TAMS 0x00000000b2000000, 0x00000000b1f00000| Untracked 
|  32|0x00000000b2000000, 0x00000000b2100000, 0x00000000b2100000|100%| O|  |TAMS 0x00000000b2100000, 0x00000000b2000000| Untracked 
|  33|0x00000000b2100000, 0x00000000b2200000, 0x00000000b2200000|100%| O|  |TAMS 0x00000000b2200000, 0x00000000b2100000| Untracked 
|  34|0x00000000b2200000, 0x00000000b2300000, 0x00000000b2300000|100%| O|  |TAMS 0x00000000b2300000, 0x00000000b2200000| Untracked 
|  35|0x00000000b2300000, 0x00000000b2400000, 0x00000000b2400000|100%| O|  |TAMS 0x00000000b2400000, 0x00000000b2300000| Untracked 
|  36|0x00000000b2400000, 0x00000000b2500000, 0x00000000b2500000|100%| O|  |TAMS 0x00000000b2500000, 0x00000000b2400000| Untracked 
|  37|0x00000000b2500000, 0x00000000b2600000, 0x00000000b2600000|100%| O|  |TAMS 0x00000000b2600000, 0x00000000b2500000| Untracked 
|  38|0x00000000b2600000, 0x00000000b2700000, 0x00000000b2700000|100%| O|  |TAMS 0x00000000b2700000, 0x00000000b2600000| Untracked 
|  39|0x00000000b2700000, 0x00000000b2800000, 0x00000000b2800000|100%| O|  |TAMS 0x00000000b2800000, 0x00000000b2700000| Untracked 
|  40|0x00000000b2800000, 0x00000000b289bc00, 0x00000000b2900000| 60%| O|  |TAMS 0x00000000b289bc00, 0x00000000b2800000| Untracked 
|  41|0x00000000b2900000, 0x00000000b2a00000, 0x00000000b2a00000|100%|HS|  |TAMS 0x00000000b2a00000, 0x00000000b2900000| Complete 
|  42|0x00000000b2a00000, 0x00000000b2b00000, 0x00000000b2b00000|100%|HC|  |TAMS 0x00000000b2b00000, 0x00000000b2a00000| Complete 
|  43|0x00000000b2b00000, 0x00000000b2c00000, 0x00000000b2c00000|100%|HS|  |TAMS 0x00000000b2c00000, 0x00000000b2b00000| Complete 
|  44|0x00000000b2c00000, 0x00000000b2d00000, 0x00000000b2d00000|100%|HC|  |TAMS 0x00000000b2d00000, 0x00000000b2c00000| Complete 
|  45|0x00000000b2d00000, 0x00000000b2e00000, 0x00000000b2e00000|100%| O|  |TAMS 0x00000000b2e00000, 0x00000000b2d00000| Untracked 
|  46|0x00000000b2e00000, 0x00000000b2f00000, 0x00000000b2f00000|100%| O|  |TAMS 0x00000000b2f00000, 0x00000000b2e00000| Untracked 
|  47|0x00000000b2f00000, 0x00000000b3000000, 0x00000000b3000000|100%| O|  |TAMS 0x00000000b3000000, 0x00000000b2f00000| Untracked 
|  48|0x00000000b3000000, 0x00000000b3100000, 0x00000000b3100000|100%| O|  |TAMS 0x00000000b3100000, 0x00000000b3000000| Untracked 
|  49|0x00000000b3100000, 0x00000000b3200000, 0x00000000b3200000|100%| O|  |TAMS 0x00000000b3200000, 0x00000000b3100000| Untracked 
|  50|0x00000000b3200000, 0x00000000b3300000, 0x00000000b3300000|100%| O|  |TAMS 0x00000000b3300000, 0x00000000b3200000| Untracked 
|  51|0x00000000b3300000, 0x00000000b3400000, 0x00000000b3400000|100%| O|  |TAMS 0x00000000b3400000, 0x00000000b3300000| Untracked 
|  52|0x00000000b3400000, 0x00000000b3500000, 0x00000000b3500000|100%| O|  |TAMS 0x00000000b3500000, 0x00000000b3400000| Untracked 
|  53|0x00000000b3500000, 0x00000000b3600000, 0x00000000b3600000|100%| O|  |TAMS 0x00000000b3600000, 0x00000000b3500000| Untracked 
|  54|0x00000000b3600000, 0x00000000b3700000, 0x00000000b3700000|100%| O|  |TAMS 0x00000000b3700000, 0x00000000b3600000| Untracked 
|  55|0x00000000b3700000, 0x00000000b3800000, 0x00000000b3800000|100%| O|  |TAMS 0x00000000b3800000, 0x00000000b3700000| Untracked 
|  56|0x00000000b3800000, 0x00000000b3900000, 0x00000000b3900000|100%| O|  |TAMS 0x00000000b3900000, 0x00000000b3800000| Untracked 
|  57|0x00000000b3900000, 0x00000000b3a00000, 0x00000000b3a00000|100%| O|  |TAMS 0x00000000b3a00000, 0x00000000b3900000| Untracked 
|  58|0x00000000b3a00000, 0x00000000b3b00000, 0x00000000b3b00000|100%| O|  |TAMS 0x00000000b3b00000, 0x00000000b3a00000| Untracked 
|  59|0x00000000b3b00000, 0x00000000b3c00000, 0x00000000b3c00000|100%| O|  |TAMS 0x00000000b3c00000, 0x00000000b3b00000| Untracked 
|  60|0x00000000b3c00000, 0x00000000b3d00000, 0x00000000b3d00000|100%| O|  |TAMS 0x00000000b3d00000, 0x00000000b3c00000| Untracked 
|  61|0x00000000b3d00000, 0x00000000b3e00000, 0x00000000b3e00000|100%| O|  |TAMS 0x00000000b3e00000, 0x00000000b3d00000| Untracked 
|  62|0x00000000b3e00000, 0x00000000b3f00000, 0x00000000b3f00000|100%|HS|  |TAMS 0x00000000b3f00000, 0x00000000b3e00000| Complete 
|  63|0x00000000b3f00000, 0x00000000b4000000, 0x00000000b4000000|100%|HS|  |TAMS 0x00000000b4000000, 0x00000000b3f00000| Complete 
|  64|0x00000000b4000000, 0x00000000b4100000, 0x00000000b4100000|100%|HS|  |TAMS 0x00000000b4100000, 0x00000000b4000000| Complete 
|  65|0x00000000b4100000, 0x00000000b4200000, 0x00000000b4200000|100%|HS|  |TAMS 0x00000000b4200000, 0x00000000b4100000| Complete 
|  66|0x00000000b4200000, 0x00000000b4300000, 0x00000000b4300000|100%|HS|  |TAMS 0x00000000b4300000, 0x00000000b4200000| Complete 
|  67|0x00000000b4300000, 0x00000000b4400000, 0x00000000b4400000|100%|HS|  |TAMS 0x00000000b4400000, 0x00000000b4300000| Complete 
|  68|0x00000000b4400000, 0x00000000b4500000, 0x00000000b4500000|100%|HC|  |TAMS 0x00000000b4500000, 0x00000000b4400000| Complete 
|  69|0x00000000b4500000, 0x00000000b4600000, 0x00000000b4600000|100%|HS|  |TAMS 0x00000000b4600000, 0x00000000b4500000| Complete 
|  70|0x00000000b4600000, 0x00000000b4700000, 0x00000000b4700000|100%| O|  |TAMS 0x00000000b4700000, 0x00000000b4600000| Untracked 
|  71|0x00000000b4700000, 0x00000000b4800000, 0x00000000b4800000|100%| O|  |TAMS 0x00000000b4800000, 0x00000000b4700000| Untracked 
|  72|0x00000000b4800000, 0x00000000b4900000, 0x00000000b4900000|100%| O|  |TAMS 0x00000000b4900000, 0x00000000b4800000| Untracked 
|  73|0x00000000b4900000, 0x00000000b4a00000, 0x00000000b4a00000|100%| O|  |TAMS 0x00000000b4a00000, 0x00000000b4900000| Untracked 
|  74|0x00000000b4a00000, 0x00000000b4a00000, 0x00000000b4b00000|  0%| F|  |TAMS 0x00000000b4a00000, 0x00000000b4a00000| Untracked 
|  75|0x00000000b4b00000, 0x00000000b4c00000, 0x00000000b4c00000|100%| O|  |TAMS 0x00000000b4c00000, 0x00000000b4b00000| Untracked 
|  76|0x00000000b4c00000, 0x00000000b4d00000, 0x00000000b4d00000|100%| O|  |TAMS 0x00000000b4d00000, 0x00000000b4c00000| Untracked 
|  77|0x00000000b4d00000, 0x00000000b4e00000, 0x00000000b4e00000|100%| O|  |TAMS 0x00000000b4e00000, 0x00000000b4d00000| Untracked 
|  78|0x00000000b4e00000, 0x00000000b4f00000, 0x00000000b4f00000|100%| O|  |TAMS 0x00000000b4f00000, 0x00000000b4e00000| Untracked 
|  79|0x00000000b4f00000, 0x00000000b5000000, 0x00000000b5000000|100%| O|  |TAMS 0x00000000b5000000, 0x00000000b4f00000| Untracked 
|  80|0x00000000b5000000, 0x00000000b5100000, 0x00000000b5100000|100%| O|  |TAMS 0x00000000b5100000, 0x00000000b5000000| Untracked 
|  81|0x00000000b5100000, 0x00000000b5200000, 0x00000000b5200000|100%| O|  |TAMS 0x00000000b5200000, 0x00000000b5100000| Untracked 
|  82|0x00000000b5200000, 0x00000000b5300000, 0x00000000b5300000|100%| O|  |TAMS 0x00000000b5300000, 0x00000000b5200000| Untracked 
|  83|0x00000000b5300000, 0x00000000b5400000, 0x00000000b5400000|100%| O|  |TAMS 0x00000000b5400000, 0x00000000b5300000| Untracked 
|  84|0x00000000b5400000, 0x00000000b5500000, 0x00000000b5500000|100%| O|  |TAMS 0x00000000b5500000, 0x00000000b5400000| Untracked 
|  85|0x00000000b5500000, 0x00000000b5600000, 0x00000000b5600000|100%| O|  |TAMS 0x00000000b5600000, 0x00000000b5500000| Untracked 
|  86|0x00000000b5600000, 0x00000000b5700000, 0x00000000b5700000|100%| O|  |TAMS 0x00000000b5700000, 0x00000000b5600000| Untracked 
|  87|0x00000000b5700000, 0x00000000b5800000, 0x00000000b5800000|100%| O|  |TAMS 0x00000000b5800000, 0x00000000b5700000| Untracked 
|  88|0x00000000b5800000, 0x00000000b5900000, 0x00000000b5900000|100%|HS|  |TAMS 0x00000000b5900000, 0x00000000b5800000| Complete 
|  89|0x00000000b5900000, 0x00000000b5a00000, 0x00000000b5a00000|100%| O|  |TAMS 0x00000000b5a00000, 0x00000000b5900000| Untracked 
|  90|0x00000000b5a00000, 0x00000000b5b00000, 0x00000000b5b00000|100%| O|  |TAMS 0x00000000b5b00000, 0x00000000b5a00000| Complete 
|  91|0x00000000b5b00000, 0x00000000b5c00000, 0x00000000b5c00000|100%| O|  |TAMS 0x00000000b5c00000, 0x00000000b5b00000| Untracked 
|  92|0x00000000b5c00000, 0x00000000b5d00000, 0x00000000b5d00000|100%| O|  |TAMS 0x00000000b5d00000, 0x00000000b5c00000| Untracked 
|  93|0x00000000b5d00000, 0x00000000b5e00000, 0x00000000b5e00000|100%| O|  |TAMS 0x00000000b5e00000, 0x00000000b5d00000| Untracked 
|  94|0x00000000b5e00000, 0x00000000b5f00000, 0x00000000b5f00000|100%| O|  |TAMS 0x00000000b5f00000, 0x00000000b5e00000| Untracked 
|  95|0x00000000b5f00000, 0x00000000b6000000, 0x00000000b6000000|100%| O|  |TAMS 0x00000000b6000000, 0x00000000b5f00000| Untracked 
|  96|0x00000000b6000000, 0x00000000b6100000, 0x00000000b6100000|100%| O|  |TAMS 0x00000000b6050200, 0x00000000b6000000| Untracked 
|  97|0x00000000b6100000, 0x00000000b6200000, 0x00000000b6200000|100%| O|  |TAMS 0x00000000b6100000, 0x00000000b6100000| Untracked 
|  98|0x00000000b6200000, 0x00000000b6300000, 0x00000000b6300000|100%| O|  |TAMS 0x00000000b6200000, 0x00000000b6200000| Untracked 
|  99|0x00000000b6300000, 0x00000000b6400000, 0x00000000b6400000|100%| O|  |TAMS 0x00000000b6300000, 0x00000000b6300000| Untracked 
| 100|0x00000000b6400000, 0x00000000b6500000, 0x00000000b6500000|100%| O|  |TAMS 0x00000000b6400000, 0x00000000b6400000| Untracked 
| 101|0x00000000b6500000, 0x00000000b659ea00, 0x00000000b6600000| 61%| O|  |TAMS 0x00000000b6500000, 0x00000000b6500000| Untracked 
| 102|0x00000000b6600000, 0x00000000b6600000, 0x00000000b6700000|  0%| F|  |TAMS 0x00000000b6600000, 0x00000000b6600000| Untracked 
| 103|0x00000000b6700000, 0x00000000b6700000, 0x00000000b6800000|  0%| F|  |TAMS 0x00000000b6700000, 0x00000000b6700000| Untracked 
| 104|0x00000000b6800000, 0x00000000b6800000, 0x00000000b6900000|  0%| F|  |TAMS 0x00000000b6800000, 0x00000000b6800000| Untracked 
| 105|0x00000000b6900000, 0x00000000b6900000, 0x00000000b6a00000|  0%| F|  |TAMS 0x00000000b6900000, 0x00000000b6900000| Untracked 
| 106|0x00000000b6a00000, 0x00000000b6a00000, 0x00000000b6b00000|  0%| F|  |TAMS 0x00000000b6a00000, 0x00000000b6a00000| Untracked 
| 107|0x00000000b6b00000, 0x00000000b6b00000, 0x00000000b6c00000|  0%| F|  |TAMS 0x00000000b6b00000, 0x00000000b6b00000| Untracked 
| 108|0x00000000b6c00000, 0x00000000b6c00000, 0x00000000b6d00000|  0%| F|  |TAMS 0x00000000b6c00000, 0x00000000b6c00000| Untracked 
| 109|0x00000000b6d00000, 0x00000000b6d00000, 0x00000000b6e00000|  0%| F|  |TAMS 0x00000000b6d00000, 0x00000000b6d00000| Untracked 
| 110|0x00000000b6e00000, 0x00000000b6e00000, 0x00000000b6f00000|  0%| F|  |TAMS 0x00000000b6e00000, 0x00000000b6e00000| Untracked 
| 111|0x00000000b6f00000, 0x00000000b6f00000, 0x00000000b7000000|  0%| F|  |TAMS 0x00000000b6f00000, 0x00000000b6f00000| Untracked 
| 112|0x00000000b7000000, 0x00000000b7000000, 0x00000000b7100000|  0%| F|  |TAMS 0x00000000b7000000, 0x00000000b7000000| Untracked 
| 113|0x00000000b7100000, 0x00000000b7100000, 0x00000000b7200000|  0%| F|  |TAMS 0x00000000b7100000, 0x00000000b7100000| Untracked 
| 114|0x00000000b7200000, 0x00000000b7200000, 0x00000000b7300000|  0%| F|  |TAMS 0x00000000b7200000, 0x00000000b7200000| Untracked 
| 115|0x00000000b7300000, 0x00000000b7300000, 0x00000000b7400000|  0%| F|  |TAMS 0x00000000b7300000, 0x00000000b7300000| Untracked 
| 116|0x00000000b7400000, 0x00000000b7400000, 0x00000000b7500000|  0%| F|  |TAMS 0x00000000b7400000, 0x00000000b7400000| Untracked 
| 117|0x00000000b7500000, 0x00000000b7500000, 0x00000000b7600000|  0%| F|  |TAMS 0x00000000b7500000, 0x00000000b7500000| Untracked 
| 118|0x00000000b7600000, 0x00000000b7600000, 0x00000000b7700000|  0%| F|  |TAMS 0x00000000b7600000, 0x00000000b7600000| Untracked 
| 119|0x00000000b7700000, 0x00000000b7700000, 0x00000000b7800000|  0%| F|  |TAMS 0x00000000b7700000, 0x00000000b7700000| Untracked 
| 120|0x00000000b7800000, 0x00000000b7800000, 0x00000000b7900000|  0%| F|  |TAMS 0x00000000b7800000, 0x00000000b7800000| Untracked 
| 121|0x00000000b7900000, 0x00000000b7900000, 0x00000000b7a00000|  0%| F|  |TAMS 0x00000000b7900000, 0x00000000b7900000| Untracked 
| 122|0x00000000b7a00000, 0x00000000b7a00000, 0x00000000b7b00000|  0%| F|  |TAMS 0x00000000b7a00000, 0x00000000b7a00000| Untracked 
| 123|0x00000000b7b00000, 0x00000000b7b00000, 0x00000000b7c00000|  0%| F|  |TAMS 0x00000000b7b00000, 0x00000000b7b00000| Untracked 
| 124|0x00000000b7c00000, 0x00000000b7c00000, 0x00000000b7d00000|  0%| F|  |TAMS 0x00000000b7c00000, 0x00000000b7c00000| Untracked 
| 125|0x00000000b7d00000, 0x00000000b7d00000, 0x00000000b7e00000|  0%| F|  |TAMS 0x00000000b7d00000, 0x00000000b7d00000| Untracked 
| 126|0x00000000b7e00000, 0x00000000b7e00000, 0x00000000b7f00000|  0%| F|  |TAMS 0x00000000b7e00000, 0x00000000b7e00000| Untracked 
| 127|0x00000000b7f00000, 0x00000000b7f00000, 0x00000000b8000000|  0%| F|  |TAMS 0x00000000b7f00000, 0x00000000b7f00000| Untracked 
| 128|0x00000000b8000000, 0x00000000b8000000, 0x00000000b8100000|  0%| F|  |TAMS 0x00000000b8000000, 0x00000000b8000000| Untracked 
| 129|0x00000000b8100000, 0x00000000b8100000, 0x00000000b8200000|  0%| F|  |TAMS 0x00000000b8100000, 0x00000000b8100000| Untracked 
| 130|0x00000000b8200000, 0x00000000b8200000, 0x00000000b8300000|  0%| F|  |TAMS 0x00000000b8200000, 0x00000000b8200000| Untracked 
| 131|0x00000000b8300000, 0x00000000b8300000, 0x00000000b8400000|  0%| F|  |TAMS 0x00000000b8300000, 0x00000000b8300000| Untracked 
| 132|0x00000000b8400000, 0x00000000b8400000, 0x00000000b8500000|  0%| F|  |TAMS 0x00000000b8400000, 0x00000000b8400000| Untracked 
| 133|0x00000000b8500000, 0x00000000b8500000, 0x00000000b8600000|  0%| F|  |TAMS 0x00000000b8500000, 0x00000000b8500000| Untracked 
| 134|0x00000000b8600000, 0x00000000b8600000, 0x00000000b8700000|  0%| F|  |TAMS 0x00000000b8600000, 0x00000000b8600000| Untracked 
| 135|0x00000000b8700000, 0x00000000b8800000, 0x00000000b8800000|100%| S|CS|TAMS 0x00000000b8700000, 0x00000000b8700000| Complete 
| 136|0x00000000b8800000, 0x00000000b8900000, 0x00000000b8900000|100%| S|CS|TAMS 0x00000000b8800000, 0x00000000b8800000| Complete 
| 137|0x00000000b8900000, 0x00000000b8900000, 0x00000000b8a00000|  0%| F|  |TAMS 0x00000000b8900000, 0x00000000b8900000| Untracked 
| 138|0x00000000b8a00000, 0x00000000b8a00000, 0x00000000b8b00000|  0%| F|  |TAMS 0x00000000b8a00000, 0x00000000b8a00000| Untracked 
| 139|0x00000000b8b00000, 0x00000000b8b00000, 0x00000000b8c00000|  0%| F|  |TAMS 0x00000000b8b00000, 0x00000000b8b00000| Untracked 
| 140|0x00000000b8c00000, 0x00000000b8c00000, 0x00000000b8d00000|  0%| F|  |TAMS 0x00000000b8c00000, 0x00000000b8c00000| Untracked 
| 141|0x00000000b8d00000, 0x00000000b8d00000, 0x00000000b8e00000|  0%| F|  |TAMS 0x00000000b8d00000, 0x00000000b8d00000| Untracked 
| 142|0x00000000b8e00000, 0x00000000b8e00000, 0x00000000b8f00000|  0%| F|  |TAMS 0x00000000b8e00000, 0x00000000b8e00000| Untracked 
| 143|0x00000000b8f00000, 0x00000000b8f00000, 0x00000000b9000000|  0%| F|  |TAMS 0x00000000b8f00000, 0x00000000b8f00000| Untracked 
| 144|0x00000000b9000000, 0x00000000b9000000, 0x00000000b9100000|  0%| F|  |TAMS 0x00000000b9000000, 0x00000000b9000000| Untracked 
| 145|0x00000000b9100000, 0x00000000b9100000, 0x00000000b9200000|  0%| F|  |TAMS 0x00000000b9100000, 0x00000000b9100000| Untracked 
| 146|0x00000000b9200000, 0x00000000b9200000, 0x00000000b9300000|  0%| F|  |TAMS 0x00000000b9200000, 0x00000000b9200000| Untracked 
| 147|0x00000000b9300000, 0x00000000b9300000, 0x00000000b9400000|  0%| F|  |TAMS 0x00000000b9300000, 0x00000000b9300000| Untracked 
| 148|0x00000000b9400000, 0x00000000b9400000, 0x00000000b9500000|  0%| F|  |TAMS 0x00000000b9400000, 0x00000000b9400000| Untracked 
| 149|0x00000000b9500000, 0x00000000b9500000, 0x00000000b9600000|  0%| F|  |TAMS 0x00000000b9500000, 0x00000000b9500000| Untracked 
| 150|0x00000000b9600000, 0x00000000b9600000, 0x00000000b9700000|  0%| F|  |TAMS 0x00000000b9600000, 0x00000000b9600000| Untracked 
| 151|0x00000000b9700000, 0x00000000b9700000, 0x00000000b9800000|  0%| F|  |TAMS 0x00000000b9700000, 0x00000000b9700000| Untracked 
| 152|0x00000000b9800000, 0x00000000b9800000, 0x00000000b9900000|  0%| F|  |TAMS 0x00000000b9800000, 0x00000000b9800000| Untracked 
| 153|0x00000000b9900000, 0x00000000b9900000, 0x00000000b9a00000|  0%| F|  |TAMS 0x00000000b9900000, 0x00000000b9900000| Untracked 
| 154|0x00000000b9a00000, 0x00000000b9a00000, 0x00000000b9b00000|  0%| F|  |TAMS 0x00000000b9a00000, 0x00000000b9a00000| Untracked 
| 155|0x00000000b9b00000, 0x00000000b9b00000, 0x00000000b9c00000|  0%| F|  |TAMS 0x00000000b9b00000, 0x00000000b9b00000| Untracked 
| 156|0x00000000b9c00000, 0x00000000b9c00000, 0x00000000b9d00000|  0%| F|  |TAMS 0x00000000b9c00000, 0x00000000b9c00000| Untracked 
| 157|0x00000000b9d00000, 0x00000000b9d00000, 0x00000000b9e00000|  0%| F|  |TAMS 0x00000000b9d00000, 0x00000000b9d00000| Untracked 
| 158|0x00000000b9e00000, 0x00000000b9e00000, 0x00000000b9f00000|  0%| F|  |TAMS 0x00000000b9e00000, 0x00000000b9e00000| Untracked 
| 159|0x00000000b9f00000, 0x00000000b9f00000, 0x00000000ba000000|  0%| F|  |TAMS 0x00000000b9f00000, 0x00000000b9f00000| Untracked 
| 160|0x00000000ba000000, 0x00000000ba000000, 0x00000000ba100000|  0%| F|  |TAMS 0x00000000ba000000, 0x00000000ba000000| Untracked 
| 161|0x00000000ba100000, 0x00000000ba100000, 0x00000000ba200000|  0%| F|  |TAMS 0x00000000ba100000, 0x00000000ba100000| Untracked 
| 162|0x00000000ba200000, 0x00000000ba200000, 0x00000000ba300000|  0%| F|  |TAMS 0x00000000ba200000, 0x00000000ba200000| Untracked 
| 163|0x00000000ba300000, 0x00000000ba300000, 0x00000000ba400000|  0%| F|  |TAMS 0x00000000ba300000, 0x00000000ba300000| Untracked 
| 164|0x00000000ba400000, 0x00000000ba400000, 0x00000000ba500000|  0%| F|  |TAMS 0x00000000ba400000, 0x00000000ba400000| Untracked 
| 165|0x00000000ba500000, 0x00000000ba500000, 0x00000000ba600000|  0%| F|  |TAMS 0x00000000ba500000, 0x00000000ba500000| Untracked 
| 166|0x00000000ba600000, 0x00000000ba600000, 0x00000000ba700000|  0%| F|  |TAMS 0x00000000ba600000, 0x00000000ba600000| Untracked 
| 167|0x00000000ba700000, 0x00000000ba700000, 0x00000000ba800000|  0%| F|  |TAMS 0x00000000ba700000, 0x00000000ba700000| Untracked 
| 168|0x00000000ba800000, 0x00000000ba800000, 0x00000000ba900000|  0%| F|  |TAMS 0x00000000ba800000, 0x00000000ba800000| Untracked 
| 169|0x00000000ba900000, 0x00000000ba900000, 0x00000000baa00000|  0%| F|  |TAMS 0x00000000ba900000, 0x00000000ba900000| Untracked 
| 170|0x00000000baa00000, 0x00000000baa00000, 0x00000000bab00000|  0%| F|  |TAMS 0x00000000baa00000, 0x00000000baa00000| Untracked 
| 171|0x00000000bab00000, 0x00000000bab00000, 0x00000000bac00000|  0%| F|  |TAMS 0x00000000bab00000, 0x00000000bab00000| Untracked 
| 172|0x00000000bac00000, 0x00000000bac00000, 0x00000000bad00000|  0%| F|  |TAMS 0x00000000bac00000, 0x00000000bac00000| Untracked 
| 173|0x00000000bad00000, 0x00000000bad00000, 0x00000000bae00000|  0%| F|  |TAMS 0x00000000bad00000, 0x00000000bad00000| Untracked 
| 174|0x00000000bae00000, 0x00000000bae00000, 0x00000000baf00000|  0%| F|  |TAMS 0x00000000bae00000, 0x00000000bae00000| Untracked 
| 175|0x00000000baf00000, 0x00000000baf00000, 0x00000000bb000000|  0%| F|  |TAMS 0x00000000baf00000, 0x00000000baf00000| Untracked 
| 176|0x00000000bb000000, 0x00000000bb000000, 0x00000000bb100000|  0%| F|  |TAMS 0x00000000bb000000, 0x00000000bb000000| Untracked 
| 177|0x00000000bb100000, 0x00000000bb100000, 0x00000000bb200000|  0%| F|  |TAMS 0x00000000bb100000, 0x00000000bb100000| Untracked 
| 178|0x00000000bb200000, 0x00000000bb200000, 0x00000000bb300000|  0%| F|  |TAMS 0x00000000bb200000, 0x00000000bb200000| Untracked 
| 179|0x00000000bb300000, 0x00000000bb300000, 0x00000000bb400000|  0%| F|  |TAMS 0x00000000bb300000, 0x00000000bb300000| Untracked 
| 180|0x00000000bb400000, 0x00000000bb400000, 0x00000000bb500000|  0%| F|  |TAMS 0x00000000bb400000, 0x00000000bb400000| Untracked 
| 181|0x00000000bb500000, 0x00000000bb500000, 0x00000000bb600000|  0%| F|  |TAMS 0x00000000bb500000, 0x00000000bb500000| Untracked 
| 182|0x00000000bb600000, 0x00000000bb600000, 0x00000000bb700000|  0%| F|  |TAMS 0x00000000bb600000, 0x00000000bb600000| Untracked 
| 183|0x00000000bb700000, 0x00000000bb700000, 0x00000000bb800000|  0%| F|  |TAMS 0x00000000bb700000, 0x00000000bb700000| Untracked 
| 184|0x00000000bb800000, 0x00000000bb800000, 0x00000000bb900000|  0%| F|  |TAMS 0x00000000bb800000, 0x00000000bb800000| Untracked 
| 185|0x00000000bb900000, 0x00000000bb900000, 0x00000000bba00000|  0%| F|  |TAMS 0x00000000bb900000, 0x00000000bb900000| Untracked 
| 186|0x00000000bba00000, 0x00000000bba00000, 0x00000000bbb00000|  0%| F|  |TAMS 0x00000000bba00000, 0x00000000bba00000| Untracked 
| 187|0x00000000bbb00000, 0x00000000bbb00000, 0x00000000bbc00000|  0%| F|  |TAMS 0x00000000bbb00000, 0x00000000bbb00000| Untracked 
| 188|0x00000000bbc00000, 0x00000000bbc00000, 0x00000000bbd00000|  0%| F|  |TAMS 0x00000000bbc00000, 0x00000000bbc00000| Untracked 
| 189|0x00000000bbd00000, 0x00000000bbd00000, 0x00000000bbe00000|  0%| F|  |TAMS 0x00000000bbd00000, 0x00000000bbd00000| Untracked 
| 190|0x00000000bbe00000, 0x00000000bbe00000, 0x00000000bbf00000|  0%| F|  |TAMS 0x00000000bbe00000, 0x00000000bbe00000| Untracked 
| 191|0x00000000bbf00000, 0x00000000bbf00000, 0x00000000bc000000|  0%| F|  |TAMS 0x00000000bbf00000, 0x00000000bbf00000| Untracked 
| 192|0x00000000bc000000, 0x00000000bc000000, 0x00000000bc100000|  0%| F|  |TAMS 0x00000000bc000000, 0x00000000bc000000| Untracked 
| 193|0x00000000bc100000, 0x00000000bc100000, 0x00000000bc200000|  0%| F|  |TAMS 0x00000000bc100000, 0x00000000bc100000| Untracked 
| 194|0x00000000bc200000, 0x00000000bc200000, 0x00000000bc300000|  0%| F|  |TAMS 0x00000000bc200000, 0x00000000bc200000| Untracked 
| 195|0x00000000bc300000, 0x00000000bc300000, 0x00000000bc400000|  0%| F|  |TAMS 0x00000000bc300000, 0x00000000bc300000| Untracked 
| 196|0x00000000bc400000, 0x00000000bc472120, 0x00000000bc500000| 44%| E|  |TAMS 0x00000000bc400000, 0x00000000bc400000| Complete 

Card table byte_map: [0x000001e5b5ff0000,0x000001e5b6270000] _byte_map_base: 0x000001e5b5a70000

Marking Bits (Prev, Next): (CMBitMap*) 0x000001e59f2290f0, (CMBitMap*) 0x000001e59f2290b0
 Prev Bits: [0x000001e5b78f0000, 0x000001e5b8cf0000)
 Next Bits: [0x000001e5b64f0000, 0x000001e5b78f0000)

Polling page: 0x000001e59e9a0000

Metaspace:

Usage:
  Non-class:     84.13 MB used.
      Class:     13.56 MB used.
       Both:     97.69 MB used.

Virtual space:
  Non-class space:      128.00 MB reserved,      84.56 MB ( 66%) committed,  2 nodes.
      Class space:      320.00 MB reserved,      13.94 MB (  4%) committed,  1 nodes.
             Both:      448.00 MB reserved,      98.50 MB ( 22%) committed. 

Chunk freelists:
   Non-Class:  10.78 MB
       Class:  2.09 MB
        Both:  12.87 MB

MaxMetaspaceSize: 384.00 MB
CompressedClassSpaceSize: 320.00 MB
Initial GC threshold: 21.00 MB
Current GC threshold: 158.75 MB
CDS: on
MetaspaceReclaimPolicy: balanced
 - commit_granule_bytes: 65536.
 - commit_granule_words: 8192.
 - virtual_space_node_default_size: 8388608.
 - enlarge_chunks_in_place: 1.
 - new_chunks_are_fully_committed: 0.
 - uncommit_free_chunks: 1.
 - use_allocation_guard: 0.
 - handle_deallocations: 1.


Internal statistics:

num_allocs_failed_limit: 15.
num_arena_births: 1140.
num_arena_deaths: 0.
num_vsnodes_births: 3.
num_vsnodes_deaths: 0.
num_space_committed: 1576.
num_space_uncommitted: 0.
num_chunks_returned_to_freelist: 15.
num_chunks_taken_from_freelist: 5316.
num_chunk_merges: 15.
num_chunk_splits: 3503.
num_chunks_enlarged: 2331.
num_inconsistent_stats: 0.

CodeHeap 'non-profiled nmethods': size=120000Kb used=6889Kb max_used=6889Kb free=113110Kb
 bounds [0x000001e5ae840000, 0x000001e5aef00000, 0x000001e5b5d70000]
CodeHeap 'profiled nmethods': size=120000Kb used=20692Kb max_used=20692Kb free=99307Kb
 bounds [0x000001e5a6d70000, 0x000001e5a81b0000, 0x000001e5ae2a0000]
CodeHeap 'non-nmethods': size=5760Kb used=2470Kb max_used=2518Kb free=3289Kb
 bounds [0x000001e5ae2a0000, 0x000001e5ae530000, 0x000001e5ae840000]
 total_blobs=11531 nmethods=10536 adapters=907
 compilation: enabled
              stopped_count=0, restarted_count=0
 full_count=0

Compilation events (20 events):
Event: 58.983 Thread 0x000001e5bb177800 12185       1       org.gradle.api.internal.provider.FlatMapProvider::getType (2 bytes)
Event: 58.983 Thread 0x000001e5bb177800 nmethod 12185 0x000001e5aeef8b90 code [0x000001e5aeef8d20, 0x000001e5aeef8df8]
Event: 58.997 Thread 0x000001e5bb177800 12186       3       kotlin.jvm.internal.CallableReference::<init> (32 bytes)
Event: 58.997 Thread 0x000001e5bb177800 nmethod 12186 0x000001e5a77f4e10 code [0x000001e5a77f4fc0, 0x000001e5a77f5298]
Event: 59.011 Thread 0x000001e5bb177800 12187       3       com.android.build.api.artifact.impl.TypedStorageProvider$getArtifact$1$1::invoke (5 bytes)
Event: 59.012 Thread 0x000001e5bb177800 nmethod 12187 0x000001e5a77f3e90 code [0x000001e5a77f40e0, 0x000001e5a77f4a88]
Event: 59.012 Thread 0x000001e5bb177800 12188       3       com.android.build.api.artifact.impl.TypedStorageProvider$getArtifact$1$1::invoke (27 bytes)
Event: 59.012 Thread 0x000001e5bb177800 nmethod 12188 0x000001e5a77f2f90 code [0x000001e5a77f31e0, 0x000001e5a77f3b28]
Event: 59.012 Thread 0x000001e5bb177800 12189       3       com.android.build.api.artifact.impl.SinglePropertyAdapter::set (17 bytes)
Event: 59.013 Thread 0x000001e5bb177800 nmethod 12189 0x000001e5a819af10 code [0x000001e5a819b140, 0x000001e5a819b7e8]
Event: 59.016 Thread 0x000001e5bb177800 12190       3       org.gradle.api.internal.provider.ValueSupplier$Value::missing (9 bytes)
Event: 59.016 Thread 0x000001e5bb177800 nmethod 12190 0x000001e5a77f5f90 code [0x000001e5a77f6140, 0x000001e5a77f62f8]
Event: 59.016 Thread 0x000001e5bb177800 12191       3       org.gradle.api.internal.provider.ValidatingValueCollector::<init> (20 bytes)
Event: 59.016 Thread 0x000001e5bb177800 nmethod 12191 0x000001e5a819ba90 code [0x000001e5a819bc40, 0x000001e5a819beb8]
Event: 59.020 Thread 0x000001e5bb177800 12192       3       org.gradle.api.internal.DefaultNamedDomainObjectCollection$AbstractDomainObjectCreatingProvider::<init> (48 bytes)
Event: 59.021 Thread 0x000001e5bb177800 nmethod 12192 0x000001e5a819bf90 code [0x000001e5a819c1a0, 0x000001e5a819c998]
Event: 59.021 Thread 0x000001e5bb177800 12193       3       org.gradle.api.internal.DefaultNamedDomainObjectCollection::doAddLater (48 bytes)
Event: 59.021 Thread 0x000001e5bb177800 nmethod 12193 0x000001e5a819cc10 code [0x000001e5a819ce60, 0x000001e5a819d968]
Event: 59.021 Thread 0x000001e5bb177800 12194       3       org.gradle.api.internal.DefaultDomainObjectCollection::doAddLater (17 bytes)
Event: 59.021 Thread 0x000001e5bb177800 nmethod 12194 0x000001e5a819dc10 code [0x000001e5a819dde0, 0x000001e5a819e188]

GC Heap History (20 events):
Event: 40.378 GC heap before
{Heap before GC invocations=39 (full 0):
 garbage-first heap   total 153600K, used 124954K [0x00000000b0000000, 0x0000000100000000)
  region size 1024K, 62 young (63488K), 5 survivors (5120K)
 Metaspace       used 76948K, committed 77696K, reserved 458752K
  class space    used 10740K, committed 11136K, reserved 327680K
}
Event: 40.386 GC heap after
{Heap after GC invocations=40 (full 0):
 garbage-first heap   total 153600K, used 69606K [0x00000000b0000000, 0x0000000100000000)
  region size 1024K, 7 young (7168K), 7 survivors (7168K)
 Metaspace       used 76948K, committed 77696K, reserved 458752K
  class space    used 10740K, committed 11136K, reserved 327680K
}
Event: 51.058 GC heap before
{Heap before GC invocations=40 (full 0):
 garbage-first heap   total 153600K, used 134118K [0x00000000b0000000, 0x0000000100000000)
  region size 1024K, 63 young (64512K), 7 survivors (7168K)
 Metaspace       used 78841K, committed 79616K, reserved 458752K
  class space    used 10964K, committed 11328K, reserved 327680K
}
Event: 51.128 GC heap after
{Heap after GC invocations=41 (full 0):
 garbage-first heap   total 153600K, used 83980K [0x00000000b0000000, 0x0000000100000000)
  region size 1024K, 8 young (8192K), 8 survivors (8192K)
 Metaspace       used 78841K, committed 79616K, reserved 458752K
  class space    used 10964K, committed 11328K, reserved 327680K
}
Event: 52.412 GC heap before
{Heap before GC invocations=41 (full 0):
 garbage-first heap   total 153600K, used 124940K [0x00000000b0000000, 0x0000000100000000)
  region size 1024K, 47 young (48128K), 8 survivors (8192K)
 Metaspace       used 82109K, committed 82880K, reserved 458752K
  class space    used 11325K, committed 11712K, reserved 327680K
}
Event: 52.430 GC heap after
{Heap after GC invocations=42 (full 0):
 garbage-first heap   total 153600K, used 87915K [0x00000000b0000000, 0x0000000100000000)
  region size 1024K, 3 young (3072K), 3 survivors (3072K)
 Metaspace       used 82109K, committed 82880K, reserved 458752K
  class space    used 11325K, committed 11712K, reserved 327680K
}
Event: 53.082 GC heap before
{Heap before GC invocations=42 (full 0):
 garbage-first heap   total 153600K, used 131947K [0x00000000b0000000, 0x0000000100000000)
  region size 1024K, 40 young (40960K), 3 survivors (3072K)
 Metaspace       used 83958K, committed 84736K, reserved 458752K
  class space    used 11585K, committed 11968K, reserved 327680K
}
Event: 53.089 GC heap after
{Heap after GC invocations=43 (full 0):
 garbage-first heap   total 153600K, used 93037K [0x00000000b0000000, 0x0000000100000000)
  region size 1024K, 5 young (5120K), 5 survivors (5120K)
 Metaspace       used 83958K, committed 84736K, reserved 458752K
  class space    used 11585K, committed 11968K, reserved 327680K
}
Event: 53.648 GC heap before
{Heap before GC invocations=43 (full 0):
 garbage-first heap   total 153600K, used 125805K [0x00000000b0000000, 0x0000000100000000)
  region size 1024K, 37 young (37888K), 5 survivors (5120K)
 Metaspace       used 86335K, committed 87104K, reserved 458752K
  class space    used 11879K, committed 12224K, reserved 327680K
}
Event: 53.655 GC heap after
{Heap after GC invocations=44 (full 0):
 garbage-first heap   total 153600K, used 95326K [0x00000000b0000000, 0x0000000100000000)
  region size 1024K, 2 young (2048K), 2 survivors (2048K)
 Metaspace       used 86335K, committed 87104K, reserved 458752K
  class space    used 11879K, committed 12224K, reserved 327680K
}
Event: 54.610 GC heap before
{Heap before GC invocations=44 (full 0):
 garbage-first heap   total 153600K, used 127070K [0x00000000b0000000, 0x0000000100000000)
  region size 1024K, 33 young (33792K), 2 survivors (2048K)
 Metaspace       used 88749K, committed 89472K, reserved 458752K
  class space    used 12202K, committed 12544K, reserved 327680K
}
Event: 54.614 GC heap after
{Heap after GC invocations=45 (full 0):
 garbage-first heap   total 153600K, used 96405K [0x00000000b0000000, 0x0000000100000000)
  region size 1024K, 3 young (3072K), 3 survivors (3072K)
 Metaspace       used 88749K, committed 89472K, reserved 458752K
  class space    used 12202K, committed 12544K, reserved 327680K
}
Event: 55.012 GC heap before
{Heap before GC invocations=45 (full 0):
 garbage-first heap   total 153600K, used 118933K [0x00000000b0000000, 0x0000000100000000)
  region size 1024K, 26 young (26624K), 3 survivors (3072K)
 Metaspace       used 90592K, committed 91328K, reserved 458752K
  class space    used 12445K, committed 12800K, reserved 327680K
}
Event: 55.027 GC heap after
{Heap after GC invocations=46 (full 0):
 garbage-first heap   total 153600K, used 97045K [0x00000000b0000000, 0x0000000100000000)
  region size 1024K, 2 young (2048K), 2 survivors (2048K)
 Metaspace       used 90592K, committed 91328K, reserved 458752K
  class space    used 12445K, committed 12800K, reserved 327680K
}
Event: 55.671 GC heap before
{Heap before GC invocations=47 (full 0):
 garbage-first heap   total 196608K, used 124693K [0x00000000b0000000, 0x0000000100000000)
  region size 1024K, 29 young (29696K), 2 survivors (2048K)
 Metaspace       used 92371K, committed 93184K, reserved 458752K
  class space    used 12725K, committed 13120K, reserved 327680K
}
Event: 55.681 GC heap after
{Heap after GC invocations=48 (full 0):
 garbage-first heap   total 196608K, used 98069K [0x00000000b0000000, 0x0000000100000000)
  region size 1024K, 3 young (3072K), 3 survivors (3072K)
 Metaspace       used 92371K, committed 93184K, reserved 458752K
  class space    used 12725K, committed 13120K, reserved 327680K
}
Event: 55.873 GC heap before
{Heap before GC invocations=48 (full 0):
 garbage-first heap   total 196608K, used 103189K [0x00000000b0000000, 0x0000000100000000)
  region size 1024K, 9 young (9216K), 3 survivors (3072K)
 Metaspace       used 92502K, committed 93248K, reserved 458752K
  class space    used 12747K, committed 13120K, reserved 327680K
}
Event: 55.884 GC heap after
{Heap after GC invocations=49 (full 0):
 garbage-first heap   total 196608K, used 97983K [0x00000000b0000000, 0x0000000100000000)
  region size 1024K, 1 young (1024K), 1 survivors (1024K)
 Metaspace       used 92502K, committed 93248K, reserved 458752K
  class space    used 12747K, committed 13120K, reserved 327680K
}
Event: 57.738 GC heap before
{Heap before GC invocations=49 (full 0):
 garbage-first heap   total 196608K, used 164543K [0x00000000b0000000, 0x0000000100000000)
  region size 1024K, 67 young (68608K), 1 survivors (1024K)
 Metaspace       used 95675K, committed 96448K, reserved 458752K
  class space    used 13124K, committed 13504K, reserved 327680K
}
Event: 57.759 GC heap after
{Heap after GC invocations=50 (full 0):
 garbage-first heap   total 196608K, used 102747K [0x00000000b0000000, 0x0000000100000000)
  region size 1024K, 6 young (6144K), 6 survivors (6144K)
 Metaspace       used 95675K, committed 96448K, reserved 458752K
  class space    used 13124K, committed 13504K, reserved 327680K
}

Dll operation events (15 events):
Event: 0.049 Loaded shared library C:\dev\toolchain\jdk17\jdk-17.0.20.1+1\bin\java.dll
Event: 0.081 Loaded shared library C:\dev\toolchain\jdk17\jdk-17.0.20.1+1\bin\jsvml.dll
Event: 0.136 Loaded shared library C:\dev\toolchain\jdk17\jdk-17.0.20.1+1\bin\zip.dll
Event: 0.141 Loaded shared library C:\dev\toolchain\jdk17\jdk-17.0.20.1+1\bin\instrument.dll
Event: 0.146 Loaded shared library C:\dev\toolchain\jdk17\jdk-17.0.20.1+1\bin\net.dll
Event: 0.147 Loaded shared library C:\dev\toolchain\jdk17\jdk-17.0.20.1+1\bin\nio.dll
Event: 0.149 Loaded shared library C:\dev\toolchain\jdk17\jdk-17.0.20.1+1\bin\zip.dll
Event: 0.684 Loaded shared library C:\dev\toolchain\jdk17\jdk-17.0.20.1+1\bin\jimage.dll
Event: 0.877 Loaded shared library C:\dev\toolchain\jdk17\jdk-17.0.20.1+1\bin\verify.dll
Event: 0.995 Loaded shared library C:\Users\eveli\.gradle\native\1def1411415f61bf3af743bc5b6707747c0891f09f0c88961ee8f79bc544acac\windows-amd64\native-platform.dll
Event: 1.123 Loaded shared library C:\Users\eveli\.gradle\native\0.2.7\x86_64-windows-gnu\gradle-fileevents.dll
Event: 9.784 Loaded shared library C:\dev\toolchain\jdk17\jdk-17.0.20.1+1\bin\management.dll
Event: 9.788 Loaded shared library C:\dev\toolchain\jdk17\jdk-17.0.20.1+1\bin\management_ext.dll
Event: 9.982 Loaded shared library C:\dev\toolchain\jdk17\jdk-17.0.20.1+1\bin\extnet.dll
Event: 10.316 Loaded shared library C:\dev\toolchain\jdk17\jdk-17.0.20.1+1\bin\sunmscapi.dll

Deoptimization events (20 events):
Event: 58.314 Thread 0x000001e5bb65f580 Uncommon trap: trap_request=0xffffff54 fr.pc=0x000001e5aeb2b1fc relative=0x00000000000003dc
Event: 58.314 Thread 0x000001e5bb65f580 Uncommon trap: reason=speculate_null_assert action=make_not_entrant pc=0x000001e5aeb2b1fc method=jdk.internal.reflect.Reflection.filter([Ljava/lang/reflect/Member;Ljava/util/Set;)[Ljava/lang/reflect/Member; @ 1 c2
Event: 58.314 Thread 0x000001e5bb65f580 DEOPT PACKING pc=0x000001e5aeb2b1fc sp=0x000000c4790f23d0
Event: 58.314 Thread 0x000001e5bb65f580 DEOPT UNPACKING pc=0x000001e5ae2fa1a3 sp=0x000000c4790f2290 mode 2
Event: 58.475 Thread 0x000001e5bb65f580 Uncommon trap: trap_request=0xffffff45 fr.pc=0x000001e5ae9882ec relative=0x000000000000052c
Event: 58.475 Thread 0x000001e5bb65f580 Uncommon trap: reason=unstable_if action=reinterpret pc=0x000001e5ae9882ec method=java.lang.String.getBytes([BIIBI)V @ 6 c2
Event: 58.475 Thread 0x000001e5bb65f580 DEOPT PACKING pc=0x000001e5ae9882ec sp=0x000000c4790f2df0
Event: 58.475 Thread 0x000001e5bb65f580 DEOPT UNPACKING pc=0x000001e5ae2fa1a3 sp=0x000000c4790f2c48 mode 2
Event: 58.475 Thread 0x000001e5bb65f580 Uncommon trap: trap_request=0xffffff45 fr.pc=0x000001e5ae8b19f4 relative=0x0000000000000154
Event: 58.475 Thread 0x000001e5bb65f580 Uncommon trap: reason=unstable_if action=reinterpret pc=0x000001e5ae8b19f4 method=java.lang.AbstractStringBuilder.putStringAt(ILjava/lang/String;II)V @ 8 c2
Event: 58.475 Thread 0x000001e5bb65f580 DEOPT PACKING pc=0x000001e5ae8b19f4 sp=0x000000c4790f2d70
Event: 58.475 Thread 0x000001e5bb65f580 DEOPT UNPACKING pc=0x000001e5ae2fa1a3 sp=0x000000c4790f2cb8 mode 2
Event: 58.618 Thread 0x000001e5bb65f580 Uncommon trap: trap_request=0xffffffc6 fr.pc=0x000001e5aee7f41c relative=0x00000000000001fc
Event: 58.618 Thread 0x000001e5bb65f580 Uncommon trap: reason=bimorphic_or_optimized_type_check action=maybe_recompile pc=0x000001e5aee7f41c method=java.util.ImmutableCollections$Set12.contains(Ljava/lang/Object;)Z @ 16 c2
Event: 58.618 Thread 0x000001e5bb65f580 DEOPT PACKING pc=0x000001e5aee7f41c sp=0x000000c4790f4870
Event: 58.618 Thread 0x000001e5bb65f580 DEOPT UNPACKING pc=0x000001e5ae2fa1a3 sp=0x000000c4790f4818 mode 2
Event: 58.847 Thread 0x000001e5bb65f580 Uncommon trap: trap_request=0xffffff45 fr.pc=0x000001e5aeb7ac74 relative=0x0000000000000594
Event: 58.847 Thread 0x000001e5bb65f580 Uncommon trap: reason=unstable_if action=reinterpret pc=0x000001e5aeb7ac74 method=java.util.regex.Matcher.search(I)Z @ 76 c2
Event: 58.847 Thread 0x000001e5bb65f580 DEOPT PACKING pc=0x000001e5aeb7ac74 sp=0x000000c4790f4450
Event: 58.847 Thread 0x000001e5bb65f580 DEOPT UNPACKING pc=0x000001e5ae2fa1a3 sp=0x000000c4790f4420 mode 2

Classes loaded (20 events):
Event: 57.129 Loading class java/beans/IntrospectionException
Event: 57.129 Loading class java/beans/IntrospectionException done
Event: 57.189 Loading class java/lang/EnumBeanInfo
Event: 57.189 Loading class java/lang/EnumBeanInfo done
Event: 57.189 Loading class java/lang/EnumBeanInfo
Event: 57.189 Loading class java/lang/EnumBeanInfo done
Event: 57.189 Loading class java/lang/EnumCustomizer
Event: 57.189 Loading class java/lang/EnumCustomizer done
Event: 57.189 Loading class java/lang/EnumCustomizer
Event: 57.189 Loading class java/lang/EnumCustomizer done
Event: 58.249 Loading class java/util/concurrent/atomic/AtomicIntegerArray
Event: 58.249 Loading class java/util/concurrent/atomic/AtomicIntegerArray done
Event: 58.255 Loading class java/util/Currency
Event: 58.256 Loading class java/util/Currency done
Event: 58.261 Loading class java/util/concurrent/atomic/AtomicLongArray
Event: 58.261 Loading class java/util/concurrent/atomic/AtomicLongArray done
Event: 58.296 Loading class sun/reflect/generics/repository/FieldRepository
Event: 58.297 Loading class sun/reflect/generics/repository/FieldRepository done
Event: 58.314 Loading class jdk/internal/vm/annotation/ForceInline
Event: 58.315 Loading class jdk/internal/vm/annotation/ForceInline done

Classes unloaded (0 events):
No events

Classes redefined (0 events):
No events

Internal exceptions (20 events):
Event: 57.223 Thread 0x000001e5bb65f580 Exception <a 'java/lang/ClassNotFoundException'{0x00000000b9474838}: com/android/build/gradle/internal/CompileOptions$AgpDecoratedCustomizer> (0x00000000b9474838) 
thrown [s\src\hotspot\share\classfile\systemDictionary.cpp, line 257]
Event: 57.223 Thread 0x000001e5bb65f580 Exception <a 'java/lang/ClassNotFoundException'{0x00000000b9488e50}: com/android/build/gradle/internal/CompileOptions$AgpDecorated_DecoratedCustomizer> (0x00000000b9488e50) 
thrown [s\src\hotspot\share\classfile\systemDictionary.cpp, line 257]
Event: 57.244 Thread 0x000001e5bb65f580 Exception <a 'java/lang/ClassNotFoundException'{0x00000000b94f2c80}: org/jetbrains/kotlin/gradle/plugin/DeprecatedKotlinJvmOptionsBeanInfo> (0x00000000b94f2c80) 
thrown [s\src\hotspot\share\classfile\systemDictionary.cpp, line 257]
Event: 57.244 Thread 0x000001e5bb65f580 Exception <a 'java/lang/ClassNotFoundException'{0x00000000b9303868}: org/jetbrains/kotlin/gradle/plugin/DeprecatedKotlinJvmOptionsCustomizer> (0x00000000b9303868) 
thrown [s\src\hotspot\share\classfile\systemDictionary.cpp, line 257]
Event: 57.289 Thread 0x000001e5bb65f580 Exception <a 'java/lang/ClassNotFoundException'{0x00000000b9396230}: com/android/build/gradle/internal/dsl/ExternalNativeBuild$AgpDecorated_DecoratedBeanInfo> (0x00000000b9396230) 
thrown [s\src\hotspot\share\classfile\systemDictionary.cpp, line 257]
Event: 57.289 Thread 0x000001e5bb65f580 Exception <a 'java/lang/ClassNotFoundException'{0x00000000b93a6f10}: com/android/build/gradle/internal/dsl/ExternalNativeBuild$AgpDecoratedBeanInfo> (0x00000000b93a6f10) 
thrown [s\src\hotspot\share\classfile\systemDictionary.cpp, line 257]
Event: 57.290 Thread 0x000001e5bb65f580 Exception <a 'java/lang/ClassNotFoundException'{0x00000000b93b8750}: com/android/build/gradle/internal/dsl/ExternalNativeBuildBeanInfo> (0x00000000b93b8750) 
thrown [s\src\hotspot\share\classfile\systemDictionary.cpp, line 257]
Event: 57.290 Thread 0x000001e5bb65f580 Exception <a 'java/lang/ClassNotFoundException'{0x00000000b93c9220}: com/android/build/gradle/internal/dsl/ExternalNativeBuildCustomizer> (0x00000000b93c9220) 
thrown [s\src\hotspot\share\classfile\systemDictionary.cpp, line 257]
Event: 57.291 Thread 0x000001e5bb65f580 Exception <a 'java/lang/ClassNotFoundException'{0x00000000b93e0088}: com/android/build/gradle/internal/dsl/ExternalNativeBuild$AgpDecoratedCustomizer> (0x00000000b93e0088) 
thrown [s\src\hotspot\share\classfile\systemDictionary.cpp, line 257]
Event: 57.291 Thread 0x000001e5bb65f580 Exception <a 'java/lang/ClassNotFoundException'{0x00000000b93fcb08}: com/android/build/gradle/internal/dsl/ExternalNativeBuild$AgpDecorated_DecoratedCustomizer> (0x00000000b93fcb08) 
thrown [s\src\hotspot\share\classfile\systemDictionary.cpp, line 257]
Event: 57.295 Thread 0x000001e5bb65f580 Exception <a 'java/lang/ClassNotFoundException'{0x00000000b92883b8}: com/android/build/gradle/internal/dsl/CmakeOptions$AgpDecorated_DecoratedBeanInfo> (0x00000000b92883b8) 
thrown [s\src\hotspot\share\classfile\systemDictionary.cpp, line 257]
Event: 57.295 Thread 0x000001e5bb65f580 Exception <a 'java/lang/ClassNotFoundException'{0x00000000b929afe0}: com/android/build/gradle/internal/dsl/CmakeOptions$AgpDecoratedBeanInfo> (0x00000000b929afe0) 
thrown [s\src\hotspot\share\classfile\systemDictionary.cpp, line 257]
Event: 57.296 Thread 0x000001e5bb65f580 Exception <a 'java/lang/ClassNotFoundException'{0x00000000b92ad928}: com/android/build/gradle/internal/dsl/CmakeOptionsBeanInfo> (0x00000000b92ad928) 
thrown [s\src\hotspot\share\classfile\systemDictionary.cpp, line 257]
Event: 57.296 Thread 0x000001e5bb65f580 Exception <a 'java/lang/ClassNotFoundException'{0x00000000b92c04f0}: com/android/build/gradle/internal/dsl/CmakeOptionsCustomizer> (0x00000000b92c04f0) 
thrown [s\src\hotspot\share\classfile\systemDictionary.cpp, line 257]
Event: 57.297 Thread 0x000001e5bb65f580 Exception <a 'java/lang/ClassNotFoundException'{0x00000000b92d72f0}: com/android/build/gradle/internal/dsl/CmakeOptions$AgpDecoratedCustomizer> (0x00000000b92d72f0) 
thrown [s\src\hotspot\share\classfile\systemDictionary.cpp, line 257]
Event: 57.298 Thread 0x000001e5bb65f580 Exception <a 'java/lang/ClassNotFoundException'{0x00000000b92efd38}: com/android/build/gradle/internal/dsl/CmakeOptions$AgpDecorated_DecoratedCustomizer> (0x00000000b92efd38) 
thrown [s\src\hotspot\share\classfile\systemDictionary.cpp, line 257]
Event: 57.327 Thread 0x000001e5bb65f580 Exception <a 'java/lang/ClassNotFoundException'{0x00000000b9181840}: org/gradle/api/internal/artifacts/dsl/dependencies/DefaultDependencyHandler_DecoratedBeanInfo> (0x00000000b9181840) 
thrown [s\src\hotspot\share\classfile\systemDictionary.cpp, line 257]
Event: 57.329 Thread 0x000001e5bb65f580 Exception <a 'java/lang/ClassNotFoundException'{0x00000000b91a1630}: org/gradle/api/internal/artifacts/dsl/dependencies/DefaultDependencyHandlerBeanInfo> (0x00000000b91a1630) 
thrown [s\src\hotspot\share\classfile\systemDictionary.cpp, line 257]
Event: 57.330 Thread 0x000001e5bb65f580 Exception <a 'java/lang/ClassNotFoundException'{0x00000000b91c0e90}: org/gradle/api/internal/artifacts/dsl/dependencies/DefaultDependencyHandlerCustomizer> (0x00000000b91c0e90) 
thrown [s\src\hotspot\share\classfile\systemDictionary.cpp, line 257]
Event: 57.332 Thread 0x000001e5bb65f580 Exception <a 'java/lang/ClassNotFoundException'{0x00000000b9023158}: org/gradle/api/internal/artifacts/dsl/dependencies/DefaultDependencyHandler_DecoratedCustomizer> (0x00000000b9023158) 
thrown [s\src\hotspot\share\classfile\systemDictionary.cpp, line 257]

VM Operations (20 events):
Event: 55.505 Executing VM operation: G1PauseCleanup
Event: 55.516 Executing VM operation: G1PauseCleanup done
Event: 55.671 Executing VM operation: G1CollectForAllocation
Event: 55.681 Executing VM operation: G1CollectForAllocation done
Event: 55.873 Executing VM operation: G1CollectForAllocation
Event: 55.884 Executing VM operation: G1CollectForAllocation done
Event: 56.213 Executing VM operation: HandshakeAllThreads
Event: 56.214 Executing VM operation: HandshakeAllThreads done
Event: 56.997 Executing VM operation: ICBufferFull
Event: 56.998 Executing VM operation: ICBufferFull done
Event: 57.629 Executing VM operation: HandshakeAllThreads
Event: 57.629 Executing VM operation: HandshakeAllThreads done
Event: 57.737 Executing VM operation: G1CollectForAllocation
Event: 57.759 Executing VM operation: G1CollectForAllocation done
Event: 58.169 Executing VM operation: G1PauseRemark
Event: 58.176 Executing VM operation: G1PauseRemark done
Event: 58.241 Executing VM operation: G1PauseCleanup
Event: 58.241 Executing VM operation: G1PauseCleanup done
Event: 58.897 Executing VM operation: HandshakeAllThreads
Event: 58.897 Executing VM operation: HandshakeAllThreads done

Memory protections (0 events):
No events

Nmethod flushes (20 events):
Event: 39.158 Thread 0x000001e5bb18d090 flushing  nmethod 0x000001e5a7c9b990
Event: 39.158 Thread 0x000001e5bb18d090 flushing  nmethod 0x000001e5a7c9c690
Event: 39.159 Thread 0x000001e5bb18d090 flushing  nmethod 0x000001e5a7d03d90
Event: 39.159 Thread 0x000001e5bb18d090 flushing  nmethod 0x000001e5a7d10990
Event: 39.159 Thread 0x000001e5bb18d090 flushing  nmethod 0x000001e5a7d47610
Event: 39.159 Thread 0x000001e5bb18d090 flushing  nmethod 0x000001e5a7d5ce10
Event: 39.159 Thread 0x000001e5bb18d090 flushing  nmethod 0x000001e5a7db2a90
Event: 39.159 Thread 0x000001e5bb18d090 flushing  nmethod 0x000001e5a7e58e90
Event: 39.160 Thread 0x000001e5bb18d090 flushing  nmethod 0x000001e5a7eb6990
Event: 39.160 Thread 0x000001e5bb18d090 flushing  nmethod 0x000001e5a7ebf810
Event: 58.900 Thread 0x000001e5bb18d090 flushing  nmethod 0x000001e5aedb0c90
Event: 58.908 Thread 0x000001e5bb18d090 flushing  nmethod 0x000001e5a77e9510
Event: 58.908 Thread 0x000001e5bb18d090 flushing  nmethod 0x000001e5a77f2f90
Event: 58.908 Thread 0x000001e5bb18d090 flushing  nmethod 0x000001e5a77f3a90
Event: 58.908 Thread 0x000001e5bb18d090 flushing  nmethod 0x000001e5a77f5f90
Event: 58.908 Thread 0x000001e5bb18d090 flushing  nmethod 0x000001e5a77f7e90
Event: 58.908 Thread 0x000001e5bb18d090 flushing  nmethod 0x000001e5a77f8a10
Event: 58.908 Thread 0x000001e5bb18d090 flushing  nmethod 0x000001e5a7816b10
Event: 58.909 Thread 0x000001e5bb18d090 flushing  nmethod 0x000001e5a7852090
Event: 58.913 Thread 0x000001e5bb18d090 flushing  nmethod 0x000001e5a7ed0510

Events (20 events):
Event: 31.215 Thread 0x000001e5d93a8900 Thread added: 0x000001e5d93a79d0
Event: 31.266 Thread 0x000001e5d93a8900 Thread added: 0x000001e5d93a83f0
Event: 31.267 Thread 0x000001e5d93a8900 Thread added: 0x000001e5d6d53230
Event: 31.267 Thread 0x000001e5d93a8900 Thread added: 0x000001e5d6d504a0
Event: 32.062 Thread 0x000001e5d93a8900 Thread added: 0x000001e5d6d518e0
Event: 32.062 Thread 0x000001e5d93a8900 Thread added: 0x000001e5d6d52d20
Event: 34.094 Thread 0x000001e5bb65f580 Thread added: 0x000001e5d6d4fa80
Event: 34.095 Thread 0x000001e5bb65f580 Thread added: 0x000001e5d6d53c50
Event: 34.095 Thread 0x000001e5bb65f580 Thread added: 0x000001e5d6d509b0
Event: 34.293 Thread 0x000001e5bb65f580 Thread added: 0x000001e5d6d51df0
Event: 34.293 Thread 0x000001e5bb65f580 Thread added: 0x000001e5d6d4ff90
Event: 34.296 Thread 0x000001e5bb65f580 Thread added: 0x000001e5d6d50ec0
Event: 35.095 Thread 0x000001e5bb65f580 Thread added: 0x000001e5d6d53740
Event: 35.096 Thread 0x000001e5bb65f580 Thread added: 0x000001e5d6d513d0
Event: 35.096 Thread 0x000001e5bb65f580 Thread added: 0x000001e5d6d54160
Event: 49.894 Thread 0x000001e5bb65f580 Thread added: 0x000001e5d6d52300
Event: 50.365 Thread 0x000001e5bb65f580 Thread added: 0x000001e5d6d52810
Event: 50.543 Thread 0x000001e5bb65f580 Thread added: 0x000001e5d6d54670
Event: 54.675 Thread 0x000001e5bb65f580 Thread added: 0x000001e5d6d569e0
Event: 56.981 Thread 0x000001e5bb65f580 Thread added: 0x000001e5d6d56ef0


Dynamic libraries:
0x00007ff674c50000 - 0x00007ff674c5e000 	C:\dev\toolchain\jdk17\jdk-17.0.20.1+1\bin\java.exe
0x00007ffc996f0000 - 0x00007ffc998e8000 	C:\Windows\SYSTEM32\ntdll.dll
0x00007ffc986a0000 - 0x00007ffc98762000 	C:\Windows\System32\KERNEL32.DLL
0x00007ffc97140000 - 0x00007ffc97436000 	C:\Windows\System32\KERNELBASE.dll
0x00007ffc97440000 - 0x00007ffc97540000 	C:\Windows\System32\ucrtbase.dll
0x00007ffc814c0000 - 0x00007ffc814de000 	C:\dev\toolchain\jdk17\jdk-17.0.20.1+1\bin\VCRUNTIME140.dll
0x00007ffc73460000 - 0x00007ffc73478000 	C:\dev\toolchain\jdk17\jdk-17.0.20.1+1\bin\jli.dll
0x00007ffc98f40000 - 0x00007ffc990e1000 	C:\Windows\System32\USER32.dll
0x00007ffc97080000 - 0x00007ffc970a2000 	C:\Windows\System32\win32u.dll
0x00007ffc7c6a0000 - 0x00007ffc7c93b000 	C:\Windows\WinSxS\amd64_microsoft.windows.common-controls_6595b64144ccf1df_6.0.19041.6456_none_60b8a6cb71f64256\COMCTL32.dll
0x00007ffc983f0000 - 0x00007ffc9841b000 	C:\Windows\System32\GDI32.dll
0x00007ffc96d80000 - 0x00007ffc96e99000 	C:\Windows\System32\gdi32full.dll
0x00007ffc97640000 - 0x00007ffc976dd000 	C:\Windows\System32\msvcp_win.dll
0x00007ffc97f40000 - 0x00007ffc97fde000 	C:\Windows\System32\msvcrt.dll
0x00007ffc983c0000 - 0x00007ffc983ef000 	C:\Windows\System32\IMM32.DLL
0x00007ffc8dfc0000 - 0x00007ffc8dfcc000 	C:\dev\toolchain\jdk17\jdk-17.0.20.1+1\bin\vcruntime140_1.dll
0x00007ffc60d60000 - 0x00007ffc60ded000 	C:\dev\toolchain\jdk17\jdk-17.0.20.1+1\bin\msvcp140.dll
0x00007ffbf9ea0000 - 0x00007ffbfab0c000 	C:\dev\toolchain\jdk17\jdk-17.0.20.1+1\bin\server\jvm.dll
0x00007ffc97c80000 - 0x00007ffc97d31000 	C:\Windows\System32\ADVAPI32.dll
0x00007ffc97880000 - 0x00007ffc9791f000 	C:\Windows\System32\sechost.dll
0x00007ffc979b0000 - 0x00007ffc97ad0000 	C:\Windows\System32\RPCRT4.dll
0x00007ffc976e0000 - 0x00007ffc97707000 	C:\Windows\System32\bcrypt.dll
0x00007ffc98350000 - 0x00007ffc983bb000 	C:\Windows\System32\WS2_32.dll
0x00007ffc962d0000 - 0x00007ffc9631b000 	C:\Windows\SYSTEM32\POWRPROF.dll
0x00007ffc89620000 - 0x00007ffc8962a000 	C:\Windows\SYSTEM32\VERSION.dll
0x00007ffc875a0000 - 0x00007ffc875c7000 	C:\Windows\SYSTEM32\WINMM.dll
0x00007ffc96180000 - 0x00007ffc96192000 	C:\Windows\SYSTEM32\UMPDC.dll
0x00007ffc95590000 - 0x00007ffc955a2000 	C:\Windows\SYSTEM32\kernel.appcore.dll
0x00007ffc81c90000 - 0x00007ffc81c9a000 	C:\dev\toolchain\jdk17\jdk-17.0.20.1+1\bin\jimage.dll
0x00007ffc94940000 - 0x00007ffc94b41000 	C:\Windows\SYSTEM32\DBGHELP.DLL
0x00007ffc62750000 - 0x00007ffc62784000 	C:\Windows\SYSTEM32\dbgcore.DLL
0x00007ffc970b0000 - 0x00007ffc97132000 	C:\Windows\System32\bcryptPrimitives.dll
0x00007ffc7c050000 - 0x00007ffc7c05e000 	C:\dev\toolchain\jdk17\jdk-17.0.20.1+1\bin\instrument.dll
0x00007ffc70eb0000 - 0x00007ffc70ed5000 	C:\dev\toolchain\jdk17\jdk-17.0.20.1+1\bin\java.dll
0x00007ffc52bb0000 - 0x00007ffc52c87000 	C:\dev\toolchain\jdk17\jdk-17.0.20.1+1\bin\jsvml.dll
0x00007ffc987d0000 - 0x00007ffc98f40000 	C:\Windows\System32\SHELL32.dll
0x00007ffc94dd0000 - 0x00007ffc95575000 	C:\Windows\SYSTEM32\windows.storage.dll
0x00007ffc97ff0000 - 0x00007ffc98344000 	C:\Windows\System32\combase.dll
0x00007ffc967b0000 - 0x00007ffc967db000 	C:\Windows\SYSTEM32\Wldp.dll
0x00007ffc985d0000 - 0x00007ffc9869d000 	C:\Windows\System32\OLEAUT32.dll
0x00007ffc977d0000 - 0x00007ffc9787d000 	C:\Windows\System32\SHCORE.dll
0x00007ffc98480000 - 0x00007ffc984db000 	C:\Windows\System32\shlwapi.dll
0x00007ffc96cb0000 - 0x00007ffc96cd4000 	C:\Windows\SYSTEM32\profapi.dll
0x00007ffc6f5c0000 - 0x00007ffc6f5d8000 	C:\dev\toolchain\jdk17\jdk-17.0.20.1+1\bin\zip.dll
0x00007ffc73380000 - 0x00007ffc7339a000 	C:\dev\toolchain\jdk17\jdk-17.0.20.1+1\bin\net.dll
0x00007ffc91350000 - 0x00007ffc9145a000 	C:\Windows\SYSTEM32\WINHTTP.dll
0x00007ffc96510000 - 0x00007ffc9657a000 	C:\Windows\system32\mswsock.dll
0x00007ffc72610000 - 0x00007ffc72626000 	C:\dev\toolchain\jdk17\jdk-17.0.20.1+1\bin\nio.dll
0x00007ffc81540000 - 0x00007ffc81550000 	C:\dev\toolchain\jdk17\jdk-17.0.20.1+1\bin\verify.dll
0x00007ffc6c660000 - 0x00007ffc6c687000 	C:\Users\eveli\.gradle\native\1def1411415f61bf3af743bc5b6707747c0891f09f0c88961ee8f79bc544acac\windows-amd64\native-platform.dll
0x00007ffc5d2d0000 - 0x00007ffc5d348000 	C:\Users\eveli\.gradle\native\0.2.7\x86_64-windows-gnu\gradle-fileevents.dll
0x00007ffc7e4e0000 - 0x00007ffc7e4ea000 	C:\dev\toolchain\jdk17\jdk-17.0.20.1+1\bin\management.dll
0x00007ffc7d1e0000 - 0x00007ffc7d1ec000 	C:\dev\toolchain\jdk17\jdk-17.0.20.1+1\bin\management_ext.dll
0x00007ffc97fe0000 - 0x00007ffc97fe8000 	C:\Windows\System32\PSAPI.DLL
0x00007ffc961a0000 - 0x00007ffc961db000 	C:\Windows\SYSTEM32\IPHLPAPI.DLL
0x00007ffc985c0000 - 0x00007ffc985c8000 	C:\Windows\System32\NSI.dll
0x00007ffc89fb0000 - 0x00007ffc89fc7000 	C:\Windows\SYSTEM32\dhcpcsvc6.DLL
0x00007ffc89f90000 - 0x00007ffc89fad000 	C:\Windows\SYSTEM32\dhcpcsvc.DLL
0x00007ffc961e0000 - 0x00007ffc962aa000 	C:\Windows\SYSTEM32\DNSAPI.dll
0x00007ffc7ca20000 - 0x00007ffc7ca29000 	C:\dev\toolchain\jdk17\jdk-17.0.20.1+1\bin\extnet.dll
0x00007ffc96700000 - 0x00007ffc96718000 	C:\Windows\SYSTEM32\CRYPTSP.dll
0x00007ffc95dc0000 - 0x00007ffc95df8000 	C:\Windows\system32\rsaenh.dll
0x00007ffc96c70000 - 0x00007ffc96c9e000 	C:\Windows\SYSTEM32\USERENV.dll
0x00007ffc96720000 - 0x00007ffc9672c000 	C:\Windows\SYSTEM32\CRYPTBASE.dll
0x00007ffc76850000 - 0x00007ffc7685e000 	C:\dev\toolchain\jdk17\jdk-17.0.20.1+1\bin\sunmscapi.dll
0x00007ffc96f20000 - 0x00007ffc9707d000 	C:\Windows\System32\CRYPT32.dll
0x00007ffc96820000 - 0x00007ffc96847000 	C:\Windows\SYSTEM32\ncrypt.dll
0x00007ffc967e0000 - 0x00007ffc9681b000 	C:\Windows\SYSTEM32\NTASN1.dll
0x00007ffc6deb0000 - 0x00007ffc6deb7000 	C:\Windows\system32\wshunix.dll
0x00007ffc89f50000 - 0x00007ffc89f5a000 	C:\Windows\System32\rasadhlp.dll
0x00007ffc815a0000 - 0x00007ffc81620000 	C:\Windows\System32\fwpuclnt.dll

dbghelp: loaded successfully - version: 4.0.5 - missing functions: none
symbol engine: initialized successfully - sym options: 0x614 - pdb path: .;C:\dev\toolchain\jdk17\jdk-17.0.20.1+1\bin;C:\Windows\SYSTEM32;C:\Windows\WinSxS\amd64_microsoft.windows.common-controls_6595b64144ccf1df_6.0.19041.6456_none_60b8a6cb71f64256;C:\dev\toolchain\jdk17\jdk-17.0.20.1+1\bin\server;C:\Users\eveli\.gradle\native\1def1411415f61bf3af743bc5b6707747c0891f09f0c88961ee8f79bc544acac\windows-amd64;C:\Users\eveli\.gradle\native\0.2.7\x86_64-windows-gnu

VM Arguments:
jvm_args: --add-opens=java.base/java.lang=ALL-UNNAMED --add-opens=java.base/java.lang.invoke=ALL-UNNAMED --add-opens=java.base/java.util=ALL-UNNAMED --add-opens=java.prefs/java.util.prefs=ALL-UNNAMED --add-exports=jdk.compiler/com.sun.tools.javac.api=ALL-UNNAMED --add-exports=jdk.compiler/com.sun.tools.javac.util=ALL-UNNAMED --add-opens=java.base/java.util=ALL-UNNAMED --add-opens=java.prefs/java.util.prefs=ALL-UNNAMED --add-opens=java.base/java.nio.charset=ALL-UNNAMED --add-opens=java.base/java.net=ALL-UNNAMED --add-opens=java.base/java.util.concurrent.atomic=ALL-UNNAMED --add-opens=java.xml/javax.xml.namespace=ALL-UNNAMED -XX:MaxMetaspaceSize=384m -Xmx1280m -Dfile.encoding=windows-1253 -Duser.country=GR -Duser.language=el -Duser.variant -javaagent:C:\Users\eveli\.gradle\wrapper\dists\gradle-8.14.3-bin\cv11ve7ro1n3o1j4so8xd9n66\gradle-8.14.3\lib\agents\gradle-instrumentation-agent-8.14.3.jar 
java_command: org.gradle.launcher.daemon.bootstrap.GradleDaemon 8.14.3
java_class_path (initial): C:\Users\eveli\.gradle\wrapper\dists\gradle-8.14.3-bin\cv11ve7ro1n3o1j4so8xd9n66\gradle-8.14.3\lib\gradle-daemon-main-8.14.3.jar
Launcher Type: SUN_STANDARD

[Global flags]
     intx CICompilerCount                          = 3                                         {product} {ergonomic}
   size_t CompressedClassSpaceSize                 = 335544320                                 {product} {ergonomic}
     uint ConcGCThreads                            = 1                                         {product} {ergonomic}
     uint G1ConcRefinementThreads                  = 4                                         {product} {ergonomic}
   size_t G1HeapRegionSize                         = 1048576                                   {product} {ergonomic}
    uintx GCDrainStackTargetSize                   = 64                                        {product} {ergonomic}
   size_t InitialHeapSize                          = 62914560                                  {product} {ergonomic}
   size_t MarkStackSize                            = 4194304                                   {product} {ergonomic}
   size_t MaxHeapSize                              = 1342177280                                {product} {command line}
   size_t MaxMetaspaceSize                         = 402653184                                 {product} {command line}
   size_t MaxNewSize                               = 805306368                                 {product} {ergonomic}
   size_t MinHeapDeltaBytes                        = 1048576                                   {product} {ergonomic}
   size_t MinHeapSize                              = 8388608                                   {product} {ergonomic}
    uintx NonNMethodCodeHeapSize                   = 5832780                                {pd product} {ergonomic}
    uintx NonProfiledCodeHeapSize                  = 122912730                              {pd product} {ergonomic}
    uintx ProfiledCodeHeapSize                     = 122912730                              {pd product} {ergonomic}
    uintx ReservedCodeCacheSize                    = 251658240                              {pd product} {ergonomic}
     bool SegmentedCodeCache                       = true                                      {product} {ergonomic}
   size_t SoftMaxHeapSize                          = 1342177280                             {manageable} {ergonomic}
     bool UseCompressedClassPointers               = true                           {product lp64_product} {ergonomic}
     bool UseCompressedOops                        = true                           {product lp64_product} {ergonomic}
     bool UseG1GC                                  = true                                      {product} {ergonomic}
     bool UseLargePagesIndividualAllocation        = false                                  {pd product} {ergonomic}

Logging:
Log output configuration:
 #0: stdout all=warning uptime,level,tags
 #1: stderr all=off uptime,level,tags

Environment Variables:
JAVA_HOME=C:\dev\toolchain\jdk17\jdk-17.0.20.1+1
PATH=C:\dev\toolchain\jdk17\jdk-17.0.20.1+1\bin;C:\dev\toolchain\jdk17\jdk-17.0.20.1+1\bin;C:\dev\toolchain\android-sdk\cmdline-tools\latest\bin;C:\dev\toolchain\android-sdk\platform-tools;C:\dev\toolchain\gradle\gradle-8.14.3\bin;C:\dev\toolchain\mingit\cmd;C:\dev\toolchain\flutter-sdk\flutter\bin;C:\Program Files (x86)\Common Files\Oracle\Java\javapath;C:\Windows\system32;C:\Windows;C:\Windows\System32\Wbem;C:\Windows\System32\WindowsPowerShell\v1.0\;C:\Windows\System32\OpenSSH\;C:\Program Files\dotnet\;C:\Users\eveli\AppData\Local\Microsoft\WindowsApps;C:\Users\eveli\AppData\Local\Programs\Devin\bin;C:\dev\toolchain\flutter-sdk\flutter\bin\mingit\cmd
USERNAME=eveli
OS=Windows_NT
PROCESSOR_IDENTIFIER=Intel64 Family 6 Model 140 Stepping 1, GenuineIntel
TMP=C:\Users\eveli\AppData\Local\Temp
TEMP=C:\Users\eveli\AppData\Local\Temp



Periodic native trim disabled


---------------  S Y S T E M  ---------------

OS:
 Windows 10 , 64 bit Build 19041 (10.0.19041.5915)
OS uptime: 2 days 1:18 hours

CPU: total 4 (initial active 4) (2 cores per cpu, 2 threads per core) family 6 model 140 stepping 1 microcode 0xbe, cx8, cmov, fxsr, ht, mmx, 3dnowpref, sse, sse2, sse3, ssse3, sse4.1, sse4.2, popcnt, lzcnt, tsc, tscinvbit, avx, avx2, aes, erms, clmul, bmi1, bmi2, adx, avx512f, avx512dq, avx512cd, avx512bw, avx512vl, sha, fma, vzeroupper, avx512_vpopcntdq, avx512_vpclmulqdq, avx512_vaes, avx512_vnni, clflush, clflushopt, clwb, avx512_vbmi2, avx512_vbmi
Processor Information for all 4 processors :
  Max Mhz: 2995, Current Mhz: 2995, Mhz Limit: 2995

Memory: 4k page, system-wide physical 3818M (212M free)
TotalPageFile size 15594M (AvailPageFile size 0M)
current process WorkingSet (physical memory assigned to process): 333M, peak: 333M
current process commit charge ("private bytes"): 495M, peak: 497M

vm_info: OpenJDK 64-Bit Server VM (17.0.20.1+1) for windows-amd64 JRE (17.0.20.1+1), built on Aug 18 2026 20:44:09 by "admin" with MS VC++ 17.12 (VS2022)

END.
