#
# There is insufficient memory for the Java Runtime Environment to continue.
# Native memory allocation (mmap) failed to map 306184192 bytes. Error detail: G1 virtual space
# Possible reasons:
#   The system is out of physical RAM or swap space
#   This process is running with CompressedOops enabled, and the Java Heap may be blocking the growth of the native heap
# Possible solutions:
#   Reduce memory load on the system
#   Increase physical memory or swap space
#   Check if swap backing store is full
#   Decrease Java heap size (-Xmx/-Xms)
#   Decrease number of Java threads
#   Decrease Java thread stack sizes (-Xss)
#   Set larger code cache with -XX:ReservedCodeCacheSize=
#   JVM is running with Unscaled Compressed Oops mode in which the Java heap is
#     placed in the first 4GB address space. The Java Heap base address is the
#     maximum limit for the native heap growth. Please use -XX:HeapBaseMinAddress
#     to set the Java Heap base and to place the Java Heap above 4GB virtual address.
# This output file may be truncated or incomplete.
#
#  Out of Memory Error (os_windows.cpp:3630), pid=11004, tid=20020
#
# JRE version: OpenJDK Runtime Environment Temurin-17.0.20.1+1 (17.0.20.1+1) (build 17.0.20.1+1)
# Java VM: OpenJDK 64-Bit Server VM Temurin-17.0.20.1+1 (17.0.20.1+1, mixed mode, sharing, tiered, compressed oops, compressed class ptrs, g1 gc, windows-amd64)
# No core dump will be written. Minidumps are not enabled by default on client versions of Windows
#

---------------  S U M M A R Y ------------

Command Line: --add-opens=java.base/java.lang=ALL-UNNAMED --add-opens=java.base/java.lang.invoke=ALL-UNNAMED --add-opens=java.base/java.util=ALL-UNNAMED --add-opens=java.prefs/java.util.prefs=ALL-UNNAMED --add-exports=jdk.compiler/com.sun.tools.javac.api=ALL-UNNAMED --add-exports=jdk.compiler/com.sun.tools.javac.util=ALL-UNNAMED --add-opens=java.base/java.util=ALL-UNNAMED --add-opens=java.prefs/java.util.prefs=ALL-UNNAMED --add-opens=java.base/java.nio.charset=ALL-UNNAMED --add-opens=java.base/java.net=ALL-UNNAMED --add-opens=java.base/java.util.concurrent.atomic=ALL-UNNAMED --add-opens=java.xml/javax.xml.namespace=ALL-UNNAMED -XX:MaxMetaspaceSize=256m -Xmx896m -Dfile.encoding=windows-1253 -Duser.country=GR -Duser.language=el -Duser.variant -javaagent:C:\Users\eveli\.gradle\wrapper\dists\gradle-8.14.3-bin\cv11ve7ro1n3o1j4so8xd9n66\gradle-8.14.3\lib\agents\gradle-instrumentation-agent-8.14.3.jar org.gradle.launcher.daemon.bootstrap.GradleDaemon 8.14.3

Host: 11th Gen Intel(R) Core(TM) i3-1115G4 @ 3.00GHz, 4 cores, 3G,  Windows 10 , 64 bit Build 19041 (10.0.19041.5915)
Time: Sun Oct  4 18:36:08 2026  Windows 10 , 64 bit Build 19041 (10.0.19041.5915) elapsed time: 21.767566 seconds (0d 0h 0m 21s)

---------------  T H R E A D  ---------------

Current thread (0x00000274c10f7950):  VMThread "VM Thread" [stack: 0x000000c45a100000,0x000000c45a200000] [id=20020]

Stack: [0x000000c45a100000,0x000000c45a200000]
Native frames: (J=compiled Java code, j=interpreted, Vv=VM code, C=native code)
V  [jvm.dll+0x684d39]
V  [jvm.dll+0x83a565]
V  [jvm.dll+0x83bfde]
V  [jvm.dll+0x83c663]
V  [jvm.dll+0x2490cf]
V  [jvm.dll+0x681af9]
V  [jvm.dll+0x6768ba]
V  [jvm.dll+0x309467]
V  [jvm.dll+0x310a56]
V  [jvm.dll+0x360f3e]
V  [jvm.dll+0x36117d]
V  [jvm.dll+0x2e04ec]
V  [jvm.dll+0x2de8c2]
V  [jvm.dll+0x2de05c]
V  [jvm.dll+0x321081]
V  [jvm.dll+0x840e7d]
V  [jvm.dll+0x841bb3]
V  [jvm.dll+0x8420df]
V  [jvm.dll+0x8424c5]
V  [jvm.dll+0x84258e]
V  [jvm.dll+0x7eb17c]
V  [jvm.dll+0x683c07]
C  [ucrtbase.dll+0x21bb2]
C  [KERNEL32.DLL+0x17374]
C  [ntdll.dll+0x4cc91]

VM_Operation (0x000000c45b8ee700): G1TryInitiateConcMark, mode: safepoint, requested by thread 0x00000274efef7070


---------------  P R O C E S S  ---------------

Threads class SMR info:
_java_thread_list=0x00000274f3094c70, length=74, elements={
0x00000274c1058550, 0x00000274c10fd940, 0x00000274c10fe410, 0x00000274dc176910,
0x00000274dc1791f0, 0x00000274dc17c270, 0x00000274dc19d6f0, 0x00000274dc1a8be0,
0x00000274dc1ae500, 0x00000274dc1c2190, 0x00000274c10e7420, 0x00000274dc4c7740,
0x00000274ef438570, 0x00000274dc9fbc00, 0x00000274efd49120, 0x00000274f03108e0,
0x00000274efc97900, 0x00000274efefa820, 0x00000274efef7070, 0x00000274efefa310,
0x00000274efef7580, 0x00000274efef98f0, 0x00000274efef7a90, 0x00000274efef8ed0,
0x00000274efef84b0, 0x00000274efef89c0, 0x00000274efef93e0, 0x00000274f0a82140,
0x00000274f0a82650, 0x00000274f0a802e0, 0x00000274f0a82b60, 0x00000274f0a807f0,
0x00000274f0a81720, 0x00000274f0a83580, 0x00000274f0a81c30, 0x00000274f26bae50,
0x00000274f26b8ae0, 0x00000274f26be600, 0x00000274f26bb360, 0x00000274f26b9500,
0x00000274f26b8ff0, 0x00000274f26b9a10, 0x00000274f26bdbe0, 0x00000274f26bf530,
0x00000274f26b9f20, 0x00000274f26bc290, 0x00000274f26bd1c0, 0x00000274f26be0f0,
0x00000274f26beb10, 0x00000274f26bf020, 0x00000274f26bfa40, 0x00000274f26b85d0,
0x00000274f07151a0, 0x00000274f0712410, 0x00000274f0714780, 0x00000274f0712920,
0x00000274f0712e30, 0x00000274f0714270, 0x00000274f0711f00, 0x00000274f07119f0,
0x00000274f0713850, 0x00000274f0713340, 0x00000274f0713d60, 0x00000274f0714c90,
0x00000274f11b9f00, 0x00000274f11bc270, 0x00000274f11b8fd0, 0x00000274f11b6240,
0x00000274f11bd1a0, 0x00000274f11b5d30, 0x00000274f11bb850, 0x00000274f11bc780,
0x00000274f11bcc90, 0x00000274f11b85b0
}

Java Threads: ( => current thread )
  0x00000274c1058550 JavaThread "main" [_thread_blocked, id=6196, stack(0x000000c459b00000,0x000000c459c00000)]
  0x00000274c10fd940 JavaThread "Reference Handler" daemon [_thread_blocked, id=9844, stack(0x000000c45a200000,0x000000c45a300000)]
  0x00000274c10fe410 JavaThread "Finalizer" daemon [_thread_blocked, id=19560, stack(0x000000c45a300000,0x000000c45a400000)]
  0x00000274dc176910 JavaThread "Signal Dispatcher" daemon [_thread_blocked, id=13452, stack(0x000000c45a400000,0x000000c45a500000)]
  0x00000274dc1791f0 JavaThread "Attach Listener" daemon [_thread_blocked, id=17728, stack(0x000000c45a500000,0x000000c45a600000)]
  0x00000274dc17c270 JavaThread "Service Thread" daemon [_thread_blocked, id=18012, stack(0x000000c45a600000,0x000000c45a700000)]
  0x00000274dc19d6f0 JavaThread "Monitor Deflation Thread" daemon [_thread_blocked, id=13004, stack(0x000000c45a700000,0x000000c45a800000)]
  0x00000274dc1a8be0 JavaThread "C2 CompilerThread0" daemon [_thread_blocked, id=17188, stack(0x000000c45a800000,0x000000c45a900000)]
  0x00000274dc1ae500 JavaThread "C1 CompilerThread0" daemon [_thread_blocked, id=18860, stack(0x000000c45a900000,0x000000c45aa00000)]
  0x00000274dc1c2190 JavaThread "Sweeper thread" daemon [_thread_blocked, id=4000, stack(0x000000c45aa00000,0x000000c45ab00000)]
  0x00000274c10e7420 JavaThread "Common-Cleaner" daemon [_thread_blocked, id=9172, stack(0x000000c45ab00000,0x000000c45ac00000)]
  0x00000274dc4c7740 JavaThread "Notification Thread" daemon [_thread_blocked, id=9996, stack(0x000000c45ac00000,0x000000c45ad00000)]
  0x00000274ef438570 JavaThread "Daemon health stats" [_thread_blocked, id=19984, stack(0x000000c45b200000,0x000000c45b300000)]
  0x00000274dc9fbc00 JavaThread "Incoming local TCP Connector on port 63061" [_thread_in_native, id=14552, stack(0x000000c45b300000,0x000000c45b400000)]
  0x00000274efd49120 JavaThread "Daemon periodic checks" [_thread_blocked, id=20428, stack(0x000000c45b400000,0x000000c45b500000)]
  0x00000274f03108e0 JavaThread "Daemon" [_thread_blocked, id=2560, stack(0x000000c45b500000,0x000000c45b600000)]
  0x00000274efc97900 JavaThread "Handler for socket connection from /127.0.0.1:63061 to /127.0.0.1:63062" [_thread_in_native, id=18604, stack(0x000000c45b600000,0x000000c45b700000)]
  0x00000274efefa820 JavaThread "Cancel handler" [_thread_blocked, id=2536, stack(0x000000c45b700000,0x000000c45b800000)]
  0x00000274efef7070 JavaThread "Daemon worker" [_thread_blocked, id=16356, stack(0x000000c45b800000,0x000000c45b900000)]
  0x00000274efefa310 JavaThread "Asynchronous log dispatcher for DefaultDaemonConnection: socket connection from /127.0.0.1:63061 to /127.0.0.1:63062" [_thread_blocked, id=13164, stack(0x000000c45b900000,0x000000c45ba00000)]
  0x00000274efef7580 JavaThread "Stdin handler" [_thread_blocked, id=19820, stack(0x000000c45ba00000,0x000000c45bb00000)]
  0x00000274efef98f0 JavaThread "Daemon client event forwarder" [_thread_blocked, id=19808, stack(0x000000c45bb00000,0x000000c45bc00000)]
  0x00000274efef7a90 JavaThread "Cache worker for journal cache (C:\Users\eveli\.gradle\caches\journal-1)" [_thread_blocked, id=5072, stack(0x000000c45bc00000,0x000000c45bd00000)]
  0x00000274efef8ed0 JavaThread "File lock request listener" [_thread_in_native, id=12416, stack(0x000000c45bd00000,0x000000c45be00000)]
  0x00000274efef84b0 JavaThread "Cache worker for file hash cache (C:\Users\eveli\.gradle\caches\8.14.3\fileHashes)" [_thread_blocked, id=17116, stack(0x000000c45be00000,0x000000c45bf00000)]
  0x00000274efef89c0 JavaThread "Cache worker for file hash cache (C:\dev\maxima\android\.gradle\8.14.3\fileHashes)" [_thread_blocked, id=17392, stack(0x000000c45bf00000,0x000000c45c000000)]
  0x00000274efef93e0 JavaThread "Cache worker for Build Output Cleanup Cache (C:\dev\maxima\android\.gradle\buildOutputCleanup)" [_thread_blocked, id=19164, stack(0x000000c45c000000,0x000000c45c100000)]
  0x00000274f0a82140 JavaThread "File watcher server" daemon [_thread_in_native, id=1712, stack(0x000000c45c100000,0x000000c45c200000)]
  0x00000274f0a82650 JavaThread "File watcher consumer" daemon [_thread_blocked, id=11392, stack(0x000000c45c200000,0x000000c45c300000)]
  0x00000274f0a802e0 JavaThread "jar transforms" [_thread_blocked, id=10780, stack(0x000000c45c300000,0x000000c45c400000)]
  0x00000274f0a82b60 JavaThread "Cache worker for checksums cache (C:\dev\maxima\android\.gradle\8.14.3\checksums)" [_thread_blocked, id=12996, stack(0x000000c45c400000,0x000000c45c500000)]
  0x00000274f0a807f0 JavaThread "Cache worker for file content cache (C:\Users\eveli\.gradle\caches\8.14.3\fileContent)" [_thread_blocked, id=11072, stack(0x000000c45c500000,0x000000c45c600000)]
  0x00000274f0a81720 JavaThread "Cache worker for cache directory md-supplier (C:\Users\eveli\.gradle\caches\8.14.3\md-supplier)" [_thread_blocked, id=16932, stack(0x000000c45c600000,0x000000c45c700000)]
  0x00000274f0a83580 JavaThread "Cache worker for cache directory md-rule (C:\Users\eveli\.gradle\caches\8.14.3\md-rule)" [_thread_blocked, id=14332, stack(0x000000c45c700000,0x000000c45c800000)]
  0x00000274f0a81c30 JavaThread "Cache worker for Build Output Cleanup Cache (C:\dev\toolchain\flutter-sdk\flutter\packages\flutter_tools\gradle\.gradle\buildOutputCleanup)" [_thread_blocked, id=15732, stack(0x000000c45c800000,0x000000c45c900000)]
  0x00000274f26bae50 JavaThread "Unconstrained build operations" [_thread_blocked, id=16564, stack(0x000000c45c900000,0x000000c45ca00000)]
  0x00000274f26b8ae0 JavaThread "Unconstrained build operations Thread 2" [_thread_blocked, id=14936, stack(0x000000c45ca00000,0x000000c45cb00000)]
  0x00000274f26be600 JavaThread "Unconstrained build operations Thread 3" [_thread_blocked, id=9488, stack(0x000000c45cb00000,0x000000c45cc00000)]
  0x00000274f26bb360 JavaThread "Unconstrained build operations Thread 4" [_thread_blocked, id=676, stack(0x000000c45cc00000,0x000000c45cd00000)]
  0x00000274f26b9500 JavaThread "Unconstrained build operations Thread 5" [_thread_blocked, id=7844, stack(0x000000c45cd00000,0x000000c45ce00000)]
  0x00000274f26b8ff0 JavaThread "Unconstrained build operations Thread 6" [_thread_blocked, id=13040, stack(0x000000c45ce00000,0x000000c45cf00000)]
  0x00000274f26b9a10 JavaThread "Unconstrained build operations Thread 7" [_thread_blocked, id=684, stack(0x000000c45cf00000,0x000000c45d000000)]
  0x00000274f26bdbe0 JavaThread "Unconstrained build operations Thread 8" [_thread_blocked, id=13084, stack(0x000000c45d000000,0x000000c45d100000)]
  0x00000274f26bf530 JavaThread "Unconstrained build operations Thread 9" [_thread_blocked, id=7980, stack(0x000000c45d100000,0x000000c45d200000)]
  0x00000274f26b9f20 JavaThread "Memory manager" [_thread_blocked, id=14804, stack(0x000000c45d200000,0x000000c45d300000)]
  0x00000274f26bc290 JavaThread "build event listener" [_thread_blocked, id=12892, stack(0x000000c45d300000,0x000000c45d400000)]
  0x00000274f26bd1c0 JavaThread "included builds" [_thread_blocked, id=18472, stack(0x000000c45d400000,0x000000c45d500000)]
  0x00000274f26be0f0 JavaThread "Execution worker" [_thread_blocked, id=2476, stack(0x000000c45d500000,0x000000c45d600000)]
  0x00000274f26beb10 JavaThread "Execution worker Thread 2" [_thread_blocked, id=2636, stack(0x000000c45d600000,0x000000c45d700000)]
  0x00000274f26bf020 JavaThread "Execution worker Thread 3" [_thread_blocked, id=14236, stack(0x000000c45d700000,0x000000c45d800000)]
  0x00000274f26bfa40 JavaThread "Cache worker for execution history cache (C:\dev\toolchain\flutter-sdk\flutter\packages\flutter_tools\gradle\.gradle\8.14.3\executionHistory)" [_thread_blocked, id=1796, stack(0x000000c45d800000,0x000000c45d900000)]
  0x00000274f26b85d0 JavaThread "Unconstrained build operations Thread 10" [_thread_blocked, id=14404, stack(0x000000c45d900000,0x000000c45da00000)]
  0x00000274f07151a0 JavaThread "Unconstrained build operations Thread 11" [_thread_blocked, id=2504, stack(0x000000c45da00000,0x000000c45db00000)]
  0x00000274f0712410 JavaThread "Unconstrained build operations Thread 12" [_thread_blocked, id=16740, stack(0x000000c45db00000,0x000000c45dc00000)]
  0x00000274f0714780 JavaThread "Unconstrained build operations Thread 13" [_thread_blocked, id=5688, stack(0x000000c45dc00000,0x000000c45dd00000)]
  0x00000274f0712920 JavaThread "Unconstrained build operations Thread 14" [_thread_blocked, id=11972, stack(0x000000c45dd00000,0x000000c45de00000)]
  0x00000274f0712e30 JavaThread "Unconstrained build operations Thread 15" [_thread_blocked, id=17500, stack(0x000000c45de00000,0x000000c45df00000)]
  0x00000274f0714270 JavaThread "Unconstrained build operations Thread 16" [_thread_blocked, id=4636, stack(0x000000c45df00000,0x000000c45e000000)]
  0x00000274f0711f00 JavaThread "Unconstrained build operations Thread 17" [_thread_blocked, id=11304, stack(0x000000c45e000000,0x000000c45e100000)]
  0x00000274f07119f0 JavaThread "Unconstrained build operations Thread 18" [_thread_blocked, id=7212, stack(0x000000c45e100000,0x000000c45e200000)]
  0x00000274f0713850 JavaThread "Unconstrained build operations Thread 19" [_thread_blocked, id=460, stack(0x000000c45e200000,0x000000c45e300000)]
  0x00000274f0713340 JavaThread "Unconstrained build operations Thread 20" [_thread_blocked, id=13600, stack(0x000000c45e300000,0x000000c45e400000)]
  0x00000274f0713d60 JavaThread "Unconstrained build operations Thread 21" [_thread_blocked, id=15224, stack(0x000000c45e400000,0x000000c45e500000)]
  0x00000274f0714c90 JavaThread "Unconstrained build operations Thread 22" [_thread_blocked, id=8404, stack(0x000000c45e500000,0x000000c45e600000)]
  0x00000274f11b9f00 JavaThread "Unconstrained build operations Thread 23" [_thread_blocked, id=18244, stack(0x000000c45e600000,0x000000c45e700000)]
  0x00000274f11bc270 JavaThread "Unconstrained build operations Thread 24" [_thread_blocked, id=6836, stack(0x000000c45e700000,0x000000c45e800000)]
  0x00000274f11b8fd0 JavaThread "Unconstrained build operations Thread 25" [_thread_blocked, id=7580, stack(0x000000c45e800000,0x000000c45e900000)]
  0x00000274f11b6240 JavaThread "Unconstrained build operations Thread 26" [_thread_blocked, id=5288, stack(0x000000c45e900000,0x000000c45ea00000)]
  0x00000274f11bd1a0 JavaThread "Unconstrained build operations Thread 27" [_thread_blocked, id=19228, stack(0x000000c45ea00000,0x000000c45eb00000)]
  0x00000274f11b5d30 JavaThread "Unconstrained build operations Thread 28" [_thread_blocked, id=3360, stack(0x000000c45eb00000,0x000000c45ec00000)]
  0x00000274f11bb850 JavaThread "Unconstrained build operations Thread 29" [_thread_blocked, id=9828, stack(0x000000c45ec00000,0x000000c45ed00000)]
  0x00000274f11bc780 JavaThread "jar transforms Thread 2" [_thread_blocked, id=16344, stack(0x000000c45ed00000,0x000000c45ee00000)]
  0x00000274f11bcc90 JavaThread "jar transforms Thread 3" [_thread_blocked, id=8456, stack(0x000000c45ee00000,0x000000c45ef00000)]
  0x00000274f11b85b0 JavaThread "jar transforms Thread 4" [_thread_blocked, id=9648, stack(0x000000c45ef00000,0x000000c45f000000)]

Other Threads:
=>0x00000274c10f7950 VMThread "VM Thread" [stack: 0x000000c45a100000,0x000000c45a200000] [id=20020]
  0x00000274dc4c7c20 WatcherThread [stack: 0x000000c45ad00000,0x000000c45ae00000] [id=9740]
  0x00000274c108c700 GCTaskThread "GC Thread#0" [stack: 0x000000c459c00000,0x000000c459d00000] [id=14016]
  0x00000274dc787880 GCTaskThread "GC Thread#1" [stack: 0x000000c45ae00000,0x000000c45af00000] [id=14664]
  0x00000274dc587630 GCTaskThread "GC Thread#2" [stack: 0x000000c45af00000,0x000000c45b000000] [id=17536]
  0x00000274dc5cce70 GCTaskThread "GC Thread#3" [stack: 0x000000c45b000000,0x000000c45b100000] [id=5312]
  0x00000274befdecb0 ConcurrentGCThread "G1 Main Marker" [stack: 0x000000c459d00000,0x000000c459e00000] [id=4776]
  0x00000274c10948f0 ConcurrentGCThread "G1 Conc#0" [stack: 0x000000c459e00000,0x000000c459f00000] [id=16024]
  0x00000274c10d45a0 ConcurrentGCThread "G1 Refine#0" [stack: 0x000000c459f00000,0x000000c45a000000] [id=15872]
  0x00000274ef187cb0 ConcurrentGCThread "G1 Refine#1" [stack: 0x000000c45b100000,0x000000c45b200000] [id=16632]
  0x00000274c10d5ef0 ConcurrentGCThread "G1 Service" [stack: 0x000000c45a000000,0x000000c45a100000] [id=19056]

Threads with active compile tasks:

VM state: at safepoint (normal execution)

VM Mutex/Monitor currently owned by a thread:  ([mutex/lock_event])
[0x00000274c1054720] Threads_lock - owner thread: 0x00000274c10f7950
[0x00000274c1054840] Heap_lock - owner thread: 0x00000274efef7070

Heap address: 0x00000000c8000000, size: 896 MB, Compressed Oops mode: 32-bit

CDS archive(s) mapped at: [0x00000274dd000000-0x00000274ddbb0000-0x00000274ddbb0000), size 12255232, SharedBaseAddress: 0x00000274dd000000, ArchiveRelocationMode: 1.
Compressed class space mapped at: 0x00000274de000000-0x00000274eb000000, reserved size: 218103808
Narrow klass base: 0x00000274dd000000, Narrow klass shift: 0, Narrow klass range: 0x100000000

GC Precious Log:
 CPUs: 4 total, 4 available
 Memory: 3818M
 Large Page Support: Disabled
 NUMA Support: Disabled
 Compressed Oops: Enabled (32-bit)
 Heap Region Size: 1M
 Heap Min Capacity: 8M
 Heap Initial Capacity: 60M
 Heap Max Capacity: 896M
 Pre-touch: Disabled
 Parallel Workers: 4
 Concurrent Workers: 1
 Concurrent Refinement Workers: 4
 Periodic GC: Disabled

Heap:
 garbage-first heap   total 155648K, used 86743K [0x00000000c8000000, 0x0000000100000000)
  region size 1024K, 2 young (2048K), 2 survivors (2048K)
 Metaspace       used 77838K, committed 78592K, reserved 344064K
  class space    used 10821K, committed 11200K, reserved 212992K

Heap Regions: E=young(eden), S=young(survivor), O=old, HS=humongous(starts), HC=humongous(continues), CS=collection set, F=free, OA=open archive, CA=closed archive, TAMS=top-at-mark-start (previous, next)
|   0|0x00000000c8000000, 0x00000000c8100000, 0x00000000c8100000|100%|HS|  |TAMS 0x00000000c8100000, 0x00000000c8100000| Complete 
|   1|0x00000000c8100000, 0x00000000c8200000, 0x00000000c8200000|100%|HC|  |TAMS 0x00000000c8200000, 0x00000000c8200000| Complete 
|   2|0x00000000c8200000, 0x00000000c8300000, 0x00000000c8300000|100%|HC|  |TAMS 0x00000000c8300000, 0x00000000c8300000| Complete 
|   3|0x00000000c8300000, 0x00000000c8400000, 0x00000000c8400000|100%| O|  |TAMS 0x00000000c8400000, 0x00000000c8400000| Untracked 
|   4|0x00000000c8400000, 0x00000000c8500000, 0x00000000c8500000|100%| O|  |TAMS 0x00000000c8500000, 0x00000000c8500000| Untracked 
|   5|0x00000000c8500000, 0x00000000c8600000, 0x00000000c8600000|100%| O|  |TAMS 0x00000000c8600000, 0x00000000c8600000| Untracked 
|   6|0x00000000c8600000, 0x00000000c8700000, 0x00000000c8700000|100%| O|  |TAMS 0x00000000c8700000, 0x00000000c8700000| Untracked 
|   7|0x00000000c8700000, 0x00000000c8800000, 0x00000000c8800000|100%|HS|  |TAMS 0x00000000c8800000, 0x00000000c8800000| Complete 
|   8|0x00000000c8800000, 0x00000000c8900000, 0x00000000c8900000|100%| O|  |TAMS 0x00000000c8900000, 0x00000000c8900000| Untracked 
|   9|0x00000000c8900000, 0x00000000c8a00000, 0x00000000c8a00000|100%| O|  |TAMS 0x00000000c8a00000, 0x00000000c8a00000| Untracked 
|  10|0x00000000c8a00000, 0x00000000c8b00000, 0x00000000c8b00000|100%| O|  |TAMS 0x00000000c8b00000, 0x00000000c8b00000| Untracked 
|  11|0x00000000c8b00000, 0x00000000c8c00000, 0x00000000c8c00000|100%| O|  |TAMS 0x00000000c8c00000, 0x00000000c8c00000| Untracked 
|  12|0x00000000c8c00000, 0x00000000c8d00000, 0x00000000c8d00000|100%| O|  |TAMS 0x00000000c8d00000, 0x00000000c8d00000| Untracked 
|  13|0x00000000c8d00000, 0x00000000c8e00000, 0x00000000c8e00000|100%| O|  |TAMS 0x00000000c8e00000, 0x00000000c8e00000| Untracked 
|  14|0x00000000c8e00000, 0x00000000c8f00000, 0x00000000c8f00000|100%| O|  |TAMS 0x00000000c8f00000, 0x00000000c8f00000| Untracked 
|  15|0x00000000c8f00000, 0x00000000c9000000, 0x00000000c9000000|100%| O|  |TAMS 0x00000000c9000000, 0x00000000c9000000| Untracked 
|  16|0x00000000c9000000, 0x00000000c9100000, 0x00000000c9100000|100%| O|  |TAMS 0x00000000c9100000, 0x00000000c9100000| Untracked 
|  17|0x00000000c9100000, 0x00000000c9200000, 0x00000000c9200000|100%| O|  |TAMS 0x00000000c9200000, 0x00000000c9200000| Untracked 
|  18|0x00000000c9200000, 0x00000000c9300000, 0x00000000c9300000|100%| O|  |TAMS 0x00000000c9300000, 0x00000000c9300000| Untracked 
|  19|0x00000000c9300000, 0x00000000c9400000, 0x00000000c9400000|100%| O|  |TAMS 0x00000000c9400000, 0x00000000c9400000| Untracked 
|  20|0x00000000c9400000, 0x00000000c9500000, 0x00000000c9500000|100%| O|  |TAMS 0x00000000c9500000, 0x00000000c9500000| Untracked 
|  21|0x00000000c9500000, 0x00000000c9600000, 0x00000000c9600000|100%| O|  |TAMS 0x00000000c9600000, 0x00000000c9600000| Untracked 
|  22|0x00000000c9600000, 0x00000000c9700000, 0x00000000c9700000|100%| O|  |TAMS 0x00000000c9700000, 0x00000000c9700000| Untracked 
|  23|0x00000000c9700000, 0x00000000c9800000, 0x00000000c9800000|100%| O|  |TAMS 0x00000000c9800000, 0x00000000c9800000| Untracked 
|  24|0x00000000c9800000, 0x00000000c9900000, 0x00000000c9900000|100%| O|  |TAMS 0x00000000c9900000, 0x00000000c9900000| Untracked 
|  25|0x00000000c9900000, 0x00000000c9a00000, 0x00000000c9a00000|100%| O|  |TAMS 0x00000000c9a00000, 0x00000000c9a00000| Untracked 
|  26|0x00000000c9a00000, 0x00000000c9b00000, 0x00000000c9b00000|100%| O|  |TAMS 0x00000000c9b00000, 0x00000000c9b00000| Untracked 
|  27|0x00000000c9b00000, 0x00000000c9c00000, 0x00000000c9c00000|100%| O|  |TAMS 0x00000000c9c00000, 0x00000000c9c00000| Untracked 
|  28|0x00000000c9c00000, 0x00000000c9d00000, 0x00000000c9d00000|100%| O|  |TAMS 0x00000000c9d00000, 0x00000000c9d00000| Untracked 
|  29|0x00000000c9d00000, 0x00000000c9e00000, 0x00000000c9e00000|100%| O|  |TAMS 0x00000000c9e00000, 0x00000000c9e00000| Untracked 
|  30|0x00000000c9e00000, 0x00000000c9f00000, 0x00000000c9f00000|100%| O|  |TAMS 0x00000000c9f00000, 0x00000000c9f00000| Untracked 
|  31|0x00000000c9f00000, 0x00000000ca000000, 0x00000000ca000000|100%| O|  |TAMS 0x00000000ca000000, 0x00000000ca000000| Untracked 
|  32|0x00000000ca000000, 0x00000000ca100000, 0x00000000ca100000|100%| O|  |TAMS 0x00000000ca100000, 0x00000000ca100000| Untracked 
|  33|0x00000000ca100000, 0x00000000ca200000, 0x00000000ca200000|100%| O|  |TAMS 0x00000000ca200000, 0x00000000ca200000| Untracked 
|  34|0x00000000ca200000, 0x00000000ca300000, 0x00000000ca300000|100%| O|  |TAMS 0x00000000ca300000, 0x00000000ca300000| Untracked 
|  35|0x00000000ca300000, 0x00000000ca400000, 0x00000000ca400000|100%| O|  |TAMS 0x00000000ca400000, 0x00000000ca400000| Untracked 
|  36|0x00000000ca400000, 0x00000000ca500000, 0x00000000ca500000|100%| O|  |TAMS 0x00000000ca500000, 0x00000000ca500000| Untracked 
|  37|0x00000000ca500000, 0x00000000ca600000, 0x00000000ca600000|100%| O|  |TAMS 0x00000000ca600000, 0x00000000ca600000| Untracked 
|  38|0x00000000ca600000, 0x00000000ca700000, 0x00000000ca700000|100%| O|  |TAMS 0x00000000ca700000, 0x00000000ca700000| Untracked 
|  39|0x00000000ca700000, 0x00000000ca800000, 0x00000000ca800000|100%| O|  |TAMS 0x00000000ca800000, 0x00000000ca800000| Untracked 
|  40|0x00000000ca800000, 0x00000000ca900000, 0x00000000ca900000|100%| O|  |TAMS 0x00000000ca900000, 0x00000000ca900000| Untracked 
|  41|0x00000000ca900000, 0x00000000caa00000, 0x00000000caa00000|100%|HS|  |TAMS 0x00000000caa00000, 0x00000000caa00000| Complete 
|  42|0x00000000caa00000, 0x00000000cab00000, 0x00000000cab00000|100%|HC|  |TAMS 0x00000000cab00000, 0x00000000cab00000| Complete 
|  43|0x00000000cab00000, 0x00000000cac00000, 0x00000000cac00000|100%|HS|  |TAMS 0x00000000cac00000, 0x00000000cac00000| Complete 
|  44|0x00000000cac00000, 0x00000000cad00000, 0x00000000cad00000|100%|HC|  |TAMS 0x00000000cad00000, 0x00000000cad00000| Complete 
|  45|0x00000000cad00000, 0x00000000cae00000, 0x00000000cae00000|100%| O|  |TAMS 0x00000000cae00000, 0x00000000cae00000| Untracked 
|  46|0x00000000cae00000, 0x00000000caf00000, 0x00000000caf00000|100%| O|  |TAMS 0x00000000caf00000, 0x00000000caf00000| Untracked 
|  47|0x00000000caf00000, 0x00000000cb000000, 0x00000000cb000000|100%| O|  |TAMS 0x00000000cb000000, 0x00000000cb000000| Untracked 
|  48|0x00000000cb000000, 0x00000000cb100000, 0x00000000cb100000|100%| O|  |TAMS 0x00000000cb100000, 0x00000000cb100000| Untracked 
|  49|0x00000000cb100000, 0x00000000cb200000, 0x00000000cb200000|100%| O|  |TAMS 0x00000000cb200000, 0x00000000cb200000| Untracked 
|  50|0x00000000cb200000, 0x00000000cb300000, 0x00000000cb300000|100%| O|  |TAMS 0x00000000cb300000, 0x00000000cb300000| Untracked 
|  51|0x00000000cb300000, 0x00000000cb400000, 0x00000000cb400000|100%| O|  |TAMS 0x00000000cb400000, 0x00000000cb400000| Untracked 
|  52|0x00000000cb400000, 0x00000000cb500000, 0x00000000cb500000|100%| O|  |TAMS 0x00000000cb500000, 0x00000000cb500000| Untracked 
|  53|0x00000000cb500000, 0x00000000cb600000, 0x00000000cb600000|100%| O|  |TAMS 0x00000000cb600000, 0x00000000cb600000| Untracked 
|  54|0x00000000cb600000, 0x00000000cb700000, 0x00000000cb700000|100%| O|  |TAMS 0x00000000cb600000, 0x00000000cb700000| Untracked 
|  55|0x00000000cb700000, 0x00000000cb800000, 0x00000000cb800000|100%| O|  |TAMS 0x00000000cb800000, 0x00000000cb800000| Untracked 
|  56|0x00000000cb800000, 0x00000000cb900000, 0x00000000cb900000|100%| O|  |TAMS 0x00000000cb900000, 0x00000000cb900000| Untracked 
|  57|0x00000000cb900000, 0x00000000cba00000, 0x00000000cba00000|100%| O|  |TAMS 0x00000000cba00000, 0x00000000cba00000| Untracked 
|  58|0x00000000cba00000, 0x00000000cbb00000, 0x00000000cbb00000|100%| O|  |TAMS 0x00000000cbb00000, 0x00000000cbb00000| Untracked 
|  59|0x00000000cbb00000, 0x00000000cbc00000, 0x00000000cbc00000|100%| O|  |TAMS 0x00000000cbc00000, 0x00000000cbc00000| Untracked 
|  60|0x00000000cbc00000, 0x00000000cbd00000, 0x00000000cbd00000|100%| O|  |TAMS 0x00000000cbd00000, 0x00000000cbd00000| Untracked 
|  61|0x00000000cbd00000, 0x00000000cbe00000, 0x00000000cbe00000|100%| O|  |TAMS 0x00000000cbe00000, 0x00000000cbe00000| Untracked 
|  62|0x00000000cbe00000, 0x00000000cbf00000, 0x00000000cbf00000|100%| O|  |TAMS 0x00000000cbf00000, 0x00000000cbf00000| Untracked 
|  63|0x00000000cbf00000, 0x00000000cc000000, 0x00000000cc000000|100%|HS|  |TAMS 0x00000000cc000000, 0x00000000cc000000| Complete 
|  64|0x00000000cc000000, 0x00000000cc100000, 0x00000000cc100000|100%| O|  |TAMS 0x00000000cc100000, 0x00000000cc100000| Untracked 
|  65|0x00000000cc100000, 0x00000000cc200000, 0x00000000cc200000|100%| O|  |TAMS 0x00000000cc200000, 0x00000000cc200000| Untracked 
|  66|0x00000000cc200000, 0x00000000cc200000, 0x00000000cc300000|  0%| F|  |TAMS 0x00000000cc200000, 0x00000000cc200000| Untracked 
|  67|0x00000000cc300000, 0x00000000cc400000, 0x00000000cc400000|100%|HS|  |TAMS 0x00000000cc400000, 0x00000000cc400000| Complete 
|  68|0x00000000cc400000, 0x00000000cc500000, 0x00000000cc500000|100%|HS|  |TAMS 0x00000000cc500000, 0x00000000cc500000| Complete 
|  69|0x00000000cc500000, 0x00000000cc600000, 0x00000000cc600000|100%|HS|  |TAMS 0x00000000cc600000, 0x00000000cc600000| Complete 
|  70|0x00000000cc600000, 0x00000000cc700000, 0x00000000cc700000|100%| O|  |TAMS 0x00000000cc700000, 0x00000000cc700000| Untracked 
|  71|0x00000000cc700000, 0x00000000cc800000, 0x00000000cc800000|100%|HS|  |TAMS 0x00000000cc800000, 0x00000000cc800000| Complete 
|  72|0x00000000cc800000, 0x00000000cc900000, 0x00000000cc900000|100%|HC|  |TAMS 0x00000000cc900000, 0x00000000cc900000| Complete 
|  73|0x00000000cc900000, 0x00000000cca00000, 0x00000000cca00000|100%|HS|  |TAMS 0x00000000cca00000, 0x00000000cca00000| Complete 
|  74|0x00000000cca00000, 0x00000000ccb00000, 0x00000000ccb00000|100%|HS|  |TAMS 0x00000000ccb00000, 0x00000000ccb00000| Complete 
|  75|0x00000000ccb00000, 0x00000000ccc00000, 0x00000000ccc00000|100%| O|  |TAMS 0x00000000ccc00000, 0x00000000ccc00000| Untracked 
|  76|0x00000000ccc00000, 0x00000000ccd00000, 0x00000000ccd00000|100%| O|  |TAMS 0x00000000ccd00000, 0x00000000ccd00000| Untracked 
|  77|0x00000000ccd00000, 0x00000000cce00000, 0x00000000cce00000|100%| O|  |TAMS 0x00000000cce00000, 0x00000000cce00000| Untracked 
|  78|0x00000000cce00000, 0x00000000ccf00000, 0x00000000ccf00000|100%| O|  |TAMS 0x00000000ccf00000, 0x00000000ccf00000| Untracked 
|  79|0x00000000ccf00000, 0x00000000cd000000, 0x00000000cd000000|100%| O|  |TAMS 0x00000000cd000000, 0x00000000cd000000| Untracked 
|  80|0x00000000cd000000, 0x00000000cd0b8600, 0x00000000cd100000| 72%| O|  |TAMS 0x00000000cd000000, 0x00000000cd0b8600| Untracked 
|  81|0x00000000cd100000, 0x00000000cd100000, 0x00000000cd200000|  0%| F|  |TAMS 0x00000000cd100000, 0x00000000cd100000| Untracked 
|  82|0x00000000cd200000, 0x00000000cd200000, 0x00000000cd300000|  0%| F|  |TAMS 0x00000000cd200000, 0x00000000cd200000| Untracked 
|  83|0x00000000cd300000, 0x00000000cd300000, 0x00000000cd400000|  0%| F|  |TAMS 0x00000000cd300000, 0x00000000cd300000| Untracked 
|  84|0x00000000cd400000, 0x00000000cd400000, 0x00000000cd500000|  0%| F|  |TAMS 0x00000000cd400000, 0x00000000cd400000| Untracked 
|  85|0x00000000cd500000, 0x00000000cd600000, 0x00000000cd600000|100%| O|  |TAMS 0x00000000cd600000, 0x00000000cd600000| Untracked 
|  86|0x00000000cd600000, 0x00000000cd700000, 0x00000000cd700000|100%| O|  |TAMS 0x00000000cd700000, 0x00000000cd700000| Untracked 
|  87|0x00000000cd700000, 0x00000000cd800000, 0x00000000cd800000|100%| O|  |TAMS 0x00000000cd7d7e00, 0x00000000cd800000| Untracked 
|  88|0x00000000cd800000, 0x00000000cd800000, 0x00000000cd900000|  0%| F|  |TAMS 0x00000000cd800000, 0x00000000cd800000| Untracked 
|  89|0x00000000cd900000, 0x00000000cd900000, 0x00000000cda00000|  0%| F|  |TAMS 0x00000000cd900000, 0x00000000cd900000| Untracked 
|  90|0x00000000cda00000, 0x00000000cda00000, 0x00000000cdb00000|  0%| F|  |TAMS 0x00000000cda00000, 0x00000000cda00000| Untracked 
|  91|0x00000000cdb00000, 0x00000000cdb00000, 0x00000000cdc00000|  0%| F|  |TAMS 0x00000000cdb00000, 0x00000000cdb00000| Untracked 
|  92|0x00000000cdc00000, 0x00000000cdc00000, 0x00000000cdd00000|  0%| F|  |TAMS 0x00000000cdc00000, 0x00000000cdc00000| Untracked 
|  93|0x00000000cdd00000, 0x00000000cdd00000, 0x00000000cde00000|  0%| F|  |TAMS 0x00000000cdd00000, 0x00000000cdd00000| Untracked 
|  94|0x00000000cde00000, 0x00000000cde00000, 0x00000000cdf00000|  0%| F|  |TAMS 0x00000000cde00000, 0x00000000cde00000| Untracked 
|  95|0x00000000cdf00000, 0x00000000cdf00000, 0x00000000ce000000|  0%| F|  |TAMS 0x00000000cdf00000, 0x00000000cdf00000| Untracked 
|  96|0x00000000ce000000, 0x00000000ce000000, 0x00000000ce100000|  0%| F|  |TAMS 0x00000000ce000000, 0x00000000ce000000| Untracked 
|  97|0x00000000ce100000, 0x00000000ce100000, 0x00000000ce200000|  0%| F|  |TAMS 0x00000000ce100000, 0x00000000ce100000| Untracked 
|  98|0x00000000ce200000, 0x00000000ce200000, 0x00000000ce300000|  0%| F|  |TAMS 0x00000000ce200000, 0x00000000ce200000| Untracked 
|  99|0x00000000ce300000, 0x00000000ce300000, 0x00000000ce400000|  0%| F|  |TAMS 0x00000000ce300000, 0x00000000ce300000| Untracked 
| 100|0x00000000ce400000, 0x00000000ce400000, 0x00000000ce500000|  0%| F|  |TAMS 0x00000000ce400000, 0x00000000ce400000| Untracked 
| 101|0x00000000ce500000, 0x00000000ce500000, 0x00000000ce600000|  0%| F|  |TAMS 0x00000000ce500000, 0x00000000ce500000| Untracked 
| 102|0x00000000ce600000, 0x00000000ce600000, 0x00000000ce700000|  0%| F|  |TAMS 0x00000000ce600000, 0x00000000ce600000| Untracked 
| 103|0x00000000ce700000, 0x00000000ce700000, 0x00000000ce800000|  0%| F|  |TAMS 0x00000000ce700000, 0x00000000ce700000| Untracked 
| 104|0x00000000ce800000, 0x00000000ce800000, 0x00000000ce900000|  0%| F|  |TAMS 0x00000000ce800000, 0x00000000ce800000| Untracked 
| 105|0x00000000ce900000, 0x00000000ce900000, 0x00000000cea00000|  0%| F|  |TAMS 0x00000000ce900000, 0x00000000ce900000| Untracked 
| 106|0x00000000cea00000, 0x00000000cea00000, 0x00000000ceb00000|  0%| F|  |TAMS 0x00000000cea00000, 0x00000000cea00000| Untracked 
| 107|0x00000000ceb00000, 0x00000000ceb00000, 0x00000000cec00000|  0%| F|  |TAMS 0x00000000ceb00000, 0x00000000ceb00000| Untracked 
| 108|0x00000000cec00000, 0x00000000cec00000, 0x00000000ced00000|  0%| F|  |TAMS 0x00000000cec00000, 0x00000000cec00000| Untracked 
| 109|0x00000000ced00000, 0x00000000ced00000, 0x00000000cee00000|  0%| F|  |TAMS 0x00000000ced00000, 0x00000000ced00000| Untracked 
| 110|0x00000000cee00000, 0x00000000cee00000, 0x00000000cef00000|  0%| F|  |TAMS 0x00000000cee00000, 0x00000000cee00000| Untracked 
| 111|0x00000000cef00000, 0x00000000cef00000, 0x00000000cf000000|  0%| F|  |TAMS 0x00000000cef00000, 0x00000000cef00000| Untracked 
| 112|0x00000000cf000000, 0x00000000cf000000, 0x00000000cf100000|  0%| F|  |TAMS 0x00000000cf000000, 0x00000000cf000000| Untracked 
| 113|0x00000000cf100000, 0x00000000cf100000, 0x00000000cf200000|  0%| F|  |TAMS 0x00000000cf100000, 0x00000000cf100000| Untracked 
| 114|0x00000000cf200000, 0x00000000cf200000, 0x00000000cf300000|  0%| F|  |TAMS 0x00000000cf200000, 0x00000000cf200000| Untracked 
| 115|0x00000000cf300000, 0x00000000cf300000, 0x00000000cf400000|  0%| F|  |TAMS 0x00000000cf300000, 0x00000000cf300000| Untracked 
| 116|0x00000000cf400000, 0x00000000cf400000, 0x00000000cf500000|  0%| F|  |TAMS 0x00000000cf400000, 0x00000000cf400000| Untracked 
| 117|0x00000000cf500000, 0x00000000cf500000, 0x00000000cf600000|  0%| F|  |TAMS 0x00000000cf500000, 0x00000000cf500000| Untracked 
| 118|0x00000000cf600000, 0x00000000cf600000, 0x00000000cf700000|  0%| F|  |TAMS 0x00000000cf600000, 0x00000000cf600000| Untracked 
| 119|0x00000000cf700000, 0x00000000cf700000, 0x00000000cf800000|  0%| F|  |TAMS 0x00000000cf700000, 0x00000000cf700000| Untracked 
| 120|0x00000000cf800000, 0x00000000cf800000, 0x00000000cf900000|  0%| F|  |TAMS 0x00000000cf800000, 0x00000000cf800000| Untracked 
| 121|0x00000000cf900000, 0x00000000cf900000, 0x00000000cfa00000|  0%| F|  |TAMS 0x00000000cf900000, 0x00000000cf900000| Untracked 
| 122|0x00000000cfa00000, 0x00000000cfa00000, 0x00000000cfb00000|  0%| F|  |TAMS 0x00000000cfa00000, 0x00000000cfa00000| Untracked 
| 123|0x00000000cfb00000, 0x00000000cfb00000, 0x00000000cfc00000|  0%| F|  |TAMS 0x00000000cfb00000, 0x00000000cfb00000| Untracked 
| 124|0x00000000cfc00000, 0x00000000cfc00000, 0x00000000cfd00000|  0%| F|  |TAMS 0x00000000cfc00000, 0x00000000cfc00000| Untracked 
| 125|0x00000000cfd00000, 0x00000000cfd00000, 0x00000000cfe00000|  0%| F|  |TAMS 0x00000000cfd00000, 0x00000000cfd00000| Untracked 
| 126|0x00000000cfe00000, 0x00000000cfe00000, 0x00000000cff00000|  0%| F|  |TAMS 0x00000000cfe00000, 0x00000000cfe00000| Untracked 
| 127|0x00000000cff00000, 0x00000000cff00000, 0x00000000d0000000|  0%| F|  |TAMS 0x00000000cff00000, 0x00000000cff00000| Untracked 
| 128|0x00000000d0000000, 0x00000000d0000000, 0x00000000d0100000|  0%| F|  |TAMS 0x00000000d0000000, 0x00000000d0000000| Untracked 
| 129|0x00000000d0100000, 0x00000000d0100000, 0x00000000d0200000|  0%| F|  |TAMS 0x00000000d0100000, 0x00000000d0100000| Untracked 
| 130|0x00000000d0200000, 0x00000000d0200000, 0x00000000d0300000|  0%| F|  |TAMS 0x00000000d0200000, 0x00000000d0200000| Untracked 
| 131|0x00000000d0300000, 0x00000000d0300000, 0x00000000d0400000|  0%| F|  |TAMS 0x00000000d0300000, 0x00000000d0300000| Untracked 
| 132|0x00000000d0400000, 0x00000000d0400000, 0x00000000d0500000|  0%| F|  |TAMS 0x00000000d0400000, 0x00000000d0400000| Untracked 
| 133|0x00000000d0500000, 0x00000000d0500000, 0x00000000d0600000|  0%| F|  |TAMS 0x00000000d0500000, 0x00000000d0500000| Untracked 
| 134|0x00000000d0600000, 0x00000000d0600000, 0x00000000d0700000|  0%| F|  |TAMS 0x00000000d0600000, 0x00000000d0600000| Untracked 
| 135|0x00000000d0700000, 0x00000000d0700000, 0x00000000d0800000|  0%| F|  |TAMS 0x00000000d0700000, 0x00000000d0700000| Untracked 
| 136|0x00000000d0800000, 0x00000000d0800000, 0x00000000d0900000|  0%| F|  |TAMS 0x00000000d0800000, 0x00000000d0800000| Untracked 
| 137|0x00000000d0900000, 0x00000000d0900000, 0x00000000d0a00000|  0%| F|  |TAMS 0x00000000d0900000, 0x00000000d0900000| Untracked 
| 138|0x00000000d0a00000, 0x00000000d0a00000, 0x00000000d0b00000|  0%| F|  |TAMS 0x00000000d0a00000, 0x00000000d0a00000| Untracked 
| 139|0x00000000d0b00000, 0x00000000d0b00000, 0x00000000d0c00000|  0%| F|  |TAMS 0x00000000d0b00000, 0x00000000d0b00000| Untracked 
| 140|0x00000000d0c00000, 0x00000000d0c00000, 0x00000000d0d00000|  0%| F|  |TAMS 0x00000000d0c00000, 0x00000000d0c00000| Untracked 
| 141|0x00000000d0d00000, 0x00000000d0d00000, 0x00000000d0e00000|  0%| F|  |TAMS 0x00000000d0d00000, 0x00000000d0d00000| Untracked 
| 142|0x00000000d0e00000, 0x00000000d0e00000, 0x00000000d0f00000|  0%| F|  |TAMS 0x00000000d0e00000, 0x00000000d0e00000| Untracked 
| 143|0x00000000d0f00000, 0x00000000d0f00000, 0x00000000d1000000|  0%| F|  |TAMS 0x00000000d0f00000, 0x00000000d0f00000| Untracked 
| 144|0x00000000d1000000, 0x00000000d1000000, 0x00000000d1100000|  0%| F|  |TAMS 0x00000000d1000000, 0x00000000d1000000| Untracked 
| 145|0x00000000d1100000, 0x00000000d11fd740, 0x00000000d1200000| 99%| S|CS|TAMS 0x00000000d1100000, 0x00000000d1100000| Complete 
| 146|0x00000000d1200000, 0x00000000d1200000, 0x00000000d1300000|  0%| F|  |TAMS 0x00000000d1200000, 0x00000000d1200000| Untracked 
| 147|0x00000000d1300000, 0x00000000d1400000, 0x00000000d1400000|100%| S|CS|TAMS 0x00000000d1300000, 0x00000000d1300000| Complete 
| 148|0x00000000d1400000, 0x00000000d1400000, 0x00000000d1500000|  0%| F|  |TAMS 0x00000000d1400000, 0x00000000d1400000| Untracked 
| 149|0x00000000d1500000, 0x00000000d1500000, 0x00000000d1600000|  0%| F|  |TAMS 0x00000000d1500000, 0x00000000d1500000| Untracked 
| 150|0x00000000d1600000, 0x00000000d1600000, 0x00000000d1700000|  0%| F|  |TAMS 0x00000000d1600000, 0x00000000d1600000| Untracked 
| 151|0x00000000d1700000, 0x00000000d1700000, 0x00000000d1800000|  0%| F|  |TAMS 0x00000000d1700000, 0x00000000d1700000| Untracked 

Card table byte_map: [0x00000274d7da0000,0x00000274d7f60000] _byte_map_base: 0x00000274d7760000

Marking Bits (Prev, Next): (CMBitMap*) 0x00000274befdc9e0, (CMBitMap*) 0x00000274befdca20
 Prev Bits: [0x00000274d8120000, 0x00000274d8f20000)
 Next Bits: [0x00000274d8f20000, 0x00000274d9d20000)

Polling page: 0x00000274c0810000

Metaspace:

Usage:
  Non-class:     65.45 MB used.
      Class:     10.57 MB used.
       Both:     76.01 MB used.

Virtual space:
  Non-class space:      128.00 MB reserved,      65.81 MB ( 51%) committed,  2 nodes.
      Class space:      208.00 MB reserved,      10.94 MB (  5%) committed,  1 nodes.
             Both:      336.00 MB reserved,      76.75 MB ( 23%) committed. 

Chunk freelists:
   Non-Class:  14.12 MB
       Class:  5.05 MB
        Both:  19.17 MB

MaxMetaspaceSize: 256.00 MB
CompressedClassSpaceSize: 208.00 MB
Initial GC threshold: 21.00 MB
Current GC threshold: 124.06 MB
CDS: on
MetaspaceReclaimPolicy: balanced
 - commit_granule_bytes: 65536.
 - commit_granule_words: 8192.
 - virtual_space_node_default_size: 8388608.
 - enlarge_chunks_in_place: 1.
 - new_chunks_are_fully_committed: 0.
 - uncommit_free_chunks: 1.
 - use_allocation_guard: 0.
 - handle_deallocations: 1.


Internal statistics:

num_allocs_failed_limit: 3.
num_arena_births: 1008.
num_arena_deaths: 0.
num_vsnodes_births: 3.
num_vsnodes_deaths: 0.
num_space_committed: 1228.
num_space_uncommitted: 0.
num_chunks_returned_to_freelist: 3.
num_chunks_taken_from_freelist: 4343.
num_chunk_merges: 3.
num_chunk_splits: 2802.
num_chunks_enlarged: 1828.
num_inconsistent_stats: 0.

CodeHeap 'non-profiled nmethods': size=120000Kb used=4527Kb max_used=5054Kb free=115472Kb
 bounds [0x00000274d06b0000, 0x00000274d0ba0000, 0x00000274d7be0000]
CodeHeap 'profiled nmethods': size=120000Kb used=16825Kb max_used=18703Kb free=103174Kb
 bounds [0x00000274c8be0000, 0x00000274c9e30000, 0x00000274d0110000]
CodeHeap 'non-nmethods': size=5760Kb used=2418Kb max_used=2457Kb free=3341Kb
 bounds [0x00000274d0110000, 0x00000274d0390000, 0x00000274d06b0000]
 total_blobs=9774 nmethods=8837 adapters=848
 compilation: enabled
              stopped_count=0, restarted_count=0
 full_count=0

Compilation events (20 events):
Event: 21.736 Thread 0x00000274dc1ae500 nmethod 10422 0x00000274c998e910 code [0x00000274c998eac0, 0x00000274c998ecd8]
Event: 21.739 Thread 0x00000274dc1a8be0 nmethod 10416 0x00000274d07bb090 code [0x00000274d07bb220, 0x00000274d07bbb38]
Event: 21.739 Thread 0x00000274dc1a8be0 10423 %     4       java.math.BigInteger::shiftLeftImplWorker @ 9 (43 bytes)
Event: 21.746 Thread 0x00000274dc1ae500 10424       3       sun.security.util.SignatureFileVerifier::updateSigners (164 bytes)
Event: 21.747 Thread 0x00000274dc1a8be0 nmethod 10423% 0x00000274d0b42d10 code [0x00000274d0b42ea0, 0x00000274d0b433b8]
Event: 21.747 Thread 0x00000274dc1a8be0 10406       4       java.math.BigInteger::implMulAddCheck (176 bytes)
Event: 21.747 Thread 0x00000274dc1ae500 nmethod 10424 0x00000274c92c9b10 code [0x00000274c92c9da0, 0x00000274c92cab28]
Event: 21.747 Thread 0x00000274dc1ae500 10425       3       sun.security.util.SignatureFileVerifier::matches (93 bytes)
Event: 21.747 Thread 0x00000274dc1ae500 nmethod 10425 0x00000274c8d8a990 code [0x00000274c8d8abe0, 0x00000274c8d8b438]
Event: 21.747 Thread 0x00000274dc1a8be0 nmethod 10406 0x00000274d07fff10 code [0x00000274d08000a0, 0x00000274d08001b8]
Event: 21.748 Thread 0x00000274dc1ae500 10426       3       sun.security.util.SecurityProviderConstants::getAliases (65 bytes)
Event: 21.749 Thread 0x00000274dc1ae500 nmethod 10426 0x00000274c8e42290 code [0x00000274c8e42500, 0x00000274c8e42e08]
Event: 21.749 Thread 0x00000274dc1ae500 10427   !   3       java.security.Provider::putService (244 bytes)
Event: 21.750 Thread 0x00000274dc1ae500 nmethod 10427 0x00000274c8cd5190 code [0x00000274c8cd5560, 0x00000274c8cd6fe8]
Event: 21.750 Thread 0x00000274dc1ae500 10429       3       java.security.Provider::putPropertyStrings (214 bytes)
Event: 21.751 Thread 0x00000274dc1ae500 nmethod 10429 0x00000274c8d75b10 code [0x00000274c8d76020, 0x00000274c8d78498]
Event: 21.751 Thread 0x00000274dc1ae500 10428       3       java.security.Provider::implRemoveService (149 bytes)
Event: 21.752 Thread 0x00000274dc1ae500 nmethod 10428 0x00000274c8ee3110 code [0x00000274c8ee33a0, 0x00000274c8ee4028]
Event: 21.752 Thread 0x00000274dc1ae500 10430       3       java.security.Provider::checkAndUpdateSecureRandom (88 bytes)
Event: 21.752 Thread 0x00000274dc1ae500 nmethod 10430 0x00000274c8ee9a10 code [0x00000274c8ee9be0, 0x00000274c8ee9f88]

GC Heap History (20 events):
Event: 18.685 GC heap after
{Heap after GC invocations=55 (full 0):
 garbage-first heap   total 122880K, used 64903K [0x00000000c8000000, 0x0000000100000000)
  region size 1024K, 1 young (1024K), 1 survivors (1024K)
 Metaspace       used 70066K, committed 70720K, reserved 278528K
  class space    used 9932K, committed 10240K, reserved 212992K
}
Event: 18.985 GC heap before
{Heap before GC invocations=55 (full 0):
 garbage-first heap   total 122880K, used 101767K [0x00000000c8000000, 0x0000000100000000)
  region size 1024K, 37 young (37888K), 1 survivors (1024K)
 Metaspace       used 70074K, committed 70720K, reserved 278528K
  class space    used 9932K, committed 10240K, reserved 212992K
}
Event: 18.989 GC heap after
{Heap after GC invocations=56 (full 0):
 garbage-first heap   total 122880K, used 66205K [0x00000000c8000000, 0x0000000100000000)
  region size 1024K, 2 young (2048K), 2 survivors (2048K)
 Metaspace       used 70074K, committed 70720K, reserved 278528K
  class space    used 9932K, committed 10240K, reserved 212992K
}
Event: 19.433 GC heap before
{Heap before GC invocations=57 (full 0):
 garbage-first heap   total 124928K, used 103069K [0x00000000c8000000, 0x0000000100000000)
  region size 1024K, 38 young (38912K), 2 survivors (2048K)
 Metaspace       used 70131K, committed 70848K, reserved 278528K
  class space    used 9939K, committed 10304K, reserved 212992K
}
Event: 19.438 GC heap after
{Heap after GC invocations=58 (full 0):
 garbage-first heap   total 124928K, used 67502K [0x00000000c8000000, 0x0000000100000000)
  region size 1024K, 3 young (3072K), 3 survivors (3072K)
 Metaspace       used 70131K, committed 70848K, reserved 278528K
  class space    used 9939K, committed 10304K, reserved 212992K
}
Event: 19.446 GC heap before
{Heap before GC invocations=58 (full 0):
 garbage-first heap   total 124928K, used 70574K [0x00000000c8000000, 0x0000000100000000)
  region size 1024K, 6 young (6144K), 3 survivors (3072K)
 Metaspace       used 70131K, committed 70848K, reserved 278528K
  class space    used 9939K, committed 10304K, reserved 212992K
}
Event: 19.480 GC heap after
{Heap after GC invocations=59 (full 0):
 garbage-first heap   total 124928K, used 67155K [0x00000000c8000000, 0x0000000100000000)
  region size 1024K, 1 young (1024K), 1 survivors (1024K)
 Metaspace       used 70131K, committed 70848K, reserved 278528K
  class space    used 9939K, committed 10304K, reserved 212992K
}
Event: 20.116 GC heap before
{Heap before GC invocations=59 (full 0):
 garbage-first heap   total 124928K, used 87635K [0x00000000c8000000, 0x0000000100000000)
  region size 1024K, 22 young (22528K), 1 survivors (1024K)
 Metaspace       used 71208K, committed 72000K, reserved 278528K
  class space    used 10071K, committed 10432K, reserved 212992K
}
Event: 20.120 GC heap after
{Heap after GC invocations=60 (full 0):
 garbage-first heap   total 124928K, used 68028K [0x00000000c8000000, 0x0000000100000000)
  region size 1024K, 2 young (2048K), 2 survivors (2048K)
 Metaspace       used 71208K, committed 72000K, reserved 278528K
  class space    used 10071K, committed 10432K, reserved 212992K
}
Event: 20.888 GC heap before
{Heap before GC invocations=61 (full 0):
 garbage-first heap   total 124928K, used 112060K [0x00000000c8000000, 0x0000000100000000)
  region size 1024K, 37 young (37888K), 2 survivors (2048K)
 Metaspace       used 72737K, committed 73472K, reserved 278528K
  class space    used 10241K, committed 10560K, reserved 212992K
}
Event: 20.895 GC heap after
{Heap after GC invocations=62 (full 0):
 garbage-first heap   total 124928K, used 84151K [0x00000000c8000000, 0x0000000100000000)
  region size 1024K, 5 young (5120K), 5 survivors (5120K)
 Metaspace       used 72737K, committed 73472K, reserved 278528K
  class space    used 10241K, committed 10560K, reserved 212992K
}
Event: 20.916 GC heap before
{Heap before GC invocations=62 (full 0):
 garbage-first heap   total 124928K, used 84151K [0x00000000c8000000, 0x0000000100000000)
  region size 1024K, 6 young (6144K), 5 survivors (5120K)
 Metaspace       used 72824K, committed 73600K, reserved 278528K
  class space    used 10249K, committed 10624K, reserved 212992K
}
Event: 20.922 GC heap after
{Heap after GC invocations=63 (full 0):
 garbage-first heap   total 124928K, used 84102K [0x00000000c8000000, 0x0000000100000000)
  region size 1024K, 1 young (1024K), 1 survivors (1024K)
 Metaspace       used 72824K, committed 73600K, reserved 278528K
  class space    used 10249K, committed 10624K, reserved 212992K
}
Event: 21.234 GC heap before
{Heap before GC invocations=63 (full 0):
 garbage-first heap   total 124928K, used 104582K [0x00000000c8000000, 0x0000000100000000)
  region size 1024K, 22 young (22528K), 1 survivors (1024K)
 Metaspace       used 74712K, committed 75456K, reserved 278528K
  class space    used 10459K, committed 10816K, reserved 212992K
}
Event: 21.236 GC heap after
{Heap after GC invocations=64 (full 0):
 garbage-first heap   total 124928K, used 84710K [0x00000000c8000000, 0x0000000100000000)
  region size 1024K, 1 young (1024K), 1 survivors (1024K)
 Metaspace       used 74712K, committed 75456K, reserved 278528K
  class space    used 10459K, committed 10816K, reserved 212992K
}
Event: 21.551 GC heap before
{Heap before GC invocations=65 (full 0):
 garbage-first heap   total 155648K, used 105190K [0x00000000c8000000, 0x0000000100000000)
  region size 1024K, 21 young (21504K), 1 survivors (1024K)
 Metaspace       used 76342K, committed 77120K, reserved 344064K
  class space    used 10661K, committed 11008K, reserved 212992K
}
Event: 21.553 GC heap after
{Heap after GC invocations=66 (full 0):
 garbage-first heap   total 155648K, used 85095K [0x00000000c8000000, 0x0000000100000000)
  region size 1024K, 2 young (2048K), 2 survivors (2048K)
 Metaspace       used 76342K, committed 77120K, reserved 344064K
  class space    used 10661K, committed 11008K, reserved 212992K
}
Event: 21.603 GC heap before
{Heap before GC invocations=66 (full 0):
 garbage-first heap   total 155648K, used 89191K [0x00000000c8000000, 0x0000000100000000)
  region size 1024K, 7 young (7168K), 2 survivors (2048K)
 Metaspace       used 76916K, committed 77632K, reserved 344064K
  class space    used 10719K, committed 11072K, reserved 212992K
}
Event: 21.605 GC heap after
{Heap after GC invocations=67 (full 0):
 garbage-first heap   total 155648K, used 85729K [0x00000000c8000000, 0x0000000100000000)
  region size 1024K, 1 young (1024K), 1 survivors (1024K)
 Metaspace       used 76916K, committed 77632K, reserved 344064K
  class space    used 10719K, committed 11072K, reserved 212992K
}
Event: 21.758 GC heap before
{Heap before GC invocations=67 (full 0):
 garbage-first heap   total 155648K, used 88801K [0x00000000c8000000, 0x0000000100000000)
  region size 1024K, 5 young (5120K), 1 survivors (1024K)
 Metaspace       used 77838K, committed 78592K, reserved 344064K
  class space    used 10821K, committed 11200K, reserved 212992K
}

Dll operation events (15 events):
Event: 0.011 Loaded shared library C:\dev\toolchain\jdk17\jdk-17.0.20.1+1\bin\java.dll
Event: 0.029 Loaded shared library C:\dev\toolchain\jdk17\jdk-17.0.20.1+1\bin\jsvml.dll
Event: 0.082 Loaded shared library C:\dev\toolchain\jdk17\jdk-17.0.20.1+1\bin\zip.dll
Event: 0.088 Loaded shared library C:\dev\toolchain\jdk17\jdk-17.0.20.1+1\bin\instrument.dll
Event: 0.091 Loaded shared library C:\dev\toolchain\jdk17\jdk-17.0.20.1+1\bin\net.dll
Event: 0.094 Loaded shared library C:\dev\toolchain\jdk17\jdk-17.0.20.1+1\bin\nio.dll
Event: 0.096 Loaded shared library C:\dev\toolchain\jdk17\jdk-17.0.20.1+1\bin\zip.dll
Event: 0.364 Loaded shared library C:\dev\toolchain\jdk17\jdk-17.0.20.1+1\bin\jimage.dll
Event: 0.554 Loaded shared library C:\dev\toolchain\jdk17\jdk-17.0.20.1+1\bin\verify.dll
Event: 0.736 Loaded shared library C:\Users\eveli\.gradle\native\1def1411415f61bf3af743bc5b6707747c0891f09f0c88961ee8f79bc544acac\windows-amd64\native-platform.dll
Event: 0.808 Loaded shared library C:\Users\eveli\.gradle\native\0.2.7\x86_64-windows-gnu\gradle-fileevents.dll
Event: 3.388 Loaded shared library C:\dev\toolchain\jdk17\jdk-17.0.20.1+1\bin\management.dll
Event: 3.394 Loaded shared library C:\dev\toolchain\jdk17\jdk-17.0.20.1+1\bin\management_ext.dll
Event: 3.806 Loaded shared library C:\dev\toolchain\jdk17\jdk-17.0.20.1+1\bin\extnet.dll
Event: 4.329 Loaded shared library C:\dev\toolchain\jdk17\jdk-17.0.20.1+1\bin\sunmscapi.dll

Deoptimization events (20 events):
Event: 21.750 Thread 0x00000274efef7070 Uncommon trap: trap_request=0xffffff45 fr.pc=0x00000274d06ca658 relative=0x0000000000000338
Event: 21.750 Thread 0x00000274efef7070 Uncommon trap: reason=unstable_if action=reinterpret pc=0x00000274d06ca658 method=java.security.CodeSource.<init>(Ljava/net/URL;[Ljava/security/CodeSigner;)V @ 37 c2
Event: 21.750 Thread 0x00000274efef7070 DEOPT PACKING pc=0x00000274d06ca658 sp=0x000000c45b8ef000
Event: 21.750 Thread 0x00000274efef7070 DEOPT UNPACKING pc=0x00000274d016a1a3 sp=0x000000c45b8eefb8 mode 2
Event: 21.750 Thread 0x00000274efef7070 Uncommon trap: trap_request=0xffffff45 fr.pc=0x00000274d07ffe14 relative=0x0000000000000074
Event: 21.750 Thread 0x00000274efef7070 Uncommon trap: reason=unstable_if action=reinterpret pc=0x00000274d07ffe14 method=java.security.CodeSource.getCertificates()[Ljava/security/cert/Certificate; @ 22 c2
Event: 21.750 Thread 0x00000274efef7070 DEOPT PACKING pc=0x00000274d07ffe14 sp=0x000000c45b8eece0
Event: 21.750 Thread 0x00000274efef7070 DEOPT UNPACKING pc=0x00000274d016a1a3 sp=0x000000c45b8eec68 mode 2
Event: 21.752 Thread 0x00000274efef7070 Uncommon trap: trap_request=0xffffff45 fr.pc=0x00000274d096abb4 relative=0x00000000000001f4
Event: 21.752 Thread 0x00000274efef7070 Uncommon trap: reason=unstable_if action=reinterpret pc=0x00000274d096abb4 method=java.util.jar.JarFile.maybeInstantiateVerifier()V @ 4 c2
Event: 21.752 Thread 0x00000274efef7070 DEOPT PACKING pc=0x00000274d096abb4 sp=0x000000c45b8ed660
Event: 21.752 Thread 0x00000274efef7070 DEOPT UNPACKING pc=0x00000274d016a1a3 sp=0x000000c45b8ed5b8 mode 2
Event: 21.752 Thread 0x00000274efef7070 Uncommon trap: trap_request=0xffffff45 fr.pc=0x00000274d0991400 relative=0x00000000000001e0
Event: 21.752 Thread 0x00000274efef7070 Uncommon trap: reason=unstable_if action=reinterpret pc=0x00000274d0991400 method=java.security.CodeSource.matchCerts(Ljava/security/CodeSource;Z)Z @ 11 c2
Event: 21.752 Thread 0x00000274efef7070 DEOPT PACKING pc=0x00000274d0991400 sp=0x000000c45b8ed470
Event: 21.752 Thread 0x00000274efef7070 DEOPT UNPACKING pc=0x00000274d016a1a3 sp=0x000000c45b8ed380 mode 2
Event: 21.753 Thread 0x00000274efef7070 Uncommon trap: trap_request=0xffffff54 fr.pc=0x00000274d0b4b14c relative=0x00000000000008cc
Event: 21.753 Thread 0x00000274efef7070 Uncommon trap: reason=speculate_null_assert action=make_not_entrant pc=0x00000274d0b4b14c method=java.util.jar.JarFile.getVersionedEntry(Ljava/lang/String;Ljava/util/jar/JarEntry;)Ljava/util/jar/JarEntry; @ 115 c2
Event: 21.753 Thread 0x00000274efef7070 DEOPT PACKING pc=0x00000274d0b4b14c sp=0x000000c45b8eeff0
Event: 21.753 Thread 0x00000274efef7070 DEOPT UNPACKING pc=0x00000274d016a1a3 sp=0x000000c45b8eef48 mode 2

Classes loaded (20 events):
Event: 21.743 Loading class java/security/interfaces/ECKey
Event: 21.743 Loading class java/security/interfaces/ECKey done
Event: 21.743 Loading class java/security/interfaces/XECKey
Event: 21.743 Loading class java/security/interfaces/XECKey done
Event: 21.743 Loading class sun/security/util/KeyUtil
Event: 21.744 Loading class sun/security/util/KeyUtil done
Event: 21.744 Loading class sun/security/util/Length
Event: 21.744 Loading class sun/security/util/Length done
Event: 21.744 Loading class javax/crypto/SecretKey
Event: 21.744 Loading class javax/crypto/SecretKey done
Event: 21.745 Loading class java/util/Base64
Event: 21.745 Loading class java/util/Base64 done
Event: 21.745 Loading class java/util/Base64$Decoder
Event: 21.745 Loading class java/util/Base64$Decoder done
Event: 21.745 Loading class java/util/Base64$Encoder
Event: 21.746 Loading class java/util/Base64$Encoder done
Event: 21.748 Loading class java/util/jar/JarVerifier$VerifierStream
Event: 21.748 Loading class java/util/jar/JarVerifier$VerifierStream done
Event: 21.748 Loading class sun/security/util/ManifestEntryVerifier$SunProviderHolder
Event: 21.748 Loading class sun/security/util/ManifestEntryVerifier$SunProviderHolder done

Classes unloaded (0 events):
No events

Classes redefined (0 events):
No events

Internal exceptions (20 events):
Event: 18.943 Thread 0x00000274efef7070 Implicit null exception at 0x00000274d0b19898 to 0x00000274d0b1a124
Event: 18.943 Thread 0x00000274f11b5d30 Implicit null exception at 0x00000274d0b19898 to 0x00000274d0b1a124
Event: 20.089 Thread 0x00000274efef7070 Exception <a 'java/lang/NoSuchMethodError'{0x00000000ce470718}: 'java.lang.Object java.lang.invoke.Invokers$Holder.invokeExact_MT(java.lang.Object, java.lang.Object, java.lang.Object, int, java.lang.Object, java.lang.Object)'> (0x00000000ce470718) 
thrown [s\src\hotspot\share\interpreter\linkResolver.cpp, line 759]
Event: 20.469 Thread 0x00000274efef7070 Exception <a 'java/lang/ClassNotFoundException'{0x00000000cf14e070}: settings_4pc7jlbqqgy6n5v7e40ayisy4BeanInfo> (0x00000000cf14e070) 
thrown [s\src\hotspot\share\classfile\systemDictionary.cpp, line 257]
Event: 20.470 Thread 0x00000274efef7070 Exception <a 'java/lang/ClassNotFoundException'{0x00000000cf154df0}: settings_4pc7jlbqqgy6n5v7e40ayisy4Customizer> (0x00000000cf154df0) 
thrown [s\src\hotspot\share\classfile\systemDictionary.cpp, line 257]
Event: 20.551 Thread 0x00000274efef7070 Exception <a 'java/lang/ClassNotFoundException'{0x00000000cee14bc8}: build_bowv5b0yhscfsx50sfpm49eqjBeanInfo> (0x00000000cee14bc8) 
thrown [s\src\hotspot\share\classfile\systemDictionary.cpp, line 257]
Event: 20.551 Thread 0x00000274efef7070 Exception <a 'java/lang/ClassNotFoundException'{0x00000000cee1ffb8}: org/gradle/api/internal/project/ProjectScriptBeanInfo> (0x00000000cee1ffb8) 
thrown [s\src\hotspot\share\classfile\systemDictionary.cpp, line 257]
Event: 20.552 Thread 0x00000274efef7070 Exception <a 'java/lang/ClassNotFoundException'{0x00000000cee2b4e8}: org/gradle/api/internal/project/ProjectScriptCustomizer> (0x00000000cee2b4e8) 
thrown [s\src\hotspot\share\classfile\systemDictionary.cpp, line 257]
Event: 20.552 Thread 0x00000274efef7070 Exception <a 'java/lang/ClassNotFoundException'{0x00000000cee435a0}: build_bowv5b0yhscfsx50sfpm49eqjCustomizer> (0x00000000cee435a0) 
thrown [s\src\hotspot\share\classfile\systemDictionary.cpp, line 257]
Event: 20.568 Thread 0x00000274efef7070 Exception <a 'java/lang/ClassNotFoundException'{0x00000000ced5b518}: org/gradle/api/internal/project/DefaultProject_DecoratedBeanInfo> (0x00000000ced5b518) 
thrown [s\src\hotspot\share\classfile\systemDictionary.cpp, line 257]
Event: 20.569 Thread 0x00000274efef7070 Exception <a 'java/lang/ClassNotFoundException'{0x00000000ced6e528}: org/gradle/api/internal/project/DefaultProjectBeanInfo> (0x00000000ced6e528) 
thrown [s\src\hotspot\share\classfile\systemDictionary.cpp, line 257]
Event: 20.569 Thread 0x00000274efef7070 Exception <a 'java/lang/ClassNotFoundException'{0x00000000ced81990}: org/gradle/api/internal/project/DefaultProjectCustomizer> (0x00000000ced81990) 
thrown [s\src\hotspot\share\classfile\systemDictionary.cpp, line 257]
Event: 20.578 Thread 0x00000274efef7070 Exception <a 'java/lang/ClassNotFoundException'{0x00000000cec42fc8}: org/gradle/api/internal/project/DefaultProject_DecoratedCustomizer> (0x00000000cec42fc8) 
thrown [s\src\hotspot\share\classfile\systemDictionary.cpp, line 257]
Event: 20.633 Thread 0x00000274efef7070 Exception <a 'java/lang/ClassNotFoundException'{0x00000000ceaa3bd0}: build_b3e861tjoa0tvhu4cnjy7t58iBeanInfo> (0x00000000ceaa3bd0) 
thrown [s\src\hotspot\share\classfile\systemDictionary.cpp, line 257]
Event: 20.633 Thread 0x00000274efef7070 Exception <a 'java/lang/ClassNotFoundException'{0x00000000ceaaf210}: build_b3e861tjoa0tvhu4cnjy7t58iCustomizer> (0x00000000ceaaf210) 
thrown [s\src\hotspot\share\classfile\systemDictionary.cpp, line 257]
Event: 20.667 Thread 0x00000274efef7070 Exception <a 'java/lang/ClassNotFoundException'{0x00000000ce8337d0}: org/gradle/api/internal/plugins/DefaultObjectConfigurationActionBeanInfo> (0x00000000ce8337d0) 
thrown [s\src\hotspot\share\classfile\systemDictionary.cpp, line 257]
Event: 20.667 Thread 0x00000274efef7070 Exception <a 'java/lang/ClassNotFoundException'{0x00000000ce84ef68}: org/gradle/api/internal/plugins/DefaultObjectConfigurationActionCustomizer> (0x00000000ce84ef68) 
thrown [s\src\hotspot\share\classfile\systemDictionary.cpp, line 257]
Event: 20.985 Thread 0x00000274efef7070 Exception <a 'java/lang/NoSuchMethodError'{0x00000000cf4dcee0}: 'java.lang.Object java.lang.invoke.DirectMethodHandle$Holder.invokeSpecial(java.lang.Object, java.lang.Object, long, java.lang.Object, java.lang.Object, java.lang.Object, java.lang.Object, java.lang.Object, java.lang.Object, java.lang.Object, java.lang.Object, java.lang.Object)'> (0x00000000cf4dcee0) 
thrown [s\src\hotspot\share\interpreter\linkResolver.cpp, line 759]
Event: 20.985 Thread 0x00000274efef7070 Exception <a 'java/lang/NoSuchMethodError'{0x00000000cf4e3370}: 'java.lang.Object java.lang.invoke.DelegatingMethodHandle$Holder.reinvoke_L(java.lang.Object, long, java.lang.Object, java.lang.Object, java.lang.Object, java.lang.Object, java.lang.Object, java.lang.Object, java.lang.Object, java.lang.Object, java.lang.Object)'> (0x00000000cf4e3370) 
thrown [s\src\hotspot\share\interpreter\linkResolver.cpp, line 759]
Event: 21.650 Thread 0x00000274efef7070 Implicit null exception at 0x00000274d087a7ac to 0x00000274d087a8ce

VM Operations (20 events):
Event: 21.263 Executing VM operation: HandshakeAllThreads done
Event: 21.316 Executing VM operation: HandshakeAllThreads
Event: 21.316 Executing VM operation: HandshakeAllThreads done
Event: 21.345 Executing VM operation: G1PauseRemark
Event: 21.349 Executing VM operation: G1PauseRemark done
Event: 21.381 Executing VM operation: HandshakeAllThreads
Event: 21.382 Executing VM operation: HandshakeAllThreads done
Event: 21.401 Executing VM operation: G1PauseCleanup
Event: 21.401 Executing VM operation: G1PauseCleanup done
Event: 21.551 Executing VM operation: G1CollectForAllocation
Event: 21.553 Executing VM operation: G1CollectForAllocation done
Event: 21.597 Executing VM operation: HandshakeAllThreads
Event: 21.597 Executing VM operation: HandshakeAllThreads done
Event: 21.602 Executing VM operation: G1CollectForAllocation
Event: 21.605 Executing VM operation: G1CollectForAllocation done
Event: 21.681 Executing VM operation: HandshakeAllThreads
Event: 21.681 Executing VM operation: HandshakeAllThreads done
Event: 21.683 Executing VM operation: HandshakeAllThreads
Event: 21.683 Executing VM operation: HandshakeAllThreads done
Event: 21.757 Executing VM operation: G1TryInitiateConcMark

Memory protections (0 events):
No events

Nmethod flushes (20 events):
Event: 21.392 Thread 0x00000274dc1c2190 flushing  nmethod 0x00000274c99dc910
Event: 21.392 Thread 0x00000274dc1c2190 flushing  nmethod 0x00000274c99dd790
Event: 21.392 Thread 0x00000274dc1c2190 flushing  nmethod 0x00000274c99ef390
Event: 21.392 Thread 0x00000274dc1c2190 flushing  nmethod 0x00000274c9a17310
Event: 21.392 Thread 0x00000274dc1c2190 flushing  nmethod 0x00000274c9a4c710
Event: 21.392 Thread 0x00000274dc1c2190 flushing  nmethod 0x00000274c9a4e010
Event: 21.392 Thread 0x00000274dc1c2190 flushing  nmethod 0x00000274c9a54290
Event: 21.392 Thread 0x00000274dc1c2190 flushing  nmethod 0x00000274c9a81310
Event: 21.393 Thread 0x00000274dc1c2190 flushing  nmethod 0x00000274c9ae1c90
Event: 21.393 Thread 0x00000274dc1c2190 flushing  nmethod 0x00000274c9b6b290
Event: 21.393 Thread 0x00000274dc1c2190 flushing  nmethod 0x00000274c9bdf690
Event: 21.393 Thread 0x00000274dc1c2190 flushing  nmethod 0x00000274c9bf3f90
Event: 21.393 Thread 0x00000274dc1c2190 flushing  nmethod 0x00000274c9c05790
Event: 21.393 Thread 0x00000274dc1c2190 flushing  nmethod 0x00000274c9c06b10
Event: 21.394 Thread 0x00000274dc1c2190 flushing  nmethod 0x00000274c9c41f10
Event: 21.394 Thread 0x00000274dc1c2190 flushing  nmethod 0x00000274c9c7d490
Event: 21.394 Thread 0x00000274dc1c2190 flushing  nmethod 0x00000274c9d19490
Event: 21.394 Thread 0x00000274dc1c2190 flushing  nmethod 0x00000274c9d1ce10
Event: 21.394 Thread 0x00000274dc1c2190 flushing  nmethod 0x00000274c9d3cb90
Event: 21.394 Thread 0x00000274dc1c2190 flushing  nmethod 0x00000274c9d70c90

Events (20 events):
Event: 17.171 Thread 0x00000274f26bd1c0 Thread added: 0x00000274f0714780
Event: 17.171 Thread 0x00000274f26bd1c0 Thread added: 0x00000274f0712920
Event: 17.171 Thread 0x00000274f26bd1c0 Thread added: 0x00000274f0712e30
Event: 17.200 Thread 0x00000274f26bd1c0 Thread added: 0x00000274f0714270
Event: 17.200 Thread 0x00000274f26bd1c0 Thread added: 0x00000274f0711f00
Event: 17.201 Thread 0x00000274f26bd1c0 Thread added: 0x00000274f07119f0
Event: 17.317 Thread 0x00000274f26bd1c0 Thread added: 0x00000274f0713850
Event: 17.317 Thread 0x00000274f26bd1c0 Thread added: 0x00000274f0713340
Event: 17.772 Thread 0x00000274efef7070 Thread added: 0x00000274f0713d60
Event: 17.772 Thread 0x00000274efef7070 Thread added: 0x00000274f0714c90
Event: 17.776 Thread 0x00000274efef7070 Thread added: 0x00000274f11b9f00
Event: 17.935 Thread 0x00000274efef7070 Thread added: 0x00000274f11bc270
Event: 17.935 Thread 0x00000274efef7070 Thread added: 0x00000274f11b8fd0
Event: 17.937 Thread 0x00000274efef7070 Thread added: 0x00000274f11b6240
Event: 18.460 Thread 0x00000274efef7070 Thread added: 0x00000274f11bd1a0
Event: 18.460 Thread 0x00000274efef7070 Thread added: 0x00000274f11b5d30
Event: 18.461 Thread 0x00000274efef7070 Thread added: 0x00000274f11bb850
Event: 20.456 Thread 0x00000274efef7070 Thread added: 0x00000274f11bc780
Event: 20.536 Thread 0x00000274efef7070 Thread added: 0x00000274f11bcc90
Event: 20.544 Thread 0x00000274efef7070 Thread added: 0x00000274f11b85b0


Dynamic libraries:
0x00007ff6a3aa0000 - 0x00007ff6a3aae000 	C:\dev\toolchain\jdk17\jdk-17.0.20.1+1\bin\java.exe
0x00007ffc996f0000 - 0x00007ffc998e8000 	C:\Windows\SYSTEM32\ntdll.dll
0x00007ffc986a0000 - 0x00007ffc98762000 	C:\Windows\System32\KERNEL32.DLL
0x00007ffc97140000 - 0x00007ffc97436000 	C:\Windows\System32\KERNELBASE.dll
0x00007ffc97440000 - 0x00007ffc97540000 	C:\Windows\System32\ucrtbase.dll
0x00007ffc73380000 - 0x00007ffc7339e000 	C:\dev\toolchain\jdk17\jdk-17.0.20.1+1\bin\VCRUNTIME140.dll
0x00007ffc733a0000 - 0x00007ffc733b8000 	C:\dev\toolchain\jdk17\jdk-17.0.20.1+1\bin\jli.dll
0x00007ffc98f40000 - 0x00007ffc990e1000 	C:\Windows\System32\USER32.dll
0x00007ffc97080000 - 0x00007ffc970a2000 	C:\Windows\System32\win32u.dll
0x00007ffc7c6a0000 - 0x00007ffc7c93b000 	C:\Windows\WinSxS\amd64_microsoft.windows.common-controls_6595b64144ccf1df_6.0.19041.6456_none_60b8a6cb71f64256\COMCTL32.dll
0x00007ffc983f0000 - 0x00007ffc9841b000 	C:\Windows\System32\GDI32.dll
0x00007ffc97f40000 - 0x00007ffc97fde000 	C:\Windows\System32\msvcrt.dll
0x00007ffc96d80000 - 0x00007ffc96e99000 	C:\Windows\System32\gdi32full.dll
0x00007ffc97640000 - 0x00007ffc976dd000 	C:\Windows\System32\msvcp_win.dll
0x00007ffc983c0000 - 0x00007ffc983ef000 	C:\Windows\System32\IMM32.DLL
0x00007ffc8dfc0000 - 0x00007ffc8dfcc000 	C:\dev\toolchain\jdk17\jdk-17.0.20.1+1\bin\vcruntime140_1.dll
0x00007ffc60d60000 - 0x00007ffc60ded000 	C:\dev\toolchain\jdk17\jdk-17.0.20.1+1\bin\msvcp140.dll
0x00007ffbf9ea0000 - 0x00007ffbfab0c000 	C:\dev\toolchain\jdk17\jdk-17.0.20.1+1\bin\server\jvm.dll
0x00007ffc97c80000 - 0x00007ffc97d31000 	C:\Windows\System32\ADVAPI32.dll
0x00007ffc97880000 - 0x00007ffc9791f000 	C:\Windows\System32\sechost.dll
0x00007ffc979b0000 - 0x00007ffc97ad0000 	C:\Windows\System32\RPCRT4.dll
0x00007ffc976e0000 - 0x00007ffc97707000 	C:\Windows\System32\bcrypt.dll
0x00007ffc98350000 - 0x00007ffc983bb000 	C:\Windows\System32\WS2_32.dll
0x00007ffc962d0000 - 0x00007ffc9631b000 	C:\Windows\SYSTEM32\POWRPROF.dll
0x00007ffc875a0000 - 0x00007ffc875c7000 	C:\Windows\SYSTEM32\WINMM.dll
0x00007ffc89620000 - 0x00007ffc8962a000 	C:\Windows\SYSTEM32\VERSION.dll
0x00007ffc96180000 - 0x00007ffc96192000 	C:\Windows\SYSTEM32\UMPDC.dll
0x00007ffc95590000 - 0x00007ffc955a2000 	C:\Windows\SYSTEM32\kernel.appcore.dll
0x00007ffc81c90000 - 0x00007ffc81c9a000 	C:\dev\toolchain\jdk17\jdk-17.0.20.1+1\bin\jimage.dll
0x00007ffc94940000 - 0x00007ffc94b41000 	C:\Windows\SYSTEM32\DBGHELP.DLL
0x00007ffc62750000 - 0x00007ffc62784000 	C:\Windows\SYSTEM32\dbgcore.DLL
0x00007ffc970b0000 - 0x00007ffc97132000 	C:\Windows\System32\bcryptPrimitives.dll
0x00007ffc7c050000 - 0x00007ffc7c05e000 	C:\dev\toolchain\jdk17\jdk-17.0.20.1+1\bin\instrument.dll
0x00007ffc70eb0000 - 0x00007ffc70ed5000 	C:\dev\toolchain\jdk17\jdk-17.0.20.1+1\bin\java.dll
0x00007ffc52bb0000 - 0x00007ffc52c87000 	C:\dev\toolchain\jdk17\jdk-17.0.20.1+1\bin\jsvml.dll
0x00007ffc987d0000 - 0x00007ffc98f40000 	C:\Windows\System32\SHELL32.dll
0x00007ffc94dd0000 - 0x00007ffc95575000 	C:\Windows\SYSTEM32\windows.storage.dll
0x00007ffc97ff0000 - 0x00007ffc98344000 	C:\Windows\System32\combase.dll
0x00007ffc967b0000 - 0x00007ffc967db000 	C:\Windows\SYSTEM32\Wldp.dll
0x00007ffc985d0000 - 0x00007ffc9869d000 	C:\Windows\System32\OLEAUT32.dll
0x00007ffc977d0000 - 0x00007ffc9787d000 	C:\Windows\System32\SHCORE.dll
0x00007ffc98480000 - 0x00007ffc984db000 	C:\Windows\System32\shlwapi.dll
0x00007ffc96cb0000 - 0x00007ffc96cd4000 	C:\Windows\SYSTEM32\profapi.dll
0x00007ffc6c670000 - 0x00007ffc6c688000 	C:\dev\toolchain\jdk17\jdk-17.0.20.1+1\bin\zip.dll
0x00007ffc72610000 - 0x00007ffc7262a000 	C:\dev\toolchain\jdk17\jdk-17.0.20.1+1\bin\net.dll
0x00007ffc91350000 - 0x00007ffc9145a000 	C:\Windows\SYSTEM32\WINHTTP.dll
0x00007ffc96510000 - 0x00007ffc9657a000 	C:\Windows\system32\mswsock.dll
0x00007ffc6f5c0000 - 0x00007ffc6f5d6000 	C:\dev\toolchain\jdk17\jdk-17.0.20.1+1\bin\nio.dll
0x00007ffc81540000 - 0x00007ffc81550000 	C:\dev\toolchain\jdk17\jdk-17.0.20.1+1\bin\verify.dll
0x00007ffc6c640000 - 0x00007ffc6c667000 	C:\Users\eveli\.gradle\native\1def1411415f61bf3af743bc5b6707747c0891f09f0c88961ee8f79bc544acac\windows-amd64\native-platform.dll
0x00007ffc5d2d0000 - 0x00007ffc5d348000 	C:\Users\eveli\.gradle\native\0.2.7\x86_64-windows-gnu\gradle-fileevents.dll
0x00007ffc7e4e0000 - 0x00007ffc7e4ea000 	C:\dev\toolchain\jdk17\jdk-17.0.20.1+1\bin\management.dll
0x00007ffc7d1e0000 - 0x00007ffc7d1ec000 	C:\dev\toolchain\jdk17\jdk-17.0.20.1+1\bin\management_ext.dll
0x00007ffc97fe0000 - 0x00007ffc97fe8000 	C:\Windows\System32\PSAPI.DLL
0x00007ffc961a0000 - 0x00007ffc961db000 	C:\Windows\SYSTEM32\IPHLPAPI.DLL
0x00007ffc985c0000 - 0x00007ffc985c8000 	C:\Windows\System32\NSI.dll
0x00007ffc89fb0000 - 0x00007ffc89fc7000 	C:\Windows\SYSTEM32\dhcpcsvc6.DLL
0x00007ffc89f90000 - 0x00007ffc89fad000 	C:\Windows\SYSTEM32\dhcpcsvc.DLL
0x00007ffc961e0000 - 0x00007ffc962aa000 	C:\Windows\SYSTEM32\DNSAPI.dll
0x00007ffc7ca20000 - 0x00007ffc7ca29000 	C:\dev\toolchain\jdk17\jdk-17.0.20.1+1\bin\extnet.dll
0x00007ffc96700000 - 0x00007ffc96718000 	C:\Windows\SYSTEM32\CRYPTSP.dll
0x00007ffc95dc0000 - 0x00007ffc95df8000 	C:\Windows\system32\rsaenh.dll
0x00007ffc96c70000 - 0x00007ffc96c9e000 	C:\Windows\SYSTEM32\USERENV.dll
0x00007ffc96720000 - 0x00007ffc9672c000 	C:\Windows\SYSTEM32\CRYPTBASE.dll
0x00007ffc76850000 - 0x00007ffc7685e000 	C:\dev\toolchain\jdk17\jdk-17.0.20.1+1\bin\sunmscapi.dll
0x00007ffc96f20000 - 0x00007ffc9707d000 	C:\Windows\System32\CRYPT32.dll
0x00007ffc96820000 - 0x00007ffc96847000 	C:\Windows\SYSTEM32\ncrypt.dll
0x00007ffc967e0000 - 0x00007ffc9681b000 	C:\Windows\SYSTEM32\NTASN1.dll
0x00007ffc6deb0000 - 0x00007ffc6deb7000 	C:\Windows\system32\wshunix.dll

dbghelp: loaded successfully - version: 4.0.5 - missing functions: none
symbol engine: initialized successfully - sym options: 0x614 - pdb path: .;C:\dev\toolchain\jdk17\jdk-17.0.20.1+1\bin;C:\Windows\SYSTEM32;C:\Windows\WinSxS\amd64_microsoft.windows.common-controls_6595b64144ccf1df_6.0.19041.6456_none_60b8a6cb71f64256;C:\dev\toolchain\jdk17\jdk-17.0.20.1+1\bin\server;C:\Users\eveli\.gradle\native\1def1411415f61bf3af743bc5b6707747c0891f09f0c88961ee8f79bc544acac\windows-amd64;C:\Users\eveli\.gradle\native\0.2.7\x86_64-windows-gnu

VM Arguments:
jvm_args: --add-opens=java.base/java.lang=ALL-UNNAMED --add-opens=java.base/java.lang.invoke=ALL-UNNAMED --add-opens=java.base/java.util=ALL-UNNAMED --add-opens=java.prefs/java.util.prefs=ALL-UNNAMED --add-exports=jdk.compiler/com.sun.tools.javac.api=ALL-UNNAMED --add-exports=jdk.compiler/com.sun.tools.javac.util=ALL-UNNAMED --add-opens=java.base/java.util=ALL-UNNAMED --add-opens=java.prefs/java.util.prefs=ALL-UNNAMED --add-opens=java.base/java.nio.charset=ALL-UNNAMED --add-opens=java.base/java.net=ALL-UNNAMED --add-opens=java.base/java.util.concurrent.atomic=ALL-UNNAMED --add-opens=java.xml/javax.xml.namespace=ALL-UNNAMED -XX:MaxMetaspaceSize=256m -Xmx896m -Dfile.encoding=windows-1253 -Duser.country=GR -Duser.language=el -Duser.variant -javaagent:C:\Users\eveli\.gradle\wrapper\dists\gradle-8.14.3-bin\cv11ve7ro1n3o1j4so8xd9n66\gradle-8.14.3\lib\agents\gradle-instrumentation-agent-8.14.3.jar 
java_command: org.gradle.launcher.daemon.bootstrap.GradleDaemon 8.14.3
java_class_path (initial): C:\Users\eveli\.gradle\wrapper\dists\gradle-8.14.3-bin\cv11ve7ro1n3o1j4so8xd9n66\gradle-8.14.3\lib\gradle-daemon-main-8.14.3.jar
Launcher Type: SUN_STANDARD

[Global flags]
     intx CICompilerCount                          = 3                                         {product} {ergonomic}
   size_t CompressedClassSpaceSize                 = 218103808                                 {product} {ergonomic}
     uint ConcGCThreads                            = 1                                         {product} {ergonomic}
     uint G1ConcRefinementThreads                  = 4                                         {product} {ergonomic}
   size_t G1HeapRegionSize                         = 1048576                                   {product} {ergonomic}
    uintx GCDrainStackTargetSize                   = 64                                        {product} {ergonomic}
   size_t InitialHeapSize                          = 62914560                                  {product} {ergonomic}
   size_t MarkStackSize                            = 4194304                                   {product} {ergonomic}
   size_t MaxHeapSize                              = 939524096                                 {product} {command line}
   size_t MaxMetaspaceSize                         = 268435456                                 {product} {command line}
   size_t MaxNewSize                               = 563085312                                 {product} {ergonomic}
   size_t MinHeapDeltaBytes                        = 1048576                                   {product} {ergonomic}
   size_t MinHeapSize                              = 8388608                                   {product} {ergonomic}
    uintx NonNMethodCodeHeapSize                   = 5832780                                {pd product} {ergonomic}
    uintx NonProfiledCodeHeapSize                  = 122912730                              {pd product} {ergonomic}
    uintx ProfiledCodeHeapSize                     = 122912730                              {pd product} {ergonomic}
    uintx ReservedCodeCacheSize                    = 251658240                              {pd product} {ergonomic}
     bool SegmentedCodeCache                       = true                                      {product} {ergonomic}
   size_t SoftMaxHeapSize                          = 939524096                              {manageable} {ergonomic}
     bool UseCompressedClassPointers               = true                           {product lp64_product} {ergonomic}
     bool UseCompressedOops                        = true                           {product lp64_product} {ergonomic}
     bool UseG1GC                                  = true                                      {product} {ergonomic}
     bool UseLargePagesIndividualAllocation        = false                                  {pd product} {ergonomic}

Logging:
Log output configuration:
 #0: stdout all=warning uptime,level,tags
 #1: stderr all=off uptime,level,tags

Environment Variables:
JAVA_HOME=C:\dev\toolchain\jdk17\jdk-17.0.20.1+1
PATH=C:\dev\toolchain\jdk17\jdk-17.0.20.1+1\bin;C:\dev\toolchain\jdk17\jdk-17.0.20.1+1\bin;C:\dev\toolchain\android-sdk\cmdline-tools\latest\bin;C:\dev\toolchain\android-sdk\platform-tools;C:\dev\toolchain\gradle\gradle-8.14.3\bin;C:\dev\toolchain\mingit\cmd;C:\dev\toolchain\flutter-sdk\flutter\bin;C:\Program Files (x86)\Common Files\Oracle\Java\javapath;C:\Windows\system32;C:\Windows;C:\Windows\System32\Wbem;C:\Windows\System32\WindowsPowerShell\v1.0\;C:\Windows\System32\OpenSSH\;C:\Program Files\dotnet\;C:\Users\eveli\AppData\Local\Microsoft\WindowsApps;C:\Users\eveli\AppData\Local\Programs\Devin\bin;C:\dev\toolchain\flutter-sdk\flutter\bin\mingit\cmd
USERNAME=eveli
OS=Windows_NT
PROCESSOR_IDENTIFIER=Intel64 Family 6 Model 140 Stepping 1, GenuineIntel
TMP=C:\Users\eveli\AppData\Local\Temp
TEMP=C:\Users\eveli\AppData\Local\Temp



Periodic native trim disabled


---------------  S Y S T E M  ---------------

OS:
 Windows 10 , 64 bit Build 19041 (10.0.19041.5915)
OS uptime: 2 days 1:19 hours

CPU: total 4 (initial active 4) (2 cores per cpu, 2 threads per core) family 6 model 140 stepping 1 microcode 0xbe, cx8, cmov, fxsr, ht, mmx, 3dnowpref, sse, sse2, sse3, ssse3, sse4.1, sse4.2, popcnt, lzcnt, tsc, tscinvbit, avx, avx2, aes, erms, clmul, bmi1, bmi2, adx, avx512f, avx512dq, avx512cd, avx512bw, avx512vl, sha, fma, vzeroupper, avx512_vpopcntdq, avx512_vpclmulqdq, avx512_vaes, avx512_vnni, clflush, clflushopt, clwb, avx512_vbmi2, avx512_vbmi
Processor Information for all 4 processors :
  Max Mhz: 2995, Current Mhz: 2995, Mhz Limit: 2995

Memory: 4k page, system-wide physical 3818M (212M free)
TotalPageFile size 15594M (AvailPageFile size 111M)
current process WorkingSet (physical memory assigned to process): 285M, peak: 285M
current process commit charge ("private bytes"): 408M, peak: 700M

vm_info: OpenJDK 64-Bit Server VM (17.0.20.1+1) for windows-amd64 JRE (17.0.20.1+1), built on Aug 18 2026 20:44:09 by "admin" with MS VC++ 17.12 (VS2022)

END.
